Log file created at: 2020/09/10 21:20:43
Running on machine: oneflow-14
Log line format: [IWEF]mmdd hh:mm:ss.uuuuuu threadid file:line] msg
I0910 21:20:43.667809  7947 global.h:32] NewGlobal 14cudaDeviceProp
I0910 21:20:43.699703  7947 global.h:32] NewGlobal N7oneflow7EnvDescE
I0910 21:20:43.699774  7947 global.h:32] NewGlobal N7oneflow10CtrlServerE
I0910 21:20:43.712790  7947 ctrl_server.cpp:54] CtrlServer listening on 0.0.0.0:55347
I0910 21:20:43.712944  7947 global.h:32] NewGlobal N7oneflow10CtrlClientE
I0910 21:20:43.714967  7947 ctrl_client.cpp:202] LoadServer 127.0.0.1 Successful at 0 times
I0910 21:20:43.715098  7947 global.h:32] NewGlobal N7oneflow10MachineCtxE
I0910 21:20:43.715123  7947 machine_context.cpp:33] this machine id: 0
I0910 21:20:43.715148  7947 global.h:32] NewGlobal N7oneflow12ResourceDescE
I0910 21:20:43.715173  7947 global.h:32] NewGlobal N7oneflow12ResourceDescE
I0910 21:20:43.715209  7947 global.h:32] NewGlobal N7oneflow10ThreadPoolE
I0910 21:20:43.716670  7947 global.h:32] NewGlobal N7oneflow2vm19VirtualMachineScopeE
I0910 21:20:43.716702  7947 global.h:32] NewGlobal N7oneflow9OneflowVME
I0910 21:20:43.737054  7947 global.h:32] NewGlobal N7oneflow27EagerJobBuildAndInferCtxMgrE
I0910 21:20:43.737103  7947 global.h:32] NewGlobal N7oneflow16EagerNcclCommMgrE
I0910 21:20:43.756306  7947 job_desc.cpp:79] Set piece_num_of_experiment_phase 19
I0910 21:20:43.762301  7947 global.h:37] DeleteGlobal N7oneflow12ResourceDescE
I0910 21:20:43.762337  7947 version.cpp:62] OneFlow git version: v0.2b0-snapshot
I0910 21:20:43.762364  7947 version.cpp:70] CUDA runtime version: 10.0
I0910 21:20:43.762380  7947 version.cpp:79] cuDNN version: 7.6.5
I0910 21:20:43.762390  7947 version.cpp:90] NCCL version: 2.7.3
I0910 21:20:43.762399  7947 global.h:32] NewGlobal N7oneflow12ResourceDescE
I0910 21:20:43.762419  7947 global.h:32] NewGlobal N7oneflow6IOConfE
I0910 21:20:43.762440  7947 global.h:32] NewGlobal N7oneflow12ProfilerConfE
I0910 21:20:43.762454  7947 global.h:32] NewGlobal N7oneflow5IDMgrE
I0910 21:20:43.763542  7947 global.h:32] NewGlobal N7oneflow16AvailableMemDescE
I0910 21:20:43.763933  7947 global.h:32] NewGlobal St13unordered_mapISslSt4hashISsESt8equal_toISsESaISt4pairIKSslEEE
I0910 21:20:43.763972  7947 global.h:32] NewGlobal N7oneflow19CriticalSectionDescE
I0910 21:20:43.763994  7947 global.h:32] NewGlobal N7oneflow16InterUserJobInfoE
I0910 21:20:43.764016  7947 global.h:32] NewGlobal N7oneflow26LazyJobBuildAndInferCtxMgrE
I0910 21:20:43.764036  7947 global.h:32] NewGlobal N7oneflow18LbiDiffWatcherInfoE
I0910 21:20:43.764058  7947 global.h:32] NewGlobal N7oneflow16JobSetCompileCtxE
I0910 21:20:43.764078  7947 global.h:32] NewGlobal N7oneflow26RuntimeBufferManagersScopeE
I0910 21:20:43.764091  7947 global.h:32] NewGlobal N7oneflow9BufferMgrIlEE
I0910 21:20:43.764108  7947 global.h:32] NewGlobal N7oneflow9BufferMgrISt10shared_ptrINS_18ForeignJobInstanceEEEE
I0910 21:20:43.764125  7947 oneflow_internal_helper.h:132] NewGlobal N7oneflow25SessionGlobalObjectsScopeE
I0910 21:20:43.768170  7947 job_desc.cpp:79] Set piece_num_of_experiment_phase 19
I0910 21:20:43.770442  7947 global.h:32] NewGlobal N7oneflow7JobDescE
I0910 21:20:43.770488  7947 job_desc.cpp:79] Set piece_num_of_experiment_phase 19
I0910 21:20:44.040839  7947 global.h:37] DeleteGlobal N7oneflow7JobDescE
I0910 21:20:44.040891  7947 global.h:32] NewGlobal N7oneflow7JobDescE
I0910 21:20:44.040921  7947 job_desc.cpp:79] Set piece_num_of_experiment_phase 19
I0910 21:20:44.268069  7947 global.h:37] DeleteGlobal N7oneflow7JobDescE
I0910 21:20:44.269604  7947 global.h:32] NewGlobal N7oneflow24InterJobReuseMemStrategyE
I0910 21:20:44.269639  7947 global.h:32] NewGlobal N7oneflow7OneflowE
I0910 21:20:44.271456  7947 job_desc.cpp:79] Set piece_num_of_experiment_phase 19
I0910 21:20:44.272193  7947 job_desc.cpp:79] Set piece_num_of_experiment_phase 19
I0910 21:20:44.272770  7947 job_desc.cpp:79] Set piece_num_of_experiment_phase 19
I0910 21:20:44.273036  7947 job_desc.cpp:79] Set piece_num_of_experiment_phase 19
I0910 21:20:44.273092  7947 job_desc.cpp:79] Set piece_num_of_experiment_phase 19
I0910 21:20:44.273433  7947 job_desc.cpp:79] Set piece_num_of_experiment_phase 19
I0910 21:20:44.273582  7947 job_desc.cpp:79] Set piece_num_of_experiment_phase 19
I0910 21:20:44.274957  7947 global.h:32] NewGlobal N7oneflow7JobDescE
I0910 21:20:44.275056  7947 job_desc.cpp:79] Set piece_num_of_experiment_phase 19
I0910 21:20:44.976843  7947 global.h:32] NewGlobal N7oneflow7OpGraphE
I0910 21:20:45.138589  7947 global.h:37] DeleteGlobal N7oneflow7OpGraphE
I0910 21:20:45.147678  7947 oneflow.cpp:294] compile time: 8.71905e+08
I0910 21:20:45.209090  7947 oneflow.cpp:301] push_pull_plan:9.33737e+08
I0910 21:20:45.219264  7947 oneflow.cpp:326] compile and improve time: 9.4412e+08
I0910 21:20:45.224463  7947 global.h:37] DeleteGlobal N7oneflow7JobDescE
I0910 21:20:45.224587  7947 global.h:32] NewGlobal N7oneflow7JobDescE
I0910 21:20:45.224663  7947 job_desc.cpp:79] Set piece_num_of_experiment_phase 19
I0910 21:20:45.416020  7947 global.h:32] NewGlobal N7oneflow7OpGraphE
I0910 21:20:45.470089  7947 global.h:37] DeleteGlobal N7oneflow7OpGraphE
I0910 21:20:45.473186  7947 oneflow.cpp:294] compile time: 2.48204e+08
I0910 21:20:45.500397  7947 oneflow.cpp:301] push_pull_plan:2.75572e+08
I0910 21:20:45.505105  7947 oneflow.cpp:326] compile and improve time: 2.80384e+08
I0910 21:20:45.506896  7947 global.h:37] DeleteGlobal N7oneflow7JobDescE
I0910 21:20:45.506968  7947 global.h:32] NewGlobal N7oneflow7JobDescE
I0910 21:20:45.507020  7947 job_desc.cpp:79] Set piece_num_of_experiment_phase 19
I0910 21:20:45.695595  7947 global.h:32] NewGlobal N7oneflow7OpGraphE
I0910 21:20:45.749398  7947 global.h:37] DeleteGlobal N7oneflow7OpGraphE
I0910 21:20:45.752456  7947 oneflow.cpp:294] compile time: 2.45131e+08
I0910 21:20:45.779611  7947 oneflow.cpp:301] push_pull_plan:2.72458e+08
I0910 21:20:45.784348  7947 oneflow.cpp:326] compile and improve time: 2.7728e+08
I0910 21:20:45.786129  7947 global.h:37] DeleteGlobal N7oneflow7JobDescE
I0910 21:20:45.786216  7947 global.h:32] NewGlobal N7oneflow7JobDescE
I0910 21:20:45.786271  7947 job_desc.cpp:79] Set piece_num_of_experiment_phase 19
I0910 21:20:45.954885  7947 global.h:32] NewGlobal N7oneflow7OpGraphE
I0910 21:20:46.009110  7947 global.h:37] DeleteGlobal N7oneflow7OpGraphE
I0910 21:20:46.012100  7947 oneflow.cpp:294] compile time: 2.25517e+08
I0910 21:20:46.038364  7947 oneflow.cpp:301] push_pull_plan:2.51963e+08
I0910 21:20:46.043609  7947 oneflow.cpp:326] compile and improve time: 2.57275e+08
I0910 21:20:46.045550  7947 global.h:37] DeleteGlobal N7oneflow7JobDescE
I0910 21:20:46.045608  7947 global.h:32] NewGlobal N7oneflow7JobDescE
I0910 21:20:46.045652  7947 job_desc.cpp:79] Set piece_num_of_experiment_phase 19
I0910 21:20:46.100111  7947 global.h:32] NewGlobal N7oneflow7OpGraphE
I0910 21:20:46.122633  7947 global.h:37] DeleteGlobal N7oneflow7OpGraphE
I0910 21:20:46.124228  7947 oneflow.cpp:294] compile time: 7.83813e+07
I0910 21:20:46.134575  7947 oneflow.cpp:301] push_pull_plan:8.8832e+07
I0910 21:20:46.136858  7947 oneflow.cpp:326] compile and improve time: 9.11583e+07
I0910 21:20:46.137805  7947 global.h:37] DeleteGlobal N7oneflow7JobDescE
I0910 21:20:46.166616  7947 global.h:32] NewGlobal N7oneflow7JobDescE
I0910 21:20:46.166769  7947 job_desc.cpp:79] Set piece_num_of_experiment_phase 19
I0910 21:20:46.166910  7947 global.h:32] NewGlobal N7oneflow7OpGraphE
I0910 21:20:46.231376  7947 global.h:37] DeleteGlobal N7oneflow7OpGraphE
I0910 21:20:46.234206  7947 oneflow.cpp:294] compile time: 6.70853e+07
I0910 21:20:46.252197  7947 oneflow.cpp:301] push_pull_plan:8.52157e+07
I0910 21:20:46.255838  7947 oneflow.cpp:326] compile and improve time: 8.8926e+07
I0910 21:20:46.257222  7947 global.h:37] DeleteGlobal N7oneflow7JobDescE
I0910 21:20:46.447830  7947 global.h:32] NewGlobal N7oneflow10RuntimeCtxE
I0910 21:20:46.447958  7947 global.h:32] NewGlobal N7oneflow6boxing10collective24CollectiveBoxingExecutorE
I0910 21:20:47.589109  7947 global.h:32] NewGlobal N7oneflow15MemoryAllocatorE
I0910 21:20:47.589275  7947 global.h:32] NewGlobal N7oneflow8RegstMgrE
I0910 21:20:47.614464  7947 global.h:32] NewGlobal N7oneflow11ActorMsgBusE
I0910 21:20:47.614734  7947 global.h:32] NewGlobal N7oneflow9ThreadMgrE
I0910 21:20:47.616868  7947 global.h:32] NewGlobal N7oneflow6boxing10collective31CollectiveBoxingDeviceCtxPollerE
I0910 21:20:47.617106  7947 global.h:32] NewGlobal N7oneflow15RuntimeJobDescsE
I0910 21:20:47.617203  7947 job_desc.cpp:79] Set piece_num_of_experiment_phase 19
I0910 21:20:47.617285  7947 job_desc.cpp:79] Set piece_num_of_experiment_phase 19
I0910 21:20:47.617336  7947 job_desc.cpp:79] Set piece_num_of_experiment_phase 19
I0910 21:20:47.617364  7947 job_desc.cpp:79] Set piece_num_of_experiment_phase 19
I0910 21:20:47.617394  7947 job_desc.cpp:79] Set piece_num_of_experiment_phase 19
I0910 21:20:47.617426  7947 job_desc.cpp:79] Set piece_num_of_experiment_phase 19
I0910 21:20:47.617449  7947 global.h:32] NewGlobal N7oneflow7summary12EventsWriterE
I0910 21:20:47.617624  7947 runtime_context.cpp:21] NewCounter constructing_actor_cnt 133
I0910 21:20:47.619936  8775 thread.cpp:77] thread 61 construct actor 268280837177344
I0910 21:20:47.619938  8769 thread.cpp:77] thread 55 construct actor 241892558110721
I0910 21:20:47.619966  8708 thread.cpp:77] thread 0 construct actor 20
I0910 21:20:47.623302  8769 tick_compute_actor.cpp:22] actor 241892558110721 switch to &TickComputeActor::HandlerNormal
I0910 21:20:47.623584  8769 runtime_context.cpp:27] DecreaseCounter constructing_actor_cnt, current val is 132
I0910 21:20:47.623634  8769 thread.cpp:77] thread 55 construct actor 241892558110732
I0910 21:20:47.623883  8708 tick_compute_actor.cpp:22] actor 20 switch to &TickComputeActor::HandlerNormal
I0910 21:20:47.624094  8708 runtime_context.cpp:27] DecreaseCounter constructing_actor_cnt, current val is 131
I0910 21:20:47.624161  8708 thread.cpp:77] thread 0 construct actor 21
I0910 21:20:47.625480  8769 tick_compute_actor.cpp:22] actor 241892558110732 switch to &TickComputeActor::HandlerNormal
I0910 21:20:47.625727  8769 runtime_context.cpp:27] DecreaseCounter constructing_actor_cnt, current val is 130
I0910 21:20:47.625787  8769 thread.cpp:77] thread 55 construct actor 241892558110743
I0910 21:20:47.627542  8769 tick_compute_actor.cpp:22] actor 241892558110743 switch to &TickComputeActor::HandlerNormal
I0910 21:20:47.627760  8769 runtime_context.cpp:27] DecreaseCounter constructing_actor_cnt, current val is 129
I0910 21:20:47.627801  8769 thread.cpp:77] thread 55 construct actor 241892558110754
I0910 21:20:47.629052  8708 tick_compute_actor.cpp:22] actor 21 switch to &TickComputeActor::HandlerNormal
I0910 21:20:47.629273  8708 runtime_context.cpp:27] DecreaseCounter constructing_actor_cnt, current val is 128
I0910 21:20:47.629341  8708 thread.cpp:77] thread 0 construct actor 28
I0910 21:20:47.629463  8769 tick_compute_actor.cpp:22] actor 241892558110754 switch to &TickComputeActor::HandlerNormal
I0910 21:20:47.629634  8769 runtime_context.cpp:27] DecreaseCounter constructing_actor_cnt, current val is 127
I0910 21:20:47.629701  8769 thread.cpp:77] thread 55 construct actor 241892558110758
I0910 21:20:47.631260  8708 tick_compute_actor.cpp:22] actor 28 switch to &TickComputeActor::HandlerNormal
I0910 21:20:47.631444  8708 runtime_context.cpp:27] DecreaseCounter constructing_actor_cnt, current val is 126
I0910 21:20:47.631486  8708 thread.cpp:77] thread 0 construct actor 29
I0910 21:20:47.632202  8769 tick_compute_actor.cpp:22] actor 241892558110758 switch to &TickComputeActor::HandlerNormal
I0910 21:20:47.632393  8769 runtime_context.cpp:27] DecreaseCounter constructing_actor_cnt, current val is 125
I0910 21:20:47.633124  8708 tick_compute_actor.cpp:22] actor 29 switch to &TickComputeActor::HandlerNormal
I0910 21:20:47.633366  8708 runtime_context.cpp:27] DecreaseCounter constructing_actor_cnt, current val is 124
I0910 21:20:47.633421  8708 thread.cpp:77] thread 0 construct actor 36
I0910 21:20:47.635100  8708 tick_compute_actor.cpp:22] actor 36 switch to &TickComputeActor::HandlerNormal
I0910 21:20:47.635320  8708 runtime_context.cpp:27] DecreaseCounter constructing_actor_cnt, current val is 123
I0910 21:20:47.635479  8708 thread.cpp:77] thread 0 construct actor 37
I0910 21:20:47.638275  8708 tick_compute_actor.cpp:22] actor 37 switch to &TickComputeActor::HandlerNormal
I0910 21:20:47.638509  8708 runtime_context.cpp:27] DecreaseCounter constructing_actor_cnt, current val is 122
I0910 21:20:47.638566  8708 thread.cpp:77] thread 0 construct actor 45
I0910 21:20:47.640349  8708 tick_compute_actor.cpp:22] actor 45 switch to &TickComputeActor::HandlerNormal
I0910 21:20:47.640595  8708 runtime_context.cpp:27] DecreaseCounter constructing_actor_cnt, current val is 121
I0910 21:20:47.640640  8708 thread.cpp:77] thread 0 construct actor 47
I0910 21:20:47.642163  8708 tick_compute_actor.cpp:22] actor 47 switch to &TickComputeActor::HandlerNormal
I0910 21:20:47.642364  8708 runtime_context.cpp:27] DecreaseCounter constructing_actor_cnt, current val is 120
I0910 21:20:47.642407  8708 thread.cpp:77] thread 0 construct actor 48
I0910 21:20:47.643954  8708 tick_compute_actor.cpp:22] actor 48 switch to &TickComputeActor::HandlerNormal
I0910 21:20:47.644124  8708 runtime_context.cpp:27] DecreaseCounter constructing_actor_cnt, current val is 119
I0910 21:20:47.654050  8708 thread.cpp:77] thread 0 construct actor 0
I0910 21:20:47.654151  8712 thread.cpp:77] thread 2 construct actor 8796093022208
I0910 21:20:47.654352  8720 thread.cpp:77] thread 6 construct actor 26388279066624
I0910 21:20:47.654353  8769 thread.cpp:77] thread 55 construct actor 241892558110722
I0910 21:20:47.654397  8722 thread.cpp:77] thread 8 construct actor 35184372088832
I0910 21:20:47.654400  8770 thread.cpp:77] thread 56 construct actor 246290604621824
I0910 21:20:47.654403  8772 thread.cpp:77] thread 58 construct actor 255086697644032
I0910 21:20:47.654407  8776 thread.cpp:77] thread 62 construct actor 272678883688448
I0910 21:20:47.654405  8721 thread.cpp:77] thread 7 construct actor 30786325577728
I0910 21:20:47.654397  8771 thread.cpp:77] thread 57 construct actor 250688651132928
I0910 21:20:47.654397  8773 thread.cpp:77] thread 59 construct actor 259484744155136
I0910 21:20:47.654475  8774 thread.cpp:77] thread 60 construct actor 263882790666240
I0910 21:20:47.656144  8708 normal_forward_compute_actor.cpp:28] actor 0 switch to &NormalForwardCompActor::HandlerNormal
I0910 21:20:47.656466  8708 runtime_context.cpp:27] DecreaseCounter constructing_actor_cnt, current val is 118
I0910 21:20:47.656531  8708 thread.cpp:77] thread 0 construct actor 1
I0910 21:20:47.656534  8720 normal_forward_compute_actor.cpp:28] actor 26388279066624 switch to &NormalForwardCompActor::HandlerNormal
I0910 21:20:47.656684  8721 normal_forward_compute_actor.cpp:28] actor 30786325577728 switch to &NormalForwardCompActor::HandlerNormal
I0910 21:20:47.656708  8776 sink_compute_actor.cpp:21] actor 272678883688448 switch to &SinkCompActor::HandlerNormal
I0910 21:20:47.656899  8721 runtime_context.cpp:27] DecreaseCounter constructing_actor_cnt, current val is 117
I0910 21:20:47.656908  8720 runtime_context.cpp:27] DecreaseCounter constructing_actor_cnt, current val is 116
I0910 21:20:47.656944  8772 normal_forward_compute_actor.cpp:28] actor 255086697644032 switch to &NormalForwardCompActor::HandlerNormal
I0910 21:20:47.656955  8712 copy_hd_actor.cpp:23] actor 8796093022208 switch to &CopyHdActor::HandlerNormal
I0910 21:20:47.656985  8776 runtime_context.cpp:27] DecreaseCounter constructing_actor_cnt, current val is 115
I0910 21:20:47.657054  8720 thread.cpp:77] thread 6 construct actor 26388279066625
I0910 21:20:47.657274  8772 runtime_context.cpp:27] DecreaseCounter constructing_actor_cnt, current val is 114
I0910 21:20:47.657279  8712 runtime_context.cpp:27] DecreaseCounter constructing_actor_cnt, current val is 113
I0910 21:20:47.657303  8770 normal_forward_compute_actor.cpp:28] actor 246290604621824 switch to &NormalForwardCompActor::HandlerNormal
I0910 21:20:47.657400  8712 thread.cpp:77] thread 2 construct actor 8796093022209
I0910 21:20:47.657510  8770 runtime_context.cpp:27] DecreaseCounter constructing_actor_cnt, current val is 112
I0910 21:20:47.657691  8722 normal_forward_compute_actor.cpp:28] actor 35184372088832 switch to &NormalForwardCompActor::HandlerNormal
I0910 21:20:47.657891  8769 tick_compute_actor.cpp:22] actor 241892558110722 switch to &TickComputeActor::HandlerNormal
I0910 21:20:47.657972  8722 runtime_context.cpp:27] DecreaseCounter constructing_actor_cnt, current val is 111
I0910 21:20:47.658130  8769 runtime_context.cpp:27] DecreaseCounter constructing_actor_cnt, current val is 110
I0910 21:20:47.658188  8769 thread.cpp:77] thread 55 construct actor 241892558110723
I0910 21:20:47.658265  8771 normal_forward_compute_actor.cpp:28] actor 250688651132928 switch to &NormalForwardCompActor::HandlerNormal
I0910 21:20:47.658382  8773 normal_forward_compute_actor.cpp:28] actor 259484744155136 switch to &NormalForwardCompActor::HandlerNormal
I0910 21:20:47.658489  8774 normal_forward_compute_actor.cpp:28] actor 263882790666240 switch to &NormalForwardCompActor::HandlerNormal
I0910 21:20:47.658533  8771 runtime_context.cpp:27] DecreaseCounter constructing_actor_cnt, current val is 109
I0910 21:20:47.658658  8773 runtime_context.cpp:27] DecreaseCounter constructing_actor_cnt, current val is 108
I0910 21:20:47.658707  8774 runtime_context.cpp:27] DecreaseCounter constructing_actor_cnt, current val is 107
I0910 21:20:47.659788  8712 copy_hd_actor.cpp:23] actor 8796093022209 switch to &CopyHdActor::HandlerNormal
I0910 21:20:47.659966  8712 runtime_context.cpp:27] DecreaseCounter constructing_actor_cnt, current val is 106
I0910 21:20:47.660017  8712 thread.cpp:77] thread 2 construct actor 8796093022210
I0910 21:20:47.660251  8769 tick_compute_actor.cpp:22] actor 241892558110723 switch to &TickComputeActor::HandlerNormal
I0910 21:20:47.660462  8769 runtime_context.cpp:27] DecreaseCounter constructing_actor_cnt, current val is 105
I0910 21:20:47.660542  8769 thread.cpp:77] thread 55 construct actor 241892558110724
I0910 21:20:47.661315  8708 normal_forward_compute_actor.cpp:28] actor 1 switch to &NormalForwardCompActor::HandlerNormal
I0910 21:20:47.661594  8708 runtime_context.cpp:27] DecreaseCounter constructing_actor_cnt, current val is 104
I0910 21:20:47.661653  8708 thread.cpp:77] thread 0 construct actor 2
I0910 21:20:47.662315  8712 copy_hd_actor.cpp:23] actor 8796093022210 switch to &CopyHdActor::HandlerNormal
I0910 21:20:47.662487  8712 runtime_context.cpp:27] DecreaseCounter constructing_actor_cnt, current val is 103
I0910 21:20:47.662530  8769 tick_compute_actor.cpp:22] actor 241892558110724 switch to &TickComputeActor::HandlerNormal
I0910 21:20:47.662546  8712 thread.cpp:77] thread 2 construct actor 8796093022211
I0910 21:20:47.662724  8769 runtime_context.cpp:27] DecreaseCounter constructing_actor_cnt, current val is 102
I0910 21:20:47.662784  8769 thread.cpp:77] thread 55 construct actor 241892558110725
I0910 21:20:47.662848  8720 normal_forward_compute_actor.cpp:28] actor 26388279066625 switch to &NormalForwardCompActor::HandlerNormal
I0910 21:20:47.663048  8720 runtime_context.cpp:27] DecreaseCounter constructing_actor_cnt, current val is 101
I0910 21:20:47.663095  8720 thread.cpp:77] thread 6 construct actor 26388279066626
I0910 21:20:47.663496  8708 normal_forward_compute_actor.cpp:28] actor 2 switch to &NormalForwardCompActor::HandlerNormal
I0910 21:20:47.663717  8708 runtime_context.cpp:27] DecreaseCounter constructing_actor_cnt, current val is 100
I0910 21:20:47.663769  8708 thread.cpp:77] thread 0 construct actor 3
I0910 21:20:47.664870  8712 copy_hd_actor.cpp:23] actor 8796093022211 switch to &CopyHdActor::HandlerNormal
I0910 21:20:47.664923  8769 tick_compute_actor.cpp:22] actor 241892558110725 switch to &TickComputeActor::HandlerNormal
I0910 21:20:47.665051  8712 runtime_context.cpp:27] DecreaseCounter constructing_actor_cnt, current val is 99
I0910 21:20:47.665102  8712 thread.cpp:77] thread 2 construct actor 8796093022212
I0910 21:20:47.665114  8769 runtime_context.cpp:27] DecreaseCounter constructing_actor_cnt, current val is 98
I0910 21:20:47.665154  8769 thread.cpp:77] thread 55 construct actor 241892558110785
I0910 21:20:47.667215  8769 esac_compute_actor.cpp:36] actor 241892558110785 switch to &EsacCompActor::HandlerNormal
I0910 21:20:47.667282  8712 copy_hd_actor.cpp:23] actor 8796093022212 switch to &CopyHdActor::HandlerNormal
I0910 21:20:47.667510  8712 runtime_context.cpp:27] DecreaseCounter constructing_actor_cnt, current val is 97
I0910 21:20:47.667527  8769 runtime_context.cpp:27] DecreaseCounter constructing_actor_cnt, current val is 96
I0910 21:20:47.667568  8712 thread.cpp:77] thread 2 construct actor 8796093022213
I0910 21:20:47.667606  8769 thread.cpp:77] thread 55 construct actor 241892558110727
I0910 21:20:47.668143  8708 normal_forward_compute_actor.cpp:28] actor 3 switch to &NormalForwardCompActor::HandlerNormal
I0910 21:20:47.668359  8720 normal_forward_compute_actor.cpp:28] actor 26388279066626 switch to &NormalForwardCompActor::HandlerNormal
I0910 21:20:47.668402  8708 runtime_context.cpp:27] DecreaseCounter constructing_actor_cnt, current val is 95
I0910 21:20:47.668442  8708 thread.cpp:77] thread 0 construct actor 4
I0910 21:20:47.668578  8720 runtime_context.cpp:27] DecreaseCounter constructing_actor_cnt, current val is 94
I0910 21:20:47.669451  8769 tick_compute_actor.cpp:22] actor 241892558110727 switch to &TickComputeActor::HandlerNormal
I0910 21:20:47.669652  8769 runtime_context.cpp:27] DecreaseCounter constructing_actor_cnt, current val is 93
I0910 21:20:47.669708  8769 thread.cpp:77] thread 55 construct actor 241892558110728
I0910 21:20:47.669751  8712 copy_hd_actor.cpp:23] actor 8796093022213 switch to &CopyHdActor::HandlerNormal
I0910 21:20:47.669898  8712 runtime_context.cpp:27] DecreaseCounter constructing_actor_cnt, current val is 92
I0910 21:20:47.669947  8712 thread.cpp:77] thread 2 construct actor 8796093022214
I0910 21:20:47.670053  8708 normal_forward_compute_actor.cpp:28] actor 4 switch to &NormalForwardCompActor::HandlerNormal
I0910 21:20:47.670219  8708 runtime_context.cpp:27] DecreaseCounter constructing_actor_cnt, current val is 91
I0910 21:20:47.670270  8708 thread.cpp:77] thread 0 construct actor 5
I0910 21:20:47.671545  8769 tick_compute_actor.cpp:22] actor 241892558110728 switch to &TickComputeActor::HandlerNormal
I0910 21:20:47.671746  8769 runtime_context.cpp:27] DecreaseCounter constructing_actor_cnt, current val is 90
I0910 21:20:47.671802  8769 thread.cpp:77] thread 55 construct actor 241892558110729
I0910 21:20:47.672106  8712 copy_hd_actor.cpp:23] actor 8796093022214 switch to &CopyHdActor::HandlerNormal
I0910 21:20:47.672277  8712 runtime_context.cpp:27] DecreaseCounter constructing_actor_cnt, current val is 89
I0910 21:20:47.672327  8712 thread.cpp:77] thread 2 construct actor 8796093022215
I0910 21:20:47.673751  8769 tick_compute_actor.cpp:22] actor 241892558110729 switch to &TickComputeActor::HandlerNormal
I0910 21:20:47.673947  8769 runtime_context.cpp:27] DecreaseCounter constructing_actor_cnt, current val is 88
I0910 21:20:47.673988  8769 thread.cpp:77] thread 55 construct actor 241892558110730
I0910 21:20:47.674494  8712 copy_hd_actor.cpp:23] actor 8796093022215 switch to &CopyHdActor::HandlerNormal
I0910 21:20:47.674523  8708 normal_forward_compute_actor.cpp:28] actor 5 switch to &NormalForwardCompActor::HandlerNormal
I0910 21:20:47.674677  8712 runtime_context.cpp:27] DecreaseCounter constructing_actor_cnt, current val is 87
I0910 21:20:47.674726  8712 thread.cpp:77] thread 2 construct actor 8796093022216
I0910 21:20:47.674788  8708 runtime_context.cpp:27] DecreaseCounter constructing_actor_cnt, current val is 86
I0910 21:20:47.674824  8708 thread.cpp:77] thread 0 construct actor 6
I0910 21:20:47.675768  8769 tick_compute_actor.cpp:22] actor 241892558110730 switch to &TickComputeActor::HandlerNormal
I0910 21:20:47.675951  8769 runtime_context.cpp:27] DecreaseCounter constructing_actor_cnt, current val is 85
I0910 21:20:47.675990  8769 thread.cpp:77] thread 55 construct actor 241892558110784
I0910 21:20:47.676818  8712 copy_hd_actor.cpp:23] actor 8796093022216 switch to &CopyHdActor::HandlerNormal
I0910 21:20:47.676985  8712 runtime_context.cpp:27] DecreaseCounter constructing_actor_cnt, current val is 84
I0910 21:20:47.677063  8712 thread.cpp:77] thread 2 construct actor 8796093022217
I0910 21:20:47.678102  8769 esac_compute_actor.cpp:36] actor 241892558110784 switch to &EsacCompActor::HandlerNormal
I0910 21:20:47.678406  8769 runtime_context.cpp:27] DecreaseCounter constructing_actor_cnt, current val is 83
I0910 21:20:47.678447  8769 thread.cpp:77] thread 55 construct actor 241892558110733
I0910 21:20:47.678583  8708 normal_forward_compute_actor.cpp:28] actor 6 switch to &NormalForwardCompActor::HandlerNormal
I0910 21:20:47.678812  8708 runtime_context.cpp:27] DecreaseCounter constructing_actor_cnt, current val is 82
I0910 21:20:47.678881  8708 thread.cpp:77] thread 0 construct actor 7
I0910 21:20:47.679119  8712 copy_hd_actor.cpp:23] actor 8796093022217 switch to &CopyHdActor::HandlerNormal
I0910 21:20:47.679282  8712 runtime_context.cpp:27] DecreaseCounter constructing_actor_cnt, current val is 81
I0910 21:20:47.679328  8712 thread.cpp:77] thread 2 construct actor 8796093022218
I0910 21:20:47.680294  8769 tick_compute_actor.cpp:22] actor 241892558110733 switch to &TickComputeActor::HandlerNormal
I0910 21:20:47.680492  8769 runtime_context.cpp:27] DecreaseCounter constructing_actor_cnt, current val is 80
I0910 21:20:47.680543  8769 thread.cpp:77] thread 55 construct actor 241892558110734
I0910 21:20:47.681365  8712 copy_hd_actor.cpp:23] actor 8796093022218 switch to &CopyHdActor::HandlerNormal
I0910 21:20:47.681522  8712 runtime_context.cpp:27] DecreaseCounter constructing_actor_cnt, current val is 79
I0910 21:20:47.681556  8712 thread.cpp:77] thread 2 construct actor 8796093022219
I0910 21:20:47.682240  8769 tick_compute_actor.cpp:22] actor 241892558110734 switch to &TickComputeActor::HandlerNormal
I0910 21:20:47.682430  8769 runtime_context.cpp:27] DecreaseCounter constructing_actor_cnt, current val is 78
I0910 21:20:47.682469  8769 thread.cpp:77] thread 55 construct actor 241892558110735
I0910 21:20:47.682705  8708 normal_forward_compute_actor.cpp:28] actor 7 switch to &NormalForwardCompActor::HandlerNormal
I0910 21:20:47.682931  8708 runtime_context.cpp:27] DecreaseCounter constructing_actor_cnt, current val is 77
I0910 21:20:47.682993  8708 thread.cpp:77] thread 0 construct actor 8
I0910 21:20:47.683586  8712 copy_hd_actor.cpp:23] actor 8796093022219 switch to &CopyHdActor::HandlerNormal
I0910 21:20:47.683775  8712 runtime_context.cpp:27] DecreaseCounter constructing_actor_cnt, current val is 76
I0910 21:20:47.683807  8712 thread.cpp:77] thread 2 construct actor 8796093022220
I0910 21:20:47.684168  8769 tick_compute_actor.cpp:22] actor 241892558110735 switch to &TickComputeActor::HandlerNormal
I0910 21:20:47.684361  8769 runtime_context.cpp:27] DecreaseCounter constructing_actor_cnt, current val is 75
I0910 21:20:47.684413  8769 thread.cpp:77] thread 55 construct actor 241892558110736
I0910 21:20:47.684535  8708 normal_forward_compute_actor.cpp:28] actor 8 switch to &NormalForwardCompActor::HandlerNormal
I0910 21:20:47.684689  8708 runtime_context.cpp:27] DecreaseCounter constructing_actor_cnt, current val is 74
I0910 21:20:47.684738  8708 thread.cpp:77] thread 0 construct actor 9
I0910 21:20:47.685847  8712 copy_hd_actor.cpp:23] actor 8796093022220 switch to &CopyHdActor::HandlerNormal
I0910 21:20:47.686014  8712 runtime_context.cpp:27] DecreaseCounter constructing_actor_cnt, current val is 73
I0910 21:20:47.686046  8712 thread.cpp:77] thread 2 construct actor 8796093022221
I0910 21:20:47.686228  8769 tick_compute_actor.cpp:22] actor 241892558110736 switch to &TickComputeActor::HandlerNormal
I0910 21:20:47.686415  8769 runtime_context.cpp:27] DecreaseCounter constructing_actor_cnt, current val is 72
I0910 21:20:47.686465  8769 thread.cpp:77] thread 55 construct actor 241892558110783
I0910 21:20:47.687978  8712 copy_hd_actor.cpp:23] actor 8796093022221 switch to &CopyHdActor::HandlerNormal
I0910 21:20:47.688055  8769 tick_compute_actor.cpp:22] actor 241892558110783 switch to &TickComputeActor::HandlerNormal
I0910 21:20:47.688128  8712 runtime_context.cpp:27] DecreaseCounter constructing_actor_cnt, current val is 71
I0910 21:20:47.688220  8769 runtime_context.cpp:27] DecreaseCounter constructing_actor_cnt, current val is 70
I0910 21:20:47.688231  8712 thread.cpp:77] thread 2 construct actor 8796093022222
I0910 21:20:47.688264  8769 thread.cpp:77] thread 55 construct actor 241892558110738
I0910 21:20:47.688484  8708 normal_forward_compute_actor.cpp:28] actor 9 switch to &NormalForwardCompActor::HandlerNormal
I0910 21:20:47.688717  8708 runtime_context.cpp:27] DecreaseCounter constructing_actor_cnt, current val is 69
I0910 21:20:47.688768  8708 thread.cpp:77] thread 0 construct actor 10
I0910 21:20:47.689908  8769 tick_compute_actor.cpp:22] actor 241892558110738 switch to &TickComputeActor::HandlerNormal
I0910 21:20:47.690079  8769 runtime_context.cpp:27] DecreaseCounter constructing_actor_cnt, current val is 68
I0910 21:20:47.690115  8769 thread.cpp:77] thread 55 construct actor 241892558110739
I0910 21:20:47.690198  8712 copy_hd_actor.cpp:23] actor 8796093022222 switch to &CopyHdActor::HandlerNormal
I0910 21:20:47.690207  8708 normal_forward_compute_actor.cpp:28] actor 10 switch to &NormalForwardCompActor::HandlerNormal
I0910 21:20:47.690346  8712 runtime_context.cpp:27] DecreaseCounter constructing_actor_cnt, current val is 67
I0910 21:20:47.690377  8708 runtime_context.cpp:27] DecreaseCounter constructing_actor_cnt, current val is 66
I0910 21:20:47.690392  8712 thread.cpp:77] thread 2 construct actor 8796093022223
I0910 21:20:47.690415  8708 thread.cpp:77] thread 0 construct actor 11
I0910 21:20:47.691702  8769 tick_compute_actor.cpp:22] actor 241892558110739 switch to &TickComputeActor::HandlerNormal
I0910 21:20:47.691910  8769 runtime_context.cpp:27] DecreaseCounter constructing_actor_cnt, current val is 65
I0910 21:20:47.691956  8769 thread.cpp:77] thread 55 construct actor 241892558110740
I0910 21:20:47.692349  8712 copy_hd_actor.cpp:23] actor 8796093022223 switch to &CopyHdActor::HandlerNormal
I0910 21:20:47.692497  8712 runtime_context.cpp:27] DecreaseCounter constructing_actor_cnt, current val is 64
I0910 21:20:47.693631  8769 tick_compute_actor.cpp:22] actor 241892558110740 switch to &TickComputeActor::HandlerNormal
I0910 21:20:47.693807  8769 runtime_context.cpp:27] DecreaseCounter constructing_actor_cnt, current val is 63
I0910 21:20:47.693845  8769 thread.cpp:77] thread 55 construct actor 241892558110741
I0910 21:20:47.694049  8708 normal_forward_compute_actor.cpp:28] actor 11 switch to &NormalForwardCompActor::HandlerNormal
I0910 21:20:47.694285  8708 runtime_context.cpp:27] DecreaseCounter constructing_actor_cnt, current val is 62
I0910 21:20:47.694334  8708 thread.cpp:77] thread 0 construct actor 12
I0910 21:20:47.695490  8769 tick_compute_actor.cpp:22] actor 241892558110741 switch to &TickComputeActor::HandlerNormal
I0910 21:20:47.695655  8769 runtime_context.cpp:27] DecreaseCounter constructing_actor_cnt, current val is 61
I0910 21:20:47.695689  8769 thread.cpp:77] thread 55 construct actor 241892558110782
I0910 21:20:47.697211  8769 tick_compute_actor.cpp:22] actor 241892558110782 switch to &TickComputeActor::HandlerNormal
I0910 21:20:47.697358  8775 wait_and_send_ids_compute_actor.cpp:27] actor 268280837177344 switch to &WaitAndSendIdsCompActor::HandlerWaitToStart
I0910 21:20:47.697376  8769 runtime_context.cpp:27] DecreaseCounter constructing_actor_cnt, current val is 60
I0910 21:20:47.697422  8769 thread.cpp:77] thread 55 construct actor 241892558110744
I0910 21:20:47.697492  8775 runtime_context.cpp:27] DecreaseCounter constructing_actor_cnt, current val is 59
I0910 21:20:47.697767  8708 normal_forward_compute_actor.cpp:28] actor 12 switch to &NormalForwardCompActor::HandlerNormal
I0910 21:20:47.697973  8708 runtime_context.cpp:27] DecreaseCounter constructing_actor_cnt, current val is 58
I0910 21:20:47.698005  8708 thread.cpp:77] thread 0 construct actor 13
I0910 21:20:47.699031  8769 tick_compute_actor.cpp:22] actor 241892558110744 switch to &TickComputeActor::HandlerNormal
I0910 21:20:47.699208  8769 runtime_context.cpp:27] DecreaseCounter constructing_actor_cnt, current val is 57
I0910 21:20:47.699262  8769 thread.cpp:77] thread 55 construct actor 241892558110745
I0910 21:20:47.700790  8769 tick_compute_actor.cpp:22] actor 241892558110745 switch to &TickComputeActor::HandlerNormal
I0910 21:20:47.700990  8769 runtime_context.cpp:27] DecreaseCounter constructing_actor_cnt, current val is 56
I0910 21:20:47.701025  8769 thread.cpp:77] thread 55 construct actor 241892558110746
I0910 21:20:47.701442  8708 normal_forward_compute_actor.cpp:28] actor 13 switch to &NormalForwardCompActor::HandlerNormal
I0910 21:20:47.701658  8708 runtime_context.cpp:27] DecreaseCounter constructing_actor_cnt, current val is 55
I0910 21:20:47.701707  8708 thread.cpp:77] thread 0 construct actor 14
I0910 21:20:47.702527  8769 tick_compute_actor.cpp:22] actor 241892558110746 switch to &TickComputeActor::HandlerNormal
I0910 21:20:47.702688  8769 runtime_context.cpp:27] DecreaseCounter constructing_actor_cnt, current val is 54
I0910 21:20:47.702723  8769 thread.cpp:77] thread 55 construct actor 241892558110747
I0910 21:20:47.703059  8708 normal_forward_compute_actor.cpp:28] actor 14 switch to &NormalForwardCompActor::HandlerNormal
I0910 21:20:47.703228  8708 runtime_context.cpp:27] DecreaseCounter constructing_actor_cnt, current val is 53
I0910 21:20:47.703259  8708 thread.cpp:77] thread 0 construct actor 15
I0910 21:20:47.704452  8769 tick_compute_actor.cpp:22] actor 241892558110747 switch to &TickComputeActor::HandlerNormal
I0910 21:20:47.704636  8769 runtime_context.cpp:27] DecreaseCounter constructing_actor_cnt, current val is 52
I0910 21:20:47.704682  8769 thread.cpp:77] thread 55 construct actor 241892558110781
I0910 21:20:47.706110  8769 tick_compute_actor.cpp:22] actor 241892558110781 switch to &TickComputeActor::HandlerNormal
I0910 21:20:47.706313  8769 runtime_context.cpp:27] DecreaseCounter constructing_actor_cnt, current val is 51
I0910 21:20:47.706346  8769 thread.cpp:77] thread 55 construct actor 241892558110749
I0910 21:20:47.706854  8708 normal_forward_compute_actor.cpp:28] actor 15 switch to &NormalForwardCompActor::HandlerNormal
I0910 21:20:47.707068  8708 runtime_context.cpp:27] DecreaseCounter constructing_actor_cnt, current val is 50
I0910 21:20:47.707101  8708 thread.cpp:77] thread 0 construct actor 16
I0910 21:20:47.707799  8769 tick_compute_actor.cpp:22] actor 241892558110749 switch to &TickComputeActor::HandlerNormal
I0910 21:20:47.707953  8769 runtime_context.cpp:27] DecreaseCounter constructing_actor_cnt, current val is 49
I0910 21:20:47.707988  8769 thread.cpp:77] thread 55 construct actor 241892558110750
I0910 21:20:47.708461  8708 normal_forward_compute_actor.cpp:28] actor 16 switch to &NormalForwardCompActor::HandlerNormal
I0910 21:20:47.708631  8708 runtime_context.cpp:27] DecreaseCounter constructing_actor_cnt, current val is 48
I0910 21:20:47.708673  8708 thread.cpp:77] thread 0 construct actor 17
I0910 21:20:47.709445  8769 tick_compute_actor.cpp:22] actor 241892558110750 switch to &TickComputeActor::HandlerNormal
I0910 21:20:47.709609  8769 runtime_context.cpp:27] DecreaseCounter constructing_actor_cnt, current val is 47
I0910 21:20:47.709641  8769 thread.cpp:77] thread 55 construct actor 241892558110751
I0910 21:20:47.711122  8769 tick_compute_actor.cpp:22] actor 241892558110751 switch to &TickComputeActor::HandlerNormal
I0910 21:20:47.711294  8769 runtime_context.cpp:27] DecreaseCounter constructing_actor_cnt, current val is 46
I0910 21:20:47.711328  8769 thread.cpp:77] thread 55 construct actor 241892558110752
I0910 21:20:47.712131  8708 normal_forward_compute_actor.cpp:28] actor 17 switch to &NormalForwardCompActor::HandlerNormal
I0910 21:20:47.712354  8708 runtime_context.cpp:27] DecreaseCounter constructing_actor_cnt, current val is 45
I0910 21:20:47.712397  8708 thread.cpp:77] thread 0 construct actor 18
I0910 21:20:47.712783  8769 tick_compute_actor.cpp:22] actor 241892558110752 switch to &TickComputeActor::HandlerNormal
I0910 21:20:47.712939  8769 runtime_context.cpp:27] DecreaseCounter constructing_actor_cnt, current val is 44
I0910 21:20:47.712970  8769 thread.cpp:77] thread 55 construct actor 241892558110780
I0910 21:20:47.714498  8769 tick_compute_actor.cpp:22] actor 241892558110780 switch to &TickComputeActor::HandlerNormal
I0910 21:20:47.714701  8769 runtime_context.cpp:27] DecreaseCounter constructing_actor_cnt, current val is 43
I0910 21:20:47.714751  8769 thread.cpp:77] thread 55 construct actor 241892558110755
I0910 21:20:47.715776  8708 normal_forward_compute_actor.cpp:28] actor 18 switch to &NormalForwardCompActor::HandlerNormal
I0910 21:20:47.715973  8708 runtime_context.cpp:27] DecreaseCounter constructing_actor_cnt, current val is 42
I0910 21:20:47.716004  8708 thread.cpp:77] thread 0 construct actor 19
I0910 21:20:47.716153  8769 tick_compute_actor.cpp:22] actor 241892558110755 switch to &TickComputeActor::HandlerNormal
I0910 21:20:47.716316  8769 runtime_context.cpp:27] DecreaseCounter constructing_actor_cnt, current val is 41
I0910 21:20:47.716361  8769 thread.cpp:77] thread 55 construct actor 241892558110756
I0910 21:20:47.717329  8708 tick_compute_actor.cpp:22] actor 19 switch to &TickComputeActor::HandlerNormal
I0910 21:20:47.717469  8708 runtime_context.cpp:27] DecreaseCounter constructing_actor_cnt, current val is 40
I0910 21:20:47.717514  8708 thread.cpp:77] thread 0 construct actor 22
I0910 21:20:47.717720  8769 tick_compute_actor.cpp:22] actor 241892558110756 switch to &TickComputeActor::HandlerNormal
I0910 21:20:47.717866  8769 runtime_context.cpp:27] DecreaseCounter constructing_actor_cnt, current val is 39
I0910 21:20:47.717909  8769 thread.cpp:77] thread 55 construct actor 241892558110757
I0910 21:20:47.718904  8708 normal_forward_compute_actor.cpp:28] actor 22 switch to &NormalForwardCompActor::HandlerNormal
I0910 21:20:47.719048  8708 runtime_context.cpp:27] DecreaseCounter constructing_actor_cnt, current val is 38
I0910 21:20:47.719077  8708 thread.cpp:77] thread 0 construct actor 23
I0910 21:20:47.719348  8769 tick_compute_actor.cpp:22] actor 241892558110757 switch to &TickComputeActor::HandlerNormal
I0910 21:20:47.719506  8769 runtime_context.cpp:27] DecreaseCounter constructing_actor_cnt, current val is 37
I0910 21:20:47.719538  8769 thread.cpp:77] thread 55 construct actor 241892558110759
I0910 21:20:47.720451  8708 normal_forward_compute_actor.cpp:28] actor 23 switch to &NormalForwardCompActor::HandlerNormal
I0910 21:20:47.720618  8708 runtime_context.cpp:27] DecreaseCounter constructing_actor_cnt, current val is 36
I0910 21:20:47.720651  8708 thread.cpp:77] thread 0 construct actor 24
I0910 21:20:47.721076  8769 tick_compute_actor.cpp:22] actor 241892558110759 switch to &TickComputeActor::HandlerNormal
I0910 21:20:47.721262  8769 runtime_context.cpp:27] DecreaseCounter constructing_actor_cnt, current val is 35
I0910 21:20:47.721305  8769 thread.cpp:77] thread 55 construct actor 241892558110779
I0910 21:20:47.722044  8708 normal_forward_compute_actor.cpp:28] actor 24 switch to &NormalForwardCompActor::HandlerNormal
I0910 21:20:47.722214  8708 runtime_context.cpp:27] DecreaseCounter constructing_actor_cnt, current val is 34
I0910 21:20:47.722261  8708 thread.cpp:77] thread 0 construct actor 25
I0910 21:20:47.722683  8769 tick_compute_actor.cpp:22] actor 241892558110779 switch to &TickComputeActor::HandlerNormal
I0910 21:20:47.722834  8769 runtime_context.cpp:27] DecreaseCounter constructing_actor_cnt, current val is 33
I0910 21:20:47.722875  8769 thread.cpp:77] thread 55 construct actor 241892558110761
I0910 21:20:47.723640  8708 normal_forward_compute_actor.cpp:28] actor 25 switch to &NormalForwardCompActor::HandlerNormal
I0910 21:20:47.723829  8708 runtime_context.cpp:27] DecreaseCounter constructing_actor_cnt, current val is 32
I0910 21:20:47.723872  8708 thread.cpp:77] thread 0 construct actor 26
I0910 21:20:47.724315  8769 tick_compute_actor.cpp:22] actor 241892558110761 switch to &TickComputeActor::HandlerNormal
I0910 21:20:47.724465  8769 runtime_context.cpp:27] DecreaseCounter constructing_actor_cnt, current val is 31
I0910 21:20:47.724514  8769 thread.cpp:77] thread 55 construct actor 241892558110762
I0910 21:20:47.725225  8708 normal_forward_compute_actor.cpp:28] actor 26 switch to &NormalForwardCompActor::HandlerNormal
I0910 21:20:47.725391  8708 runtime_context.cpp:27] DecreaseCounter constructing_actor_cnt, current val is 30
I0910 21:20:47.725446  8708 thread.cpp:77] thread 0 construct actor 27
I0910 21:20:47.725853  8769 tick_compute_actor.cpp:22] actor 241892558110762 switch to &TickComputeActor::HandlerNormal
I0910 21:20:47.726006  8769 runtime_context.cpp:27] DecreaseCounter constructing_actor_cnt, current val is 29
I0910 21:20:47.726052  8769 thread.cpp:77] thread 55 construct actor 241892558110763
I0910 21:20:47.726758  8708 normal_forward_compute_actor.cpp:28] actor 27 switch to &NormalForwardCompActor::HandlerNormal
I0910 21:20:47.726899  8708 runtime_context.cpp:27] DecreaseCounter constructing_actor_cnt, current val is 28
I0910 21:20:47.726943  8708 thread.cpp:77] thread 0 construct actor 30
I0910 21:20:47.727412  8769 tick_compute_actor.cpp:22] actor 241892558110763 switch to &TickComputeActor::HandlerNormal
I0910 21:20:47.727560  8769 runtime_context.cpp:27] DecreaseCounter constructing_actor_cnt, current val is 27
I0910 21:20:47.727607  8769 thread.cpp:77] thread 55 construct actor 241892558110764
I0910 21:20:47.728266  8708 normal_forward_compute_actor.cpp:28] actor 30 switch to &NormalForwardCompActor::HandlerNormal
I0910 21:20:47.728406  8708 runtime_context.cpp:27] DecreaseCounter constructing_actor_cnt, current val is 26
I0910 21:20:47.728448  8708 thread.cpp:77] thread 0 construct actor 31
I0910 21:20:47.728991  8769 tick_compute_actor.cpp:22] actor 241892558110764 switch to &TickComputeActor::HandlerNormal
I0910 21:20:47.729140  8769 runtime_context.cpp:27] DecreaseCounter constructing_actor_cnt, current val is 25
I0910 21:20:47.729171  8769 thread.cpp:77] thread 55 construct actor 241892558110778
I0910 21:20:47.729759  8708 normal_forward_compute_actor.cpp:28] actor 31 switch to &NormalForwardCompActor::HandlerNormal
I0910 21:20:47.729899  8708 runtime_context.cpp:27] DecreaseCounter constructing_actor_cnt, current val is 24
I0910 21:20:47.729949  8708 thread.cpp:77] thread 0 construct actor 32
I0910 21:20:47.730543  8769 tick_compute_actor.cpp:22] actor 241892558110778 switch to &TickComputeActor::HandlerNormal
I0910 21:20:47.730690  8769 runtime_context.cpp:27] DecreaseCounter constructing_actor_cnt, current val is 23
I0910 21:20:47.730721  8769 thread.cpp:77] thread 55 construct actor 241892558110766
I0910 21:20:47.731267  8708 normal_forward_compute_actor.cpp:28] actor 32 switch to &NormalForwardCompActor::HandlerNormal
I0910 21:20:47.731418  8708 runtime_context.cpp:27] DecreaseCounter constructing_actor_cnt, current val is 22
I0910 21:20:47.731459  8708 thread.cpp:77] thread 0 construct actor 33
I0910 21:20:47.732087  8769 tick_compute_actor.cpp:22] actor 241892558110766 switch to &TickComputeActor::HandlerNormal
I0910 21:20:47.732244  8769 runtime_context.cpp:27] DecreaseCounter constructing_actor_cnt, current val is 21
I0910 21:20:47.732291  8769 thread.cpp:77] thread 55 construct actor 241892558110767
I0910 21:20:47.732764  8708 normal_forward_compute_actor.cpp:28] actor 33 switch to &NormalForwardCompActor::HandlerNormal
I0910 21:20:47.732905  8708 runtime_context.cpp:27] DecreaseCounter constructing_actor_cnt, current val is 20
I0910 21:20:47.732946  8708 thread.cpp:77] thread 0 construct actor 34
I0910 21:20:47.733644  8769 tick_compute_actor.cpp:22] actor 241892558110767 switch to &TickComputeActor::HandlerNormal
I0910 21:20:47.733801  8769 runtime_context.cpp:27] DecreaseCounter constructing_actor_cnt, current val is 19
I0910 21:20:47.733850  8769 thread.cpp:77] thread 55 construct actor 241892558110768
I0910 21:20:47.734261  8708 normal_forward_compute_actor.cpp:28] actor 34 switch to &NormalForwardCompActor::HandlerNormal
I0910 21:20:47.734406  8708 runtime_context.cpp:27] DecreaseCounter constructing_actor_cnt, current val is 18
I0910 21:20:47.734447  8708 thread.cpp:77] thread 0 construct actor 35
I0910 21:20:47.735298  8769 tick_compute_actor.cpp:22] actor 241892558110768 switch to &TickComputeActor::HandlerNormal
I0910 21:20:47.735466  8769 runtime_context.cpp:27] DecreaseCounter constructing_actor_cnt, current val is 17
I0910 21:20:47.735581  8769 thread.cpp:77] thread 55 construct actor 241892558110777
I0910 21:20:47.735780  8708 normal_forward_compute_actor.cpp:28] actor 35 switch to &NormalForwardCompActor::HandlerNormal
I0910 21:20:47.735929  8708 runtime_context.cpp:27] DecreaseCounter constructing_actor_cnt, current val is 16
I0910 21:20:47.735991  8708 thread.cpp:77] thread 0 construct actor 38
I0910 21:20:47.736910  8769 tick_compute_actor.cpp:22] actor 241892558110777 switch to &TickComputeActor::HandlerNormal
I0910 21:20:47.737056  8769 runtime_context.cpp:27] DecreaseCounter constructing_actor_cnt, current val is 15
I0910 21:20:47.737087  8769 thread.cpp:77] thread 55 construct actor 241892558110770
I0910 21:20:47.737217  8708 normal_forward_compute_actor.cpp:28] actor 38 switch to &NormalForwardCompActor::HandlerNormal
I0910 21:20:47.737339  8708 runtime_context.cpp:27] DecreaseCounter constructing_actor_cnt, current val is 14
I0910 21:20:47.737377  8708 thread.cpp:77] thread 0 construct actor 39
I0910 21:20:47.738422  8769 tick_compute_actor.cpp:22] actor 241892558110770 switch to &TickComputeActor::HandlerNormal
I0910 21:20:47.738566  8769 runtime_context.cpp:27] DecreaseCounter constructing_actor_cnt, current val is 13
I0910 21:20:47.738607  8769 thread.cpp:77] thread 55 construct actor 241892558110771
I0910 21:20:47.738605  8708 normal_forward_compute_actor.cpp:28] actor 39 switch to &NormalForwardCompActor::HandlerNormal
I0910 21:20:47.738762  8708 runtime_context.cpp:27] DecreaseCounter constructing_actor_cnt, current val is 12
I0910 21:20:47.738790  8708 thread.cpp:77] thread 0 construct actor 40
I0910 21:20:47.739924  8769 tick_compute_actor.cpp:22] actor 241892558110771 switch to &TickComputeActor::HandlerNormal
I0910 21:20:47.740031  8708 normal_forward_compute_actor.cpp:28] actor 40 switch to &NormalForwardCompActor::HandlerNormal
I0910 21:20:47.740067  8769 runtime_context.cpp:27] DecreaseCounter constructing_actor_cnt, current val is 11
I0910 21:20:47.740108  8769 thread.cpp:77] thread 55 construct actor 241892558110772
I0910 21:20:47.740164  8708 runtime_context.cpp:27] DecreaseCounter constructing_actor_cnt, current val is 10
I0910 21:20:47.740222  8708 thread.cpp:77] thread 0 construct actor 41
I0910 21:20:47.741483  8708 normal_forward_compute_actor.cpp:28] actor 41 switch to &NormalForwardCompActor::HandlerNormal
I0910 21:20:47.741591  8769 reentrant_lock_compute_actor.cpp:37] actor 241892558110772 switch to &ReentrantLockCompActor::HandlerNormal
I0910 21:20:47.741619  8708 runtime_context.cpp:27] DecreaseCounter constructing_actor_cnt, current val is 9
I0910 21:20:47.741668  8708 thread.cpp:77] thread 0 construct actor 42
I0910 21:20:47.741744  8769 runtime_context.cpp:27] DecreaseCounter constructing_actor_cnt, current val is 8
I0910 21:20:47.741786  8769 thread.cpp:77] thread 55 construct actor 241892558110773
I0910 21:20:47.742909  8708 normal_forward_compute_actor.cpp:28] actor 42 switch to &NormalForwardCompActor::HandlerNormal
I0910 21:20:47.743046  8708 runtime_context.cpp:27] DecreaseCounter constructing_actor_cnt, current val is 7
I0910 21:20:47.743084  8708 thread.cpp:77] thread 0 construct actor 43
I0910 21:20:47.744341  8708 normal_forward_compute_actor.cpp:28] actor 43 switch to &NormalForwardCompActor::HandlerNormal
I0910 21:20:47.744486  8708 runtime_context.cpp:27] DecreaseCounter constructing_actor_cnt, current val is 6
I0910 21:20:47.744515  8708 thread.cpp:77] thread 0 construct actor 44
I0910 21:20:47.745695  8708 tick_compute_actor.cpp:22] actor 44 switch to &TickComputeActor::HandlerNormal
I0910 21:20:47.745821  8708 runtime_context.cpp:27] DecreaseCounter constructing_actor_cnt, current val is 5
I0910 21:20:47.745847  8708 thread.cpp:77] thread 0 construct actor 46
I0910 21:20:47.747014  8708 normal_forward_compute_actor.cpp:28] actor 46 switch to &NormalForwardCompActor::HandlerNormal
I0910 21:20:47.747148  8708 runtime_context.cpp:27] DecreaseCounter constructing_actor_cnt, current val is 4
I0910 21:20:47.749773  8769 case_compute_actor.cpp:31] actor 241892558110773 switch to &CaseCompActor::HandlerNormal
I0910 21:20:47.750015  8769 runtime_context.cpp:27] DecreaseCounter constructing_actor_cnt, current val is 3
I0910 21:20:47.750067  8769 thread.cpp:77] thread 55 construct actor 241892558110774
I0910 21:20:47.751344  8769 tick_compute_actor.cpp:22] actor 241892558110774 switch to &TickComputeActor::HandlerNormal
I0910 21:20:47.751483  8769 runtime_context.cpp:27] DecreaseCounter constructing_actor_cnt, current val is 2
I0910 21:20:47.751513  8769 thread.cpp:77] thread 55 construct actor 241892558110775
I0910 21:20:47.752763  8769 tick_compute_actor.cpp:22] actor 241892558110775 switch to &TickComputeActor::HandlerNormal
I0910 21:20:47.752892  8769 runtime_context.cpp:27] DecreaseCounter constructing_actor_cnt, current val is 1
