Log file created at: 2020/09/10 21:23:08
Running on machine: oneflow-14
Log line format: [IWEF]mmdd hh:mm:ss.uuuuuu threadid file:line] msg
I0910 21:23:08.423018 12395 global.h:32] NewGlobal 14cudaDeviceProp
I0910 21:23:08.456665 12395 global.h:32] NewGlobal N7oneflow7EnvDescE
I0910 21:23:08.456735 12395 global.h:32] NewGlobal N7oneflow10CtrlServerE
I0910 21:23:08.468690 12395 ctrl_server.cpp:54] CtrlServer listening on 0.0.0.0:48113
I0910 21:23:08.468824 12395 global.h:32] NewGlobal N7oneflow10CtrlClientE
I0910 21:23:08.470293 12395 ctrl_client.cpp:202] LoadServer 127.0.0.1 Successful at 0 times
I0910 21:23:08.470403 12395 global.h:32] NewGlobal N7oneflow10MachineCtxE
I0910 21:23:08.470425 12395 machine_context.cpp:33] this machine id: 0
I0910 21:23:08.470448 12395 global.h:32] NewGlobal N7oneflow12ResourceDescE
I0910 21:23:08.470469 12395 global.h:32] NewGlobal N7oneflow12ResourceDescE
I0910 21:23:08.470487 12395 global.h:32] NewGlobal N7oneflow10ThreadPoolE
I0910 21:23:08.471735 12395 global.h:32] NewGlobal N7oneflow2vm19VirtualMachineScopeE
I0910 21:23:08.471765 12395 global.h:32] NewGlobal N7oneflow9OneflowVME
I0910 21:23:08.490022 12395 global.h:32] NewGlobal N7oneflow27EagerJobBuildAndInferCtxMgrE
I0910 21:23:08.490065 12395 global.h:32] NewGlobal N7oneflow16EagerNcclCommMgrE
I0910 21:23:08.507656 12395 job_desc.cpp:79] Set piece_num_of_experiment_phase 19
I0910 21:23:08.512980 12395 global.h:37] DeleteGlobal N7oneflow12ResourceDescE
I0910 21:23:08.513012 12395 version.cpp:62] OneFlow git version: v0.2b0-snapshot
I0910 21:23:08.513036 12395 version.cpp:70] CUDA runtime version: 10.0
I0910 21:23:08.513051 12395 version.cpp:79] cuDNN version: 7.6.5
I0910 21:23:08.513061 12395 version.cpp:90] NCCL version: 2.7.3
I0910 21:23:08.513069 12395 global.h:32] NewGlobal N7oneflow12ResourceDescE
I0910 21:23:08.513088 12395 global.h:32] NewGlobal N7oneflow6IOConfE
I0910 21:23:08.513108 12395 global.h:32] NewGlobal N7oneflow12ProfilerConfE
I0910 21:23:08.513123 12395 global.h:32] NewGlobal N7oneflow5IDMgrE
I0910 21:23:08.514160 12395 global.h:32] NewGlobal N7oneflow16AvailableMemDescE
I0910 21:23:08.514503 12395 global.h:32] NewGlobal St13unordered_mapISslSt4hashISsESt8equal_toISsESaISt4pairIKSslEEE
I0910 21:23:08.514537 12395 global.h:32] NewGlobal N7oneflow19CriticalSectionDescE
I0910 21:23:08.514559 12395 global.h:32] NewGlobal N7oneflow16InterUserJobInfoE
I0910 21:23:08.514580 12395 global.h:32] NewGlobal N7oneflow26LazyJobBuildAndInferCtxMgrE
I0910 21:23:08.514597 12395 global.h:32] NewGlobal N7oneflow18LbiDiffWatcherInfoE
I0910 21:23:08.514618 12395 global.h:32] NewGlobal N7oneflow16JobSetCompileCtxE
I0910 21:23:08.514639 12395 global.h:32] NewGlobal N7oneflow26RuntimeBufferManagersScopeE
I0910 21:23:08.514652 12395 global.h:32] NewGlobal N7oneflow9BufferMgrIlEE
I0910 21:23:08.514667 12395 global.h:32] NewGlobal N7oneflow9BufferMgrISt10shared_ptrINS_18ForeignJobInstanceEEEE
I0910 21:23:08.514684 12395 oneflow_internal_helper.h:132] NewGlobal N7oneflow25SessionGlobalObjectsScopeE
I0910 21:23:08.518429 12395 job_desc.cpp:79] Set piece_num_of_experiment_phase 19
I0910 21:23:08.520413 12395 global.h:32] NewGlobal N7oneflow7JobDescE
I0910 21:23:08.520454 12395 job_desc.cpp:79] Set piece_num_of_experiment_phase 19
I0910 21:23:08.799114 12395 global.h:37] DeleteGlobal N7oneflow7JobDescE
I0910 21:23:08.799160 12395 global.h:32] NewGlobal N7oneflow7JobDescE
I0910 21:23:08.799196 12395 job_desc.cpp:79] Set piece_num_of_experiment_phase 19
I0910 21:23:09.027982 12395 global.h:37] DeleteGlobal N7oneflow7JobDescE
I0910 21:23:09.029381 12395 global.h:32] NewGlobal N7oneflow24InterJobReuseMemStrategyE
I0910 21:23:09.029412 12395 global.h:32] NewGlobal N7oneflow7OneflowE
I0910 21:23:09.030961 12395 job_desc.cpp:79] Set piece_num_of_experiment_phase 19
I0910 21:23:09.031539 12395 job_desc.cpp:79] Set piece_num_of_experiment_phase 19
I0910 21:23:09.031997 12395 job_desc.cpp:79] Set piece_num_of_experiment_phase 19
I0910 21:23:09.032243 12395 job_desc.cpp:79] Set piece_num_of_experiment_phase 19
I0910 21:23:09.032294 12395 job_desc.cpp:79] Set piece_num_of_experiment_phase 19
I0910 21:23:09.032609 12395 job_desc.cpp:79] Set piece_num_of_experiment_phase 19
I0910 21:23:09.032658 12395 job_desc.cpp:79] Set piece_num_of_experiment_phase 19
I0910 21:23:09.033376 12395 global.h:32] NewGlobal N7oneflow7JobDescE
I0910 21:23:09.033433 12395 job_desc.cpp:79] Set piece_num_of_experiment_phase 19
I0910 21:23:09.416906 12395 global.h:32] NewGlobal N7oneflow7OpGraphE
I0910 21:23:09.516186 12395 global.h:37] DeleteGlobal N7oneflow7OpGraphE
I0910 21:23:09.520998 12395 oneflow.cpp:294] compile time: 4.87233e+08
I0910 21:23:09.558593 12395 oneflow.cpp:301] push_pull_plan:5.24966e+08
I0910 21:23:09.565853 12395 oneflow.cpp:326] compile and improve time: 5.32368e+08
I0910 21:23:09.569658 12395 global.h:37] DeleteGlobal N7oneflow7JobDescE
I0910 21:23:09.569749 12395 global.h:32] NewGlobal N7oneflow7JobDescE
I0910 21:23:09.569805 12395 job_desc.cpp:79] Set piece_num_of_experiment_phase 19
I0910 21:23:09.719604 12395 global.h:32] NewGlobal N7oneflow7OpGraphE
I0910 21:23:09.762861 12395 global.h:37] DeleteGlobal N7oneflow7OpGraphE
I0910 21:23:09.765548 12395 oneflow.cpp:294] compile time: 1.95452e+08
I0910 21:23:09.788287 12395 oneflow.cpp:301] push_pull_plan:2.18364e+08
I0910 21:23:09.792258 12395 oneflow.cpp:326] compile and improve time: 2.22409e+08
I0910 21:23:09.793792 12395 global.h:37] DeleteGlobal N7oneflow7JobDescE
I0910 21:23:09.793848 12395 global.h:32] NewGlobal N7oneflow7JobDescE
I0910 21:23:09.793895 12395 job_desc.cpp:79] Set piece_num_of_experiment_phase 19
I0910 21:23:09.940922 12395 global.h:32] NewGlobal N7oneflow7OpGraphE
I0910 21:23:09.983060 12395 global.h:37] DeleteGlobal N7oneflow7OpGraphE
I0910 21:23:09.985695 12395 oneflow.cpp:294] compile time: 1.9156e+08
I0910 21:23:10.008671 12395 oneflow.cpp:301] push_pull_plan:2.14673e+08
I0910 21:23:10.012601 12395 oneflow.cpp:326] compile and improve time: 2.18672e+08
I0910 21:23:10.014207 12395 global.h:37] DeleteGlobal N7oneflow7JobDescE
I0910 21:23:10.014266 12395 global.h:32] NewGlobal N7oneflow7JobDescE
I0910 21:23:10.014315 12395 job_desc.cpp:79] Set piece_num_of_experiment_phase 19
I0910 21:23:10.161715 12395 global.h:32] NewGlobal N7oneflow7OpGraphE
I0910 21:23:10.210424 12395 global.h:37] DeleteGlobal N7oneflow7OpGraphE
I0910 21:23:10.213539 12395 oneflow.cpp:294] compile time: 1.98904e+08
I0910 21:23:10.238592 12395 oneflow.cpp:301] push_pull_plan:2.24141e+08
I0910 21:23:10.243778 12395 oneflow.cpp:326] compile and improve time: 2.29423e+08
I0910 21:23:10.245820 12395 global.h:37] DeleteGlobal N7oneflow7JobDescE
I0910 21:23:10.245909 12395 global.h:32] NewGlobal N7oneflow7JobDescE
I0910 21:23:10.245949 12395 job_desc.cpp:79] Set piece_num_of_experiment_phase 19
I0910 21:23:10.300444 12395 global.h:32] NewGlobal N7oneflow7OpGraphE
I0910 21:23:10.323745 12395 global.h:37] DeleteGlobal N7oneflow7OpGraphE
I0910 21:23:10.325314 12395 oneflow.cpp:294] compile time: 7.91734e+07
I0910 21:23:10.335407 12395 oneflow.cpp:301] push_pull_plan:8.93565e+07
I0910 21:23:10.337736 12395 oneflow.cpp:326] compile and improve time: 9.17386e+07
I0910 21:23:10.338676 12395 global.h:37] DeleteGlobal N7oneflow7JobDescE
I0910 21:23:10.365834 12395 global.h:32] NewGlobal N7oneflow7JobDescE
I0910 21:23:10.365937 12395 job_desc.cpp:79] Set piece_num_of_experiment_phase 19
I0910 21:23:10.365973 12395 global.h:32] NewGlobal N7oneflow7OpGraphE
I0910 21:23:10.402421 12395 global.h:37] DeleteGlobal N7oneflow7OpGraphE
I0910 21:23:10.404539 12395 oneflow.cpp:294] compile time: 3.84051e+07
I0910 21:23:10.418002 12395 oneflow.cpp:301] push_pull_plan:5.19764e+07
I0910 21:23:10.420931 12395 oneflow.cpp:326] compile and improve time: 5.49527e+07
I0910 21:23:10.422087 12395 global.h:37] DeleteGlobal N7oneflow7JobDescE
I0910 21:23:10.579263 12395 global.h:32] NewGlobal N7oneflow10RuntimeCtxE
I0910 21:23:10.579368 12395 global.h:32] NewGlobal N7oneflow6boxing10collective24CollectiveBoxingExecutorE
I0910 21:23:11.702531 12395 global.h:32] NewGlobal N7oneflow15MemoryAllocatorE
I0910 21:23:11.702744 12395 global.h:32] NewGlobal N7oneflow8RegstMgrE
I0910 21:23:11.727646 12395 global.h:32] NewGlobal N7oneflow11ActorMsgBusE
I0910 21:23:11.727819 12395 global.h:32] NewGlobal N7oneflow9ThreadMgrE
I0910 21:23:11.729915 12395 global.h:32] NewGlobal N7oneflow6boxing10collective31CollectiveBoxingDeviceCtxPollerE
I0910 21:23:11.730141 12395 global.h:32] NewGlobal N7oneflow15RuntimeJobDescsE
I0910 21:23:11.730238 12395 job_desc.cpp:79] Set piece_num_of_experiment_phase 19
I0910 21:23:11.730316 12395 job_desc.cpp:79] Set piece_num_of_experiment_phase 19
I0910 21:23:11.730363 12395 job_desc.cpp:79] Set piece_num_of_experiment_phase 19
I0910 21:23:11.730393 12395 job_desc.cpp:79] Set piece_num_of_experiment_phase 19
I0910 21:23:11.730425 12395 job_desc.cpp:79] Set piece_num_of_experiment_phase 19
I0910 21:23:11.730485 12395 job_desc.cpp:79] Set piece_num_of_experiment_phase 19
I0910 21:23:11.730518 12395 global.h:32] NewGlobal N7oneflow7summary12EventsWriterE
I0910 21:23:11.730665 12395 runtime_context.cpp:21] NewCounter constructing_actor_cnt 132
I0910 21:23:11.732767 12899 thread.cpp:77] thread 55 construct actor 241892558110721
I0910 21:23:11.732837 12906 thread.cpp:77] thread 61 construct actor 268280837177344
I0910 21:23:11.733156 12838 thread.cpp:77] thread 0 construct actor 20
I0910 21:23:11.734979 12899 tick_compute_actor.cpp:22] actor 241892558110721 switch to &TickComputeActor::HandlerNormal
I0910 21:23:11.735237 12899 runtime_context.cpp:27] DecreaseCounter constructing_actor_cnt, current val is 131
I0910 21:23:11.735271 12899 thread.cpp:77] thread 55 construct actor 241892558110731
I0910 21:23:11.736568 12899 tick_compute_actor.cpp:22] actor 241892558110731 switch to &TickComputeActor::HandlerNormal
I0910 21:23:11.736711 12899 runtime_context.cpp:27] DecreaseCounter constructing_actor_cnt, current val is 130
I0910 21:23:11.736742 12899 thread.cpp:77] thread 55 construct actor 241892558110742
I0910 21:23:11.738018 12899 tick_compute_actor.cpp:22] actor 241892558110742 switch to &TickComputeActor::HandlerNormal
I0910 21:23:11.738173 12899 runtime_context.cpp:27] DecreaseCounter constructing_actor_cnt, current val is 129
I0910 21:23:11.738232 12899 thread.cpp:77] thread 55 construct actor 241892558110753
I0910 21:23:11.739490 12899 tick_compute_actor.cpp:22] actor 241892558110753 switch to &TickComputeActor::HandlerNormal
I0910 21:23:11.739621 12899 runtime_context.cpp:27] DecreaseCounter constructing_actor_cnt, current val is 128
I0910 21:23:11.739671 12899 thread.cpp:77] thread 55 construct actor 241892558110757
I0910 21:23:11.739667 12838 tick_compute_actor.cpp:22] actor 20 switch to &TickComputeActor::HandlerNormal
I0910 21:23:11.739894 12838 runtime_context.cpp:27] DecreaseCounter constructing_actor_cnt, current val is 127
I0910 21:23:11.739964 12838 thread.cpp:77] thread 0 construct actor 27
I0910 21:23:11.740936 12899 tick_compute_actor.cpp:22] actor 241892558110757 switch to &TickComputeActor::HandlerNormal
I0910 21:23:11.741117 12899 runtime_context.cpp:27] DecreaseCounter constructing_actor_cnt, current val is 126
I0910 21:23:11.741930 12838 tick_compute_actor.cpp:22] actor 27 switch to &TickComputeActor::HandlerNormal
I0910 21:23:11.742141 12838 runtime_context.cpp:27] DecreaseCounter constructing_actor_cnt, current val is 125
I0910 21:23:11.742229 12838 thread.cpp:77] thread 0 construct actor 28
I0910 21:23:11.744019 12838 tick_compute_actor.cpp:22] actor 28 switch to &TickComputeActor::HandlerNormal
I0910 21:23:11.744253 12838 runtime_context.cpp:27] DecreaseCounter constructing_actor_cnt, current val is 124
I0910 21:23:11.744320 12838 thread.cpp:77] thread 0 construct actor 35
I0910 21:23:11.746009 12838 tick_compute_actor.cpp:22] actor 35 switch to &TickComputeActor::HandlerNormal
I0910 21:23:11.746207 12838 runtime_context.cpp:27] DecreaseCounter constructing_actor_cnt, current val is 123
I0910 21:23:11.746273 12838 thread.cpp:77] thread 0 construct actor 36
I0910 21:23:11.749133 12838 tick_compute_actor.cpp:22] actor 36 switch to &TickComputeActor::HandlerNormal
I0910 21:23:11.749327 12838 runtime_context.cpp:27] DecreaseCounter constructing_actor_cnt, current val is 122
I0910 21:23:11.749518 12838 thread.cpp:77] thread 0 construct actor 44
I0910 21:23:11.751385 12838 tick_compute_actor.cpp:22] actor 44 switch to &TickComputeActor::HandlerNormal
I0910 21:23:11.751579 12838 runtime_context.cpp:27] DecreaseCounter constructing_actor_cnt, current val is 121
I0910 21:23:11.751649 12838 thread.cpp:77] thread 0 construct actor 46
I0910 21:23:11.754374 12838 tick_compute_actor.cpp:22] actor 46 switch to &TickComputeActor::HandlerNormal
I0910 21:23:11.754586 12838 runtime_context.cpp:27] DecreaseCounter constructing_actor_cnt, current val is 120
I0910 21:23:11.754631 12838 thread.cpp:77] thread 0 construct actor 47
I0910 21:23:11.756253 12838 tick_compute_actor.cpp:22] actor 47 switch to &TickComputeActor::HandlerNormal
I0910 21:23:11.756424 12838 runtime_context.cpp:27] DecreaseCounter constructing_actor_cnt, current val is 119
I0910 21:23:11.763085 12850 thread.cpp:77] thread 6 construct actor 26388279066624
I0910 21:23:11.763106 12838 thread.cpp:77] thread 0 construct actor 0
I0910 21:23:11.763139 12842 thread.cpp:77] thread 2 construct actor 8796093022208
I0910 21:23:11.763105 12899 thread.cpp:77] thread 55 construct actor 241892558110722
I0910 21:23:11.763371 12907 thread.cpp:77] thread 62 construct actor 272678883688448
I0910 21:23:11.763396 12852 thread.cpp:77] thread 8 construct actor 35184372088832
I0910 21:23:11.763495 12900 thread.cpp:77] thread 56 construct actor 246290604621824
I0910 21:23:11.763505 12903 thread.cpp:77] thread 58 construct actor 255086697644032
I0910 21:23:11.763512 12904 thread.cpp:77] thread 59 construct actor 259484744155136
I0910 21:23:11.763530 12905 thread.cpp:77] thread 60 construct actor 263882790666240
I0910 21:23:11.763561 12851 thread.cpp:77] thread 7 construct actor 30786325577728
I0910 21:23:11.763562 12901 thread.cpp:77] thread 57 construct actor 250688651132928
I0910 21:23:11.764037 12850 normal_forward_compute_actor.cpp:28] actor 26388279066624 switch to &NormalForwardCompActor::HandlerNormal
I0910 21:23:11.764338 12850 runtime_context.cpp:27] DecreaseCounter constructing_actor_cnt, current val is 118
I0910 21:23:11.764501 12850 thread.cpp:77] thread 6 construct actor 26388279066625
I0910 21:23:11.764950 12852 normal_forward_compute_actor.cpp:28] actor 35184372088832 switch to &NormalForwardCompActor::HandlerNormal
I0910 21:23:11.765194 12851 normal_forward_compute_actor.cpp:28] actor 30786325577728 switch to &NormalForwardCompActor::HandlerNormal
I0910 21:23:11.765213 12852 runtime_context.cpp:27] DecreaseCounter constructing_actor_cnt, current val is 117
I0910 21:23:11.765359 12851 runtime_context.cpp:27] DecreaseCounter constructing_actor_cnt, current val is 116
I0910 21:23:11.765472 12899 tick_compute_actor.cpp:22] actor 241892558110722 switch to &TickComputeActor::HandlerNormal
I0910 21:23:11.765578 12907 sink_compute_actor.cpp:21] actor 272678883688448 switch to &SinkCompActor::HandlerNormal
I0910 21:23:11.765713 12838 normal_forward_compute_actor.cpp:28] actor 0 switch to &NormalForwardCompActor::HandlerNormal
I0910 21:23:11.765801 12899 runtime_context.cpp:27] DecreaseCounter constructing_actor_cnt, current val is 115
I0910 21:23:11.765810 12907 runtime_context.cpp:27] DecreaseCounter constructing_actor_cnt, current val is 114
I0910 21:23:11.765874 12899 thread.cpp:77] thread 55 construct actor 241892558110723
I0910 21:23:11.765923 12903 normal_forward_compute_actor.cpp:28] actor 255086697644032 switch to &NormalForwardCompActor::HandlerNormal
I0910 21:23:11.765951 12838 runtime_context.cpp:27] DecreaseCounter constructing_actor_cnt, current val is 113
I0910 21:23:11.766041 12838 thread.cpp:77] thread 0 construct actor 1
I0910 21:23:11.766151 12903 runtime_context.cpp:27] DecreaseCounter constructing_actor_cnt, current val is 112
I0910 21:23:11.766289 12901 normal_forward_compute_actor.cpp:28] actor 250688651132928 switch to &NormalForwardCompActor::HandlerNormal
I0910 21:23:11.766505 12901 runtime_context.cpp:27] DecreaseCounter constructing_actor_cnt, current val is 111
I0910 21:23:11.766521 12900 normal_forward_compute_actor.cpp:28] actor 246290604621824 switch to &NormalForwardCompActor::HandlerNormal
I0910 21:23:11.766628 12904 normal_forward_compute_actor.cpp:28] actor 259484744155136 switch to &NormalForwardCompActor::HandlerNormal
I0910 21:23:11.766850 12900 runtime_context.cpp:27] DecreaseCounter constructing_actor_cnt, current val is 110
I0910 21:23:11.766892 12904 runtime_context.cpp:27] DecreaseCounter constructing_actor_cnt, current val is 109
I0910 21:23:11.767216 12905 normal_forward_compute_actor.cpp:28] actor 263882790666240 switch to &NormalForwardCompActor::HandlerNormal
I0910 21:23:11.767225 12842 copy_hd_actor.cpp:23] actor 8796093022208 switch to &CopyHdActor::HandlerNormal
I0910 21:23:11.767457 12905 runtime_context.cpp:27] DecreaseCounter constructing_actor_cnt, current val is 108
I0910 21:23:11.767477 12842 runtime_context.cpp:27] DecreaseCounter constructing_actor_cnt, current val is 107
I0910 21:23:11.767566 12842 thread.cpp:77] thread 2 construct actor 8796093022209
I0910 21:23:11.767928 12899 tick_compute_actor.cpp:22] actor 241892558110723 switch to &TickComputeActor::HandlerNormal
I0910 21:23:11.768127 12899 runtime_context.cpp:27] DecreaseCounter constructing_actor_cnt, current val is 106
I0910 21:23:11.768196 12899 thread.cpp:77] thread 55 construct actor 241892558110724
I0910 21:23:11.770184 12899 tick_compute_actor.cpp:22] actor 241892558110724 switch to &TickComputeActor::HandlerNormal
I0910 21:23:11.770202 12850 normal_forward_compute_actor.cpp:28] actor 26388279066625 switch to &NormalForwardCompActor::HandlerNormal
I0910 21:23:11.770407 12899 runtime_context.cpp:27] DecreaseCounter constructing_actor_cnt, current val is 105
I0910 21:23:11.770447 12850 runtime_context.cpp:27] DecreaseCounter constructing_actor_cnt, current val is 104
I0910 21:23:11.770450 12899 thread.cpp:77] thread 55 construct actor 241892558110784
I0910 21:23:11.770484 12850 thread.cpp:77] thread 6 construct actor 26388279066626
I0910 21:23:11.770612 12842 copy_hd_actor.cpp:23] actor 8796093022209 switch to &CopyHdActor::HandlerNormal
I0910 21:23:11.770833 12842 runtime_context.cpp:27] DecreaseCounter constructing_actor_cnt, current val is 103
I0910 21:23:11.770896 12842 thread.cpp:77] thread 2 construct actor 8796093022210
I0910 21:23:11.771147 12838 normal_forward_compute_actor.cpp:28] actor 1 switch to &NormalForwardCompActor::HandlerNormal
I0910 21:23:11.771440 12838 runtime_context.cpp:27] DecreaseCounter constructing_actor_cnt, current val is 102
I0910 21:23:11.771500 12838 thread.cpp:77] thread 0 construct actor 2
I0910 21:23:11.772637 12899 esac_compute_actor.cpp:36] actor 241892558110784 switch to &EsacCompActor::HandlerNormal
I0910 21:23:11.772863 12899 runtime_context.cpp:27] DecreaseCounter constructing_actor_cnt, current val is 101
I0910 21:23:11.772924 12899 thread.cpp:77] thread 55 construct actor 241892558110726
I0910 21:23:11.773444 12838 normal_forward_compute_actor.cpp:28] actor 2 switch to &NormalForwardCompActor::HandlerNormal
I0910 21:23:11.773656 12838 runtime_context.cpp:27] DecreaseCounter constructing_actor_cnt, current val is 100
I0910 21:23:11.773735 12838 thread.cpp:77] thread 0 construct actor 3
I0910 21:23:11.773890 12842 copy_hd_actor.cpp:23] actor 8796093022210 switch to &CopyHdActor::HandlerNormal
I0910 21:23:11.774108 12842 runtime_context.cpp:27] DecreaseCounter constructing_actor_cnt, current val is 99
I0910 21:23:11.774188 12842 thread.cpp:77] thread 2 construct actor 8796093022211
I0910 21:23:11.774749 12899 tick_compute_actor.cpp:22] actor 241892558110726 switch to &TickComputeActor::HandlerNormal
I0910 21:23:11.774937 12899 runtime_context.cpp:27] DecreaseCounter constructing_actor_cnt, current val is 98
I0910 21:23:11.774996 12899 thread.cpp:77] thread 55 construct actor 241892558110727
I0910 21:23:11.775811 12850 normal_forward_compute_actor.cpp:28] actor 26388279066626 switch to &NormalForwardCompActor::HandlerNormal
I0910 21:23:11.776019 12850 runtime_context.cpp:27] DecreaseCounter constructing_actor_cnt, current val is 97
I0910 21:23:11.776732 12899 tick_compute_actor.cpp:22] actor 241892558110727 switch to &TickComputeActor::HandlerNormal
I0910 21:23:11.777004 12842 copy_hd_actor.cpp:23] actor 8796093022211 switch to &CopyHdActor::HandlerNormal
I0910 21:23:11.777052 12899 runtime_context.cpp:27] DecreaseCounter constructing_actor_cnt, current val is 96
I0910 21:23:11.777139 12899 thread.cpp:77] thread 55 construct actor 241892558110728
I0910 21:23:11.777221 12842 runtime_context.cpp:27] DecreaseCounter constructing_actor_cnt, current val is 95
I0910 21:23:11.777288 12842 thread.cpp:77] thread 2 construct actor 8796093022212
I0910 21:23:11.778117 12838 normal_forward_compute_actor.cpp:28] actor 3 switch to &NormalForwardCompActor::HandlerNormal
I0910 21:23:11.778393 12838 runtime_context.cpp:27] DecreaseCounter constructing_actor_cnt, current val is 94
I0910 21:23:11.778456 12838 thread.cpp:77] thread 0 construct actor 4
I0910 21:23:11.779000 12899 tick_compute_actor.cpp:22] actor 241892558110728 switch to &TickComputeActor::HandlerNormal
I0910 21:23:11.779250 12899 runtime_context.cpp:27] DecreaseCounter constructing_actor_cnt, current val is 93
I0910 21:23:11.779307 12899 thread.cpp:77] thread 55 construct actor 241892558110729
I0910 21:23:11.780037 12842 copy_hd_actor.cpp:23] actor 8796093022212 switch to &CopyHdActor::HandlerNormal
I0910 21:23:11.780148 12838 normal_forward_compute_actor.cpp:28] actor 4 switch to &NormalForwardCompActor::HandlerNormal
I0910 21:23:11.780249 12842 runtime_context.cpp:27] DecreaseCounter constructing_actor_cnt, current val is 92
I0910 21:23:11.780314 12842 thread.cpp:77] thread 2 construct actor 8796093022213
I0910 21:23:11.780326 12838 runtime_context.cpp:27] DecreaseCounter constructing_actor_cnt, current val is 91
I0910 21:23:11.780366 12838 thread.cpp:77] thread 0 construct actor 5
I0910 21:23:11.781016 12899 tick_compute_actor.cpp:22] actor 241892558110729 switch to &TickComputeActor::HandlerNormal
I0910 21:23:11.781220 12899 runtime_context.cpp:27] DecreaseCounter constructing_actor_cnt, current val is 90
I0910 21:23:11.781275 12899 thread.cpp:77] thread 55 construct actor 241892558110783
I0910 21:23:11.783023 12842 copy_hd_actor.cpp:23] actor 8796093022213 switch to &CopyHdActor::HandlerNormal
I0910 21:23:11.783234 12842 runtime_context.cpp:27] DecreaseCounter constructing_actor_cnt, current val is 89
I0910 21:23:11.783278 12842 thread.cpp:77] thread 2 construct actor 8796093022214
I0910 21:23:11.783437 12899 esac_compute_actor.cpp:36] actor 241892558110783 switch to &EsacCompActor::HandlerNormal
I0910 21:23:11.783640 12899 runtime_context.cpp:27] DecreaseCounter constructing_actor_cnt, current val is 88
I0910 21:23:11.783708 12899 thread.cpp:77] thread 55 construct actor 241892558110732
I0910 21:23:11.784536 12838 normal_forward_compute_actor.cpp:28] actor 5 switch to &NormalForwardCompActor::HandlerNormal
I0910 21:23:11.784791 12838 runtime_context.cpp:27] DecreaseCounter constructing_actor_cnt, current val is 87
I0910 21:23:11.784847 12838 thread.cpp:77] thread 0 construct actor 6
I0910 21:23:11.785368 12899 tick_compute_actor.cpp:22] actor 241892558110732 switch to &TickComputeActor::HandlerNormal
I0910 21:23:11.785548 12899 runtime_context.cpp:27] DecreaseCounter constructing_actor_cnt, current val is 86
I0910 21:23:11.785586 12899 thread.cpp:77] thread 55 construct actor 241892558110733
I0910 21:23:11.785977 12842 copy_hd_actor.cpp:23] actor 8796093022214 switch to &CopyHdActor::HandlerNormal
I0910 21:23:11.786164 12842 runtime_context.cpp:27] DecreaseCounter constructing_actor_cnt, current val is 85
I0910 21:23:11.786216 12842 thread.cpp:77] thread 2 construct actor 8796093022215
I0910 21:23:11.787223 12899 tick_compute_actor.cpp:22] actor 241892558110733 switch to &TickComputeActor::HandlerNormal
I0910 21:23:11.787400 12899 runtime_context.cpp:27] DecreaseCounter constructing_actor_cnt, current val is 84
I0910 21:23:11.787436 12899 thread.cpp:77] thread 55 construct actor 241892558110734
I0910 21:23:11.788695 12838 normal_forward_compute_actor.cpp:28] actor 6 switch to &NormalForwardCompActor::HandlerNormal
I0910 21:23:11.788740 12842 copy_hd_actor.cpp:23] actor 8796093022215 switch to &CopyHdActor::HandlerNormal
I0910 21:23:11.788935 12838 runtime_context.cpp:27] DecreaseCounter constructing_actor_cnt, current val is 83
I0910 21:23:11.788955 12842 runtime_context.cpp:27] DecreaseCounter constructing_actor_cnt, current val is 82
I0910 21:23:11.789014 12838 thread.cpp:77] thread 0 construct actor 7
I0910 21:23:11.789041 12899 tick_compute_actor.cpp:22] actor 241892558110734 switch to &TickComputeActor::HandlerNormal
I0910 21:23:11.789047 12842 thread.cpp:77] thread 2 construct actor 8796093022216
I0910 21:23:11.789245 12899 runtime_context.cpp:27] DecreaseCounter constructing_actor_cnt, current val is 81
I0910 21:23:11.789299 12899 thread.cpp:77] thread 55 construct actor 241892558110735
I0910 21:23:11.791128 12899 tick_compute_actor.cpp:22] actor 241892558110735 switch to &TickComputeActor::HandlerNormal
I0910 21:23:11.791322 12899 runtime_context.cpp:27] DecreaseCounter constructing_actor_cnt, current val is 80
I0910 21:23:11.791360 12899 thread.cpp:77] thread 55 construct actor 241892558110782
I0910 21:23:11.791684 12842 copy_hd_actor.cpp:23] actor 8796093022216 switch to &CopyHdActor::HandlerNormal
I0910 21:23:11.791872 12842 runtime_context.cpp:27] DecreaseCounter constructing_actor_cnt, current val is 79
I0910 21:23:11.791913 12842 thread.cpp:77] thread 2 construct actor 8796093022217
I0910 21:23:11.792984 12899 tick_compute_actor.cpp:22] actor 241892558110782 switch to &TickComputeActor::HandlerNormal
I0910 21:23:11.793002 12838 normal_forward_compute_actor.cpp:28] actor 7 switch to &NormalForwardCompActor::HandlerNormal
I0910 21:23:11.793170 12899 runtime_context.cpp:27] DecreaseCounter constructing_actor_cnt, current val is 78
I0910 21:23:11.793221 12899 thread.cpp:77] thread 55 construct actor 241892558110737
I0910 21:23:11.793285 12838 runtime_context.cpp:27] DecreaseCounter constructing_actor_cnt, current val is 77
I0910 21:23:11.793324 12838 thread.cpp:77] thread 0 construct actor 8
I0910 21:23:11.794445 12842 copy_hd_actor.cpp:23] actor 8796093022217 switch to &CopyHdActor::HandlerNormal
I0910 21:23:11.794637 12842 runtime_context.cpp:27] DecreaseCounter constructing_actor_cnt, current val is 76
I0910 21:23:11.794678 12842 thread.cpp:77] thread 2 construct actor 8796093022218
I0910 21:23:11.794831 12899 tick_compute_actor.cpp:22] actor 241892558110737 switch to &TickComputeActor::HandlerNormal
I0910 21:23:11.794860 12838 normal_forward_compute_actor.cpp:28] actor 8 switch to &NormalForwardCompActor::HandlerNormal
I0910 21:23:11.794999 12899 runtime_context.cpp:27] DecreaseCounter constructing_actor_cnt, current val is 75
I0910 21:23:11.795027 12838 runtime_context.cpp:27] DecreaseCounter constructing_actor_cnt, current val is 74
I0910 21:23:11.795051 12899 thread.cpp:77] thread 55 construct actor 241892558110738
I0910 21:23:11.795086 12838 thread.cpp:77] thread 0 construct actor 9
I0910 21:23:11.796602 12899 tick_compute_actor.cpp:22] actor 241892558110738 switch to &TickComputeActor::HandlerNormal
I0910 21:23:11.796777 12899 runtime_context.cpp:27] DecreaseCounter constructing_actor_cnt, current val is 73
I0910 21:23:11.796828 12899 thread.cpp:77] thread 55 construct actor 241892558110739
I0910 21:23:11.797137 12842 copy_hd_actor.cpp:23] actor 8796093022218 switch to &CopyHdActor::HandlerNormal
I0910 21:23:11.797324 12842 runtime_context.cpp:27] DecreaseCounter constructing_actor_cnt, current val is 72
I0910 21:23:11.797377 12842 thread.cpp:77] thread 2 construct actor 8796093022219
I0910 21:23:11.798455 12899 tick_compute_actor.cpp:22] actor 241892558110739 switch to &TickComputeActor::HandlerNormal
I0910 21:23:11.798622 12899 runtime_context.cpp:27] DecreaseCounter constructing_actor_cnt, current val is 71
I0910 21:23:11.798975 12899 thread.cpp:77] thread 55 construct actor 241892558110740
I0910 21:23:11.799031 12838 normal_forward_compute_actor.cpp:28] actor 9 switch to &NormalForwardCompActor::HandlerNormal
I0910 21:23:11.799270 12838 runtime_context.cpp:27] DecreaseCounter constructing_actor_cnt, current val is 70
I0910 21:23:11.799324 12838 thread.cpp:77] thread 0 construct actor 10
I0910 21:23:11.799767 12842 copy_hd_actor.cpp:23] actor 8796093022219 switch to &CopyHdActor::HandlerNormal
I0910 21:23:11.799958 12842 runtime_context.cpp:27] DecreaseCounter constructing_actor_cnt, current val is 69
I0910 21:23:11.799998 12842 thread.cpp:77] thread 2 construct actor 8796093022220
I0910 21:23:11.800601 12899 tick_compute_actor.cpp:22] actor 241892558110740 switch to &TickComputeActor::HandlerNormal
I0910 21:23:11.800776 12899 runtime_context.cpp:27] DecreaseCounter constructing_actor_cnt, current val is 68
I0910 21:23:11.800812 12899 thread.cpp:77] thread 55 construct actor 241892558110781
I0910 21:23:11.800957 12838 normal_forward_compute_actor.cpp:28] actor 10 switch to &NormalForwardCompActor::HandlerNormal
I0910 21:23:11.801113 12838 runtime_context.cpp:27] DecreaseCounter constructing_actor_cnt, current val is 67
I0910 21:23:11.801164 12838 thread.cpp:77] thread 0 construct actor 11
I0910 21:23:11.801759 12906 wait_and_send_ids_compute_actor.cpp:27] actor 268280837177344 switch to &WaitAndSendIdsCompActor::HandlerWaitToStart
I0910 21:23:11.801896 12906 runtime_context.cpp:27] DecreaseCounter constructing_actor_cnt, current val is 66
I0910 21:23:11.802405 12899 tick_compute_actor.cpp:22] actor 241892558110781 switch to &TickComputeActor::HandlerNormal
I0910 21:23:11.802417 12842 copy_hd_actor.cpp:23] actor 8796093022220 switch to &CopyHdActor::HandlerNormal
I0910 21:23:11.802577 12899 runtime_context.cpp:27] DecreaseCounter constructing_actor_cnt, current val is 65
I0910 21:23:11.802613 12842 runtime_context.cpp:27] DecreaseCounter constructing_actor_cnt, current val is 64
I0910 21:23:11.802629 12899 thread.cpp:77] thread 55 construct actor 241892558110743
I0910 21:23:11.802656 12842 thread.cpp:77] thread 2 construct actor 8796093022221
I0910 21:23:11.804263 12899 tick_compute_actor.cpp:22] actor 241892558110743 switch to &TickComputeActor::HandlerNormal
I0910 21:23:11.804437 12899 runtime_context.cpp:27] DecreaseCounter constructing_actor_cnt, current val is 63
I0910 21:23:11.804486 12899 thread.cpp:77] thread 55 construct actor 241892558110744
I0910 21:23:11.804900 12838 normal_forward_compute_actor.cpp:28] actor 11 switch to &NormalForwardCompActor::HandlerNormal
I0910 21:23:11.805047 12842 copy_hd_actor.cpp:23] actor 8796093022221 switch to &CopyHdActor::HandlerNormal
I0910 21:23:11.805153 12838 runtime_context.cpp:27] DecreaseCounter constructing_actor_cnt, current val is 62
I0910 21:23:11.805198 12838 thread.cpp:77] thread 0 construct actor 12
I0910 21:23:11.805222 12842 runtime_context.cpp:27] DecreaseCounter constructing_actor_cnt, current val is 61
I0910 21:23:11.805263 12842 thread.cpp:77] thread 2 construct actor 8796093022222
I0910 21:23:11.805932 12899 tick_compute_actor.cpp:22] actor 241892558110744 switch to &TickComputeActor::HandlerNormal
I0910 21:23:11.806093 12899 runtime_context.cpp:27] DecreaseCounter constructing_actor_cnt, current val is 60
I0910 21:23:11.806143 12899 thread.cpp:77] thread 55 construct actor 241892558110745
I0910 21:23:11.807525 12842 copy_hd_actor.cpp:23] actor 8796093022222 switch to &CopyHdActor::HandlerNormal
I0910 21:23:11.807590 12899 tick_compute_actor.cpp:22] actor 241892558110745 switch to &TickComputeActor::HandlerNormal
I0910 21:23:11.807694 12842 runtime_context.cpp:27] DecreaseCounter constructing_actor_cnt, current val is 59
I0910 21:23:11.807731 12842 thread.cpp:77] thread 2 construct actor 8796093022223
I0910 21:23:11.807734 12899 runtime_context.cpp:27] DecreaseCounter constructing_actor_cnt, current val is 58
I0910 21:23:11.807781 12899 thread.cpp:77] thread 55 construct actor 241892558110746
I0910 21:23:11.808738 12838 normal_forward_compute_actor.cpp:28] actor 12 switch to &NormalForwardCompActor::HandlerNormal
I0910 21:23:11.808969 12838 runtime_context.cpp:27] DecreaseCounter constructing_actor_cnt, current val is 57
I0910 21:23:11.809003 12838 thread.cpp:77] thread 0 construct actor 13
I0910 21:23:11.809424 12899 tick_compute_actor.cpp:22] actor 241892558110746 switch to &TickComputeActor::HandlerNormal
I0910 21:23:11.809645 12899 runtime_context.cpp:27] DecreaseCounter constructing_actor_cnt, current val is 56
I0910 21:23:11.809706 12899 thread.cpp:77] thread 55 construct actor 241892558110780
I0910 21:23:11.810012 12842 copy_hd_actor.cpp:23] actor 8796093022223 switch to &CopyHdActor::HandlerNormal
I0910 21:23:11.810194 12842 runtime_context.cpp:27] DecreaseCounter constructing_actor_cnt, current val is 55
I0910 21:23:11.810231 12842 thread.cpp:77] thread 2 construct actor 8796093022224
I0910 21:23:11.811216 12899 tick_compute_actor.cpp:22] actor 241892558110780 switch to &TickComputeActor::HandlerNormal
I0910 21:23:11.811381 12899 runtime_context.cpp:27] DecreaseCounter constructing_actor_cnt, current val is 54
I0910 21:23:11.811417 12899 thread.cpp:77] thread 55 construct actor 241892558110748
I0910 21:23:11.812489 12842 copy_hd_actor.cpp:23] actor 8796093022224 switch to &CopyHdActor::HandlerNormal
I0910 21:23:11.812636 12838 normal_forward_compute_actor.cpp:28] actor 13 switch to &NormalForwardCompActor::HandlerNormal
I0910 21:23:11.812685 12842 runtime_context.cpp:27] DecreaseCounter constructing_actor_cnt, current val is 53
I0910 21:23:11.812844 12838 runtime_context.cpp:27] DecreaseCounter constructing_actor_cnt, current val is 52
I0910 21:23:11.812898 12838 thread.cpp:77] thread 0 construct actor 14
I0910 21:23:11.812914 12899 tick_compute_actor.cpp:22] actor 241892558110748 switch to &TickComputeActor::HandlerNormal
I0910 21:23:11.813069 12899 runtime_context.cpp:27] DecreaseCounter constructing_actor_cnt, current val is 51
I0910 21:23:11.813103 12899 thread.cpp:77] thread 55 construct actor 241892558110749
I0910 21:23:11.814316 12838 normal_forward_compute_actor.cpp:28] actor 14 switch to &NormalForwardCompActor::HandlerNormal
I0910 21:23:11.814476 12838 runtime_context.cpp:27] DecreaseCounter constructing_actor_cnt, current val is 50
I0910 21:23:11.814510 12838 thread.cpp:77] thread 0 construct actor 15
I0910 21:23:11.814519 12899 tick_compute_actor.cpp:22] actor 241892558110749 switch to &TickComputeActor::HandlerNormal
I0910 21:23:11.814673 12899 runtime_context.cpp:27] DecreaseCounter constructing_actor_cnt, current val is 49
I0910 21:23:11.814721 12899 thread.cpp:77] thread 55 construct actor 241892558110750
I0910 21:23:11.816161 12899 tick_compute_actor.cpp:22] actor 241892558110750 switch to &TickComputeActor::HandlerNormal
I0910 21:23:11.816323 12899 runtime_context.cpp:27] DecreaseCounter constructing_actor_cnt, current val is 48
I0910 21:23:11.816357 12899 thread.cpp:77] thread 55 construct actor 241892558110751
I0910 21:23:11.817751 12899 tick_compute_actor.cpp:22] actor 241892558110751 switch to &TickComputeActor::HandlerNormal
I0910 21:23:11.817905 12899 runtime_context.cpp:27] DecreaseCounter constructing_actor_cnt, current val is 47
I0910 21:23:11.817953 12899 thread.cpp:77] thread 55 construct actor 241892558110779
I0910 21:23:11.818128 12838 normal_forward_compute_actor.cpp:28] actor 15 switch to &NormalForwardCompActor::HandlerNormal
I0910 21:23:11.818361 12838 runtime_context.cpp:27] DecreaseCounter constructing_actor_cnt, current val is 46
I0910 21:23:11.818414 12838 thread.cpp:77] thread 0 construct actor 16
I0910 21:23:11.819419 12899 tick_compute_actor.cpp:22] actor 241892558110779 switch to &TickComputeActor::HandlerNormal
I0910 21:23:11.819576 12899 runtime_context.cpp:27] DecreaseCounter constructing_actor_cnt, current val is 45
I0910 21:23:11.819622 12899 thread.cpp:77] thread 55 construct actor 241892558110754
I0910 21:23:11.819797 12838 normal_forward_compute_actor.cpp:28] actor 16 switch to &NormalForwardCompActor::HandlerNormal
I0910 21:23:11.819954 12838 runtime_context.cpp:27] DecreaseCounter constructing_actor_cnt, current val is 44
I0910 21:23:11.820003 12838 thread.cpp:77] thread 0 construct actor 17
I0910 21:23:11.821064 12899 tick_compute_actor.cpp:22] actor 241892558110754 switch to &TickComputeActor::HandlerNormal
I0910 21:23:11.821231 12899 runtime_context.cpp:27] DecreaseCounter constructing_actor_cnt, current val is 43
I0910 21:23:11.821280 12899 thread.cpp:77] thread 55 construct actor 241892558110755
I0910 21:23:11.822731 12899 tick_compute_actor.cpp:22] actor 241892558110755 switch to &TickComputeActor::HandlerNormal
I0910 21:23:11.822892 12899 runtime_context.cpp:27] DecreaseCounter constructing_actor_cnt, current val is 42
I0910 21:23:11.822940 12899 thread.cpp:77] thread 55 construct actor 241892558110756
I0910 21:23:11.823493 12838 normal_forward_compute_actor.cpp:28] actor 17 switch to &NormalForwardCompActor::HandlerNormal
I0910 21:23:11.823720 12838 runtime_context.cpp:27] DecreaseCounter constructing_actor_cnt, current val is 41
I0910 21:23:11.823755 12838 thread.cpp:77] thread 0 construct actor 18
I0910 21:23:11.824424 12899 tick_compute_actor.cpp:22] actor 241892558110756 switch to &TickComputeActor::HandlerNormal
I0910 21:23:11.824584 12899 runtime_context.cpp:27] DecreaseCounter constructing_actor_cnt, current val is 40
I0910 21:23:11.824630 12899 thread.cpp:77] thread 55 construct actor 241892558110758
I0910 21:23:11.826126 12899 tick_compute_actor.cpp:22] actor 241892558110758 switch to &TickComputeActor::HandlerNormal
I0910 21:23:11.826290 12899 runtime_context.cpp:27] DecreaseCounter constructing_actor_cnt, current val is 39
I0910 21:23:11.826336 12899 thread.cpp:77] thread 55 construct actor 241892558110778
I0910 21:23:11.827131 12838 normal_forward_compute_actor.cpp:28] actor 18 switch to &NormalForwardCompActor::HandlerNormal
I0910 21:23:11.827350 12838 runtime_context.cpp:27] DecreaseCounter constructing_actor_cnt, current val is 38
I0910 21:23:11.827383 12838 thread.cpp:77] thread 0 construct actor 19
I0910 21:23:11.827689 12899 tick_compute_actor.cpp:22] actor 241892558110778 switch to &TickComputeActor::HandlerNormal
I0910 21:23:11.827841 12899 runtime_context.cpp:27] DecreaseCounter constructing_actor_cnt, current val is 37
I0910 21:23:11.827888 12899 thread.cpp:77] thread 55 construct actor 241892558110760
I0910 21:23:11.828722 12838 tick_compute_actor.cpp:22] actor 19 switch to &TickComputeActor::HandlerNormal
I0910 21:23:11.828878 12838 runtime_context.cpp:27] DecreaseCounter constructing_actor_cnt, current val is 36
I0910 21:23:11.828922 12838 thread.cpp:77] thread 0 construct actor 21
I0910 21:23:11.829304 12899 tick_compute_actor.cpp:22] actor 241892558110760 switch to &TickComputeActor::HandlerNormal
I0910 21:23:11.829457 12899 runtime_context.cpp:27] DecreaseCounter constructing_actor_cnt, current val is 35
I0910 21:23:11.829489 12899 thread.cpp:77] thread 55 construct actor 241892558110761
I0910 21:23:11.830344 12838 normal_forward_compute_actor.cpp:28] actor 21 switch to &NormalForwardCompActor::HandlerNormal
I0910 21:23:11.830504 12838 runtime_context.cpp:27] DecreaseCounter constructing_actor_cnt, current val is 34
I0910 21:23:11.830538 12838 thread.cpp:77] thread 0 construct actor 22
I0910 21:23:11.830847 12899 tick_compute_actor.cpp:22] actor 241892558110761 switch to &TickComputeActor::HandlerNormal
I0910 21:23:11.830998 12899 runtime_context.cpp:27] DecreaseCounter constructing_actor_cnt, current val is 33
I0910 21:23:11.831032 12899 thread.cpp:77] thread 55 construct actor 241892558110762
I0910 21:23:11.831935 12838 normal_forward_compute_actor.cpp:28] actor 22 switch to &NormalForwardCompActor::HandlerNormal
I0910 21:23:11.832096 12838 runtime_context.cpp:27] DecreaseCounter constructing_actor_cnt, current val is 32
I0910 21:23:11.832140 12838 thread.cpp:77] thread 0 construct actor 23
I0910 21:23:11.832378 12899 tick_compute_actor.cpp:22] actor 241892558110762 switch to &TickComputeActor::HandlerNormal
I0910 21:23:11.832531 12899 runtime_context.cpp:27] DecreaseCounter constructing_actor_cnt, current val is 31
I0910 21:23:11.832563 12899 thread.cpp:77] thread 55 construct actor 241892558110763
I0910 21:23:11.833556 12838 normal_forward_compute_actor.cpp:28] actor 23 switch to &NormalForwardCompActor::HandlerNormal
I0910 21:23:11.833719 12838 runtime_context.cpp:27] DecreaseCounter constructing_actor_cnt, current val is 30
I0910 21:23:11.833752 12838 thread.cpp:77] thread 0 construct actor 24
I0910 21:23:11.833916 12899 tick_compute_actor.cpp:22] actor 241892558110763 switch to &TickComputeActor::HandlerNormal
I0910 21:23:11.834095 12899 runtime_context.cpp:27] DecreaseCounter constructing_actor_cnt, current val is 29
I0910 21:23:11.834129 12899 thread.cpp:77] thread 55 construct actor 241892558110777
I0910 21:23:11.835152 12838 normal_forward_compute_actor.cpp:28] actor 24 switch to &NormalForwardCompActor::HandlerNormal
I0910 21:23:11.835317 12838 runtime_context.cpp:27] DecreaseCounter constructing_actor_cnt, current val is 28
I0910 21:23:11.835350 12838 thread.cpp:77] thread 0 construct actor 25
I0910 21:23:11.835466 12899 tick_compute_actor.cpp:22] actor 241892558110777 switch to &TickComputeActor::HandlerNormal
I0910 21:23:11.835616 12899 runtime_context.cpp:27] DecreaseCounter constructing_actor_cnt, current val is 27
I0910 21:23:11.835662 12899 thread.cpp:77] thread 55 construct actor 241892558110765
I0910 21:23:11.836719 12838 normal_forward_compute_actor.cpp:28] actor 25 switch to &NormalForwardCompActor::HandlerNormal
I0910 21:23:11.836972 12899 tick_compute_actor.cpp:22] actor 241892558110765 switch to &TickComputeActor::HandlerNormal
I0910 21:23:11.836974 12838 runtime_context.cpp:27] DecreaseCounter constructing_actor_cnt, current val is 26
I0910 21:23:11.837038 12838 thread.cpp:77] thread 0 construct actor 26
I0910 21:23:11.837110 12899 runtime_context.cpp:27] DecreaseCounter constructing_actor_cnt, current val is 25
I0910 21:23:11.837143 12899 thread.cpp:77] thread 55 construct actor 241892558110766
I0910 21:23:11.838392 12838 normal_forward_compute_actor.cpp:28] actor 26 switch to &NormalForwardCompActor::HandlerNormal
I0910 21:23:11.838410 12899 tick_compute_actor.cpp:22] actor 241892558110766 switch to &TickComputeActor::HandlerNormal
I0910 21:23:11.838552 12838 runtime_context.cpp:27] DecreaseCounter constructing_actor_cnt, current val is 24
I0910 21:23:11.838570 12899 runtime_context.cpp:27] DecreaseCounter constructing_actor_cnt, current val is 23
I0910 21:23:11.838590 12838 thread.cpp:77] thread 0 construct actor 29
I0910 21:23:11.838616 12899 thread.cpp:77] thread 55 construct actor 241892558110767
I0910 21:23:11.839967 12838 normal_forward_compute_actor.cpp:28] actor 29 switch to &NormalForwardCompActor::HandlerNormal
I0910 21:23:11.839980 12899 tick_compute_actor.cpp:22] actor 241892558110767 switch to &TickComputeActor::HandlerNormal
I0910 21:23:11.840132 12838 runtime_context.cpp:27] DecreaseCounter constructing_actor_cnt, current val is 22
I0910 21:23:11.840155 12899 runtime_context.cpp:27] DecreaseCounter constructing_actor_cnt, current val is 21
I0910 21:23:11.840167 12838 thread.cpp:77] thread 0 construct actor 30
I0910 21:23:11.840200 12899 thread.cpp:77] thread 55 construct actor 241892558110776
I0910 21:23:11.841519 12899 tick_compute_actor.cpp:22] actor 241892558110776 switch to &TickComputeActor::HandlerNormal
I0910 21:23:11.841526 12838 normal_forward_compute_actor.cpp:28] actor 30 switch to &NormalForwardCompActor::HandlerNormal
I0910 21:23:11.841672 12899 runtime_context.cpp:27] DecreaseCounter constructing_actor_cnt, current val is 20
I0910 21:23:11.841706 12899 thread.cpp:77] thread 55 construct actor 241892558110769
I0910 21:23:11.841703 12838 runtime_context.cpp:27] DecreaseCounter constructing_actor_cnt, current val is 19
I0910 21:23:11.841754 12838 thread.cpp:77] thread 0 construct actor 31
I0910 21:23:11.842999 12899 tick_compute_actor.cpp:22] actor 241892558110769 switch to &TickComputeActor::HandlerNormal
I0910 21:23:11.843078 12838 normal_forward_compute_actor.cpp:28] actor 31 switch to &NormalForwardCompActor::HandlerNormal
I0910 21:23:11.843149 12899 runtime_context.cpp:27] DecreaseCounter constructing_actor_cnt, current val is 18
I0910 21:23:11.843189 12899 thread.cpp:77] thread 55 construct actor 241892558110770
I0910 21:23:11.843226 12838 runtime_context.cpp:27] DecreaseCounter constructing_actor_cnt, current val is 17
I0910 21:23:11.843266 12838 thread.cpp:77] thread 0 construct actor 32
I0910 21:23:11.844468 12899 tick_compute_actor.cpp:22] actor 241892558110770 switch to &TickComputeActor::HandlerNormal
I0910 21:23:11.844635 12838 normal_forward_compute_actor.cpp:28] actor 32 switch to &NormalForwardCompActor::HandlerNormal
I0910 21:23:11.844676 12899 runtime_context.cpp:27] DecreaseCounter constructing_actor_cnt, current val is 16
I0910 21:23:11.844722 12899 thread.cpp:77] thread 55 construct actor 241892558110771
I0910 21:23:11.844792 12838 runtime_context.cpp:27] DecreaseCounter constructing_actor_cnt, current val is 15
I0910 21:23:11.844826 12838 thread.cpp:77] thread 0 construct actor 33
I0910 21:23:11.846122 12838 normal_forward_compute_actor.cpp:28] actor 33 switch to &NormalForwardCompActor::HandlerNormal
I0910 21:23:11.846134 12899 reentrant_lock_compute_actor.cpp:37] actor 241892558110771 switch to &ReentrantLockCompActor::HandlerNormal
I0910 21:23:11.846290 12838 runtime_context.cpp:27] DecreaseCounter constructing_actor_cnt, current val is 14
I0910 21:23:11.846315 12899 runtime_context.cpp:27] DecreaseCounter constructing_actor_cnt, current val is 13
I0910 21:23:11.846323 12838 thread.cpp:77] thread 0 construct actor 34
I0910 21:23:11.846351 12899 thread.cpp:77] thread 55 construct actor 241892558110772
I0910 21:23:11.847640 12838 normal_forward_compute_actor.cpp:28] actor 34 switch to &NormalForwardCompActor::HandlerNormal
I0910 21:23:11.847791 12838 runtime_context.cpp:27] DecreaseCounter constructing_actor_cnt, current val is 12
I0910 21:23:11.847837 12838 thread.cpp:77] thread 0 construct actor 37
I0910 21:23:11.849119 12838 normal_forward_compute_actor.cpp:28] actor 37 switch to &NormalForwardCompActor::HandlerNormal
I0910 21:23:11.849259 12838 runtime_context.cpp:27] DecreaseCounter constructing_actor_cnt, current val is 11
I0910 21:23:11.849289 12838 thread.cpp:77] thread 0 construct actor 38
I0910 21:23:11.850536 12838 normal_forward_compute_actor.cpp:28] actor 38 switch to &NormalForwardCompActor::HandlerNormal
I0910 21:23:11.850694 12838 runtime_context.cpp:27] DecreaseCounter constructing_actor_cnt, current val is 10
I0910 21:23:11.850739 12838 thread.cpp:77] thread 0 construct actor 39
I0910 21:23:11.852015 12838 normal_forward_compute_actor.cpp:28] actor 39 switch to &NormalForwardCompActor::HandlerNormal
I0910 21:23:11.852164 12838 runtime_context.cpp:27] DecreaseCounter constructing_actor_cnt, current val is 9
I0910 21:23:11.852201 12838 thread.cpp:77] thread 0 construct actor 40
I0910 21:23:11.853475 12838 normal_forward_compute_actor.cpp:28] actor 40 switch to &NormalForwardCompActor::HandlerNormal
I0910 21:23:11.853622 12838 runtime_context.cpp:27] DecreaseCounter constructing_actor_cnt, current val is 8
I0910 21:23:11.853653 12838 thread.cpp:77] thread 0 construct actor 41
I0910 21:23:11.854212 12899 case_compute_actor.cpp:31] actor 241892558110772 switch to &CaseCompActor::HandlerNormal
I0910 21:23:11.854426 12899 runtime_context.cpp:27] DecreaseCounter constructing_actor_cnt, current val is 7
I0910 21:23:11.854456 12899 thread.cpp:77] thread 55 construct actor 241892558110773
I0910 21:23:11.854954 12838 normal_forward_compute_actor.cpp:28] actor 41 switch to &NormalForwardCompActor::HandlerNormal
I0910 21:23:11.855116 12838 runtime_context.cpp:27] DecreaseCounter constructing_actor_cnt, current val is 6
I0910 21:23:11.855146 12838 thread.cpp:77] thread 0 construct actor 42
I0910 21:23:11.855697 12899 tick_compute_actor.cpp:22] actor 241892558110773 switch to &TickComputeActor::HandlerNormal
I0910 21:23:11.855837 12899 runtime_context.cpp:27] DecreaseCounter constructing_actor_cnt, current val is 5
I0910 21:23:11.855866 12899 thread.cpp:77] thread 55 construct actor 241892558110774
I0910 21:23:11.856439 12838 normal_forward_compute_actor.cpp:28] actor 42 switch to &NormalForwardCompActor::HandlerNormal
I0910 21:23:11.856590 12838 runtime_context.cpp:27] DecreaseCounter constructing_actor_cnt, current val is 4
I0910 21:23:11.856621 12838 thread.cpp:77] thread 0 construct actor 43
I0910 21:23:11.857069 12899 tick_compute_actor.cpp:22] actor 241892558110774 switch to &TickComputeActor::HandlerNormal
I0910 21:23:11.857216 12899 runtime_context.cpp:27] DecreaseCounter constructing_actor_cnt, current val is 3
I0910 21:23:11.857275 12899 thread.cpp:77] thread 55 construct actor 241892558110775
I0910 21:23:11.857851 12838 tick_compute_actor.cpp:22] actor 43 switch to &TickComputeActor::HandlerNormal
I0910 21:23:11.858011 12838 runtime_context.cpp:27] DecreaseCounter constructing_actor_cnt, current val is 2
I0910 21:23:11.858042 12838 thread.cpp:77] thread 0 construct actor 45
I0910 21:23:11.858484 12899 tick_compute_actor.cpp:22] actor 241892558110775 switch to &TickComputeActor::HandlerNormal
I0910 21:23:11.858624 12899 runtime_context.cpp:27] DecreaseCounter constructing_actor_cnt, current val is 1
I0910 21:23:11.859346 12838 normal_forward_compute_actor.cpp:28] actor 45 switch to &NormalForwardCompActor::HandlerNormal
