I0910 21:21:02.236718  9643 runtime_context.cpp:27] DecreaseCounter constructing_actor_cnt, current val is 1
I0910 21:21:02.236747  9643 thread.cpp:77] thread 0 construct actor 46
I0910 21:21:02.237974  9643 normal_forward_compute_actor.cpp:28] actor 46 switch to &NormalForwardCompActor::HandlerNormal
I0910 21:21:02.238117  9643 runtime_context.cpp:27] DecreaseCounter constructing_actor_cnt, current val is 0
I0910 21:21:02.239045  8923 runtime.cpp:82] Actors on this machine constructed
I0910 21:21:02.239732  8923 runtime.cpp:84] Actors on every machine constructed
I0910 21:21:02.240345  8923 runtime_context.cpp:21] NewCounter running_actor_cnt 133
I0910 21:21:02.240491  9710 wait_and_send_ids_compute_actor.cpp:49] actor 268280837177344 switch to &WaitAndSendIdsCompActor::HandlerNormal
I0910 21:21:02.256456  8923 global.h:37] DeleteGlobal N7oneflow7OneflowE
I0910 21:21:02.256754  9710 actor.cpp:333] actor 268280837177344 switch to &Actor::HandlerZombie
I0910 21:21:02.256775  9704 actor.cpp:333] actor 241892558110772 switch to &Actor::HandlerZombie
I0910 21:21:02.256947  9710 thread.cpp:67] thread 61 deconstruct actor 268280837177344
I0910 21:21:02.256973  9704 actor.cpp:330] actor 241892558110773 switch to nullptr
I0910 21:21:02.257035  9704 thread.cpp:67] thread 55 deconstruct actor 241892558110773
I0910 21:21:02.257294  9704 runtime_context.cpp:27] DecreaseCounter running_actor_cnt, current val is 132
I0910 21:21:02.257366  9704 actor.cpp:330] actor 241892558110774 switch to nullptr
I0910 21:21:02.257396  9704 thread.cpp:67] thread 55 deconstruct actor 241892558110774
I0910 21:21:02.257428  9643 actor.cpp:330] actor 19 switch to nullptr
I0910 21:21:02.257503  9710 runtime_context.cpp:27] DecreaseCounter running_actor_cnt, current val is 131
I0910 21:21:02.257519  9643 thread.cpp:67] thread 0 deconstruct actor 19
I0910 21:21:02.257555  9704 runtime_context.cpp:27] DecreaseCounter running_actor_cnt, current val is 130
I0910 21:21:02.257709  9704 actor.cpp:330] actor 241892558110775 switch to nullptr
I0910 21:21:02.257745  9704 thread.cpp:67] thread 55 deconstruct actor 241892558110775
I0910 21:21:02.257786  9643 runtime_context.cpp:27] DecreaseCounter running_actor_cnt, current val is 129
I0910 21:21:02.257869  9643 actor.cpp:330] actor 10 switch to nullptr
I0910 21:21:02.257894  9704 runtime_context.cpp:27] DecreaseCounter running_actor_cnt, current val is 128
I0910 21:21:02.257908  9643 thread.cpp:67] thread 0 deconstruct actor 10
I0910 21:21:02.257970  9704 actor.cpp:330] actor 241892558110776 switch to nullptr
I0910 21:21:02.258002  9704 thread.cpp:67] thread 55 deconstruct actor 241892558110776
I0910 21:21:02.258098  9643 runtime_context.cpp:27] DecreaseCounter running_actor_cnt, current val is 127
I0910 21:21:02.258142  9704 runtime_context.cpp:27] DecreaseCounter running_actor_cnt, current val is 126
I0910 21:21:02.258172  9643 actor.cpp:330] actor 8 switch to nullptr
I0910 21:21:02.258214  9704 actor.cpp:330] actor 241892558110783 switch to nullptr
I0910 21:21:02.258220  9643 thread.cpp:67] thread 0 deconstruct actor 8
I0910 21:21:02.258255  9704 thread.cpp:67] thread 55 deconstruct actor 241892558110783
I0910 21:21:02.258407  9643 runtime_context.cpp:27] DecreaseCounter running_actor_cnt, current val is 125
I0910 21:21:02.258426  9704 runtime_context.cpp:27] DecreaseCounter running_actor_cnt, current val is 124
I0910 21:21:02.258482  9643 actor.cpp:330] actor 16 switch to nullptr
I0910 21:21:02.258605  9643 thread.cpp:67] thread 0 deconstruct actor 16
I0910 21:21:02.258600  9704 actor.cpp:330] actor 241892558110780 switch to nullptr
I0910 21:21:02.258733  9704 thread.cpp:67] thread 55 deconstruct actor 241892558110780
I0910 21:21:02.258814  9643 runtime_context.cpp:27] DecreaseCounter running_actor_cnt, current val is 123
I0910 21:21:02.258883  9643 actor.cpp:330] actor 4 switch to nullptr
I0910 21:21:02.258880  9704 runtime_context.cpp:27] DecreaseCounter running_actor_cnt, current val is 122
I0910 21:21:02.258917  9643 thread.cpp:67] thread 0 deconstruct actor 4
I0910 21:21:02.258983  9704 actor.cpp:330] actor 241892558110777 switch to nullptr
I0910 21:21:02.259016  9704 thread.cpp:67] thread 55 deconstruct actor 241892558110777
I0910 21:21:02.259100  9643 runtime_context.cpp:27] DecreaseCounter running_actor_cnt, current val is 121
I0910 21:21:02.259171  9643 actor.cpp:330] actor 14 switch to nullptr
I0910 21:21:02.259172  9704 runtime_context.cpp:27] DecreaseCounter running_actor_cnt, current val is 120
I0910 21:21:02.259222  9643 thread.cpp:67] thread 0 deconstruct actor 14
I0910 21:21:02.259274  9704 actor.cpp:330] actor 241892558110782 switch to nullptr
I0910 21:21:02.259296  9704 thread.cpp:67] thread 55 deconstruct actor 241892558110782
I0910 21:21:02.259380  9643 runtime_context.cpp:27] DecreaseCounter running_actor_cnt, current val is 119
I0910 21:21:02.259428  9704 runtime_context.cpp:27] DecreaseCounter running_actor_cnt, current val is 118
I0910 21:21:02.259438  9643 actor.cpp:330] actor 2 switch to nullptr
I0910 21:21:02.259485  9643 thread.cpp:67] thread 0 deconstruct actor 2
I0910 21:21:02.259493  9704 actor.cpp:330] actor 241892558110781 switch to nullptr
I0910 21:21:02.259516  9704 thread.cpp:67] thread 55 deconstruct actor 241892558110781
I0910 21:21:02.259615  9643 runtime_context.cpp:27] DecreaseCounter running_actor_cnt, current val is 117
I0910 21:21:02.259646  9704 runtime_context.cpp:27] DecreaseCounter running_actor_cnt, current val is 116
I0910 21:21:02.259673  9643 actor.cpp:333] actor 0 switch to &Actor::HandlerZombie
I0910 21:21:02.259701  9704 actor.cpp:330] actor 241892558110779 switch to nullptr
I0910 21:21:02.259719  9643 actor.cpp:333] actor 11 switch to &Actor::HandlerZombie
I0910 21:21:02.259734  9704 thread.cpp:67] thread 55 deconstruct actor 241892558110779
I0910 21:21:02.259774  9643 actor.cpp:333] actor 9 switch to &Actor::HandlerZombie
I0910 21:21:02.259809  9643 actor.cpp:333] actor 17 switch to &Actor::HandlerZombie
I0910 21:21:02.259838  9643 actor.cpp:330] actor 44 switch to nullptr
I0910 21:21:02.259853  9643 thread.cpp:67] thread 0 deconstruct actor 44
I0910 21:21:02.259913  9704 runtime_context.cpp:27] DecreaseCounter running_actor_cnt, current val is 115
I0910 21:21:02.259976  9643 runtime_context.cpp:27] DecreaseCounter running_actor_cnt, current val is 114
I0910 21:21:02.259986  9704 actor.cpp:330] actor 241892558110778 switch to nullptr
I0910 21:21:02.260025  9704 thread.cpp:67] thread 55 deconstruct actor 241892558110778
I0910 21:21:02.260035  9643 actor.cpp:333] actor 5 switch to &Actor::HandlerZombie
I0910 21:21:02.260072  9643 actor.cpp:333] actor 15 switch to &Actor::HandlerZombie
I0910 21:21:02.260102  9643 actor.cpp:333] actor 3 switch to &Actor::HandlerZombie
I0910 21:21:02.260139  9643 actor.cpp:333] actor 13 switch to &Actor::HandlerZombie
I0910 21:21:02.260172  9643 actor.cpp:333] actor 7 switch to &Actor::HandlerZombie
I0910 21:21:02.260193  9704 runtime_context.cpp:27] DecreaseCounter running_actor_cnt, current val is 113
I0910 21:21:02.260236  9643 actor.cpp:333] actor 1 switch to &Actor::HandlerZombie
I0910 21:21:02.260291  9704 actor.cpp:330] actor 241892558110725 switch to nullptr
I0910 21:21:02.260291  9643 actor.cpp:333] actor 21 switch to &Actor::HandlerZombie
I0910 21:21:02.260339  9647 actor.cpp:333] actor 8796093022208 switch to &Actor::HandlerZombie
I0910 21:21:02.260344  9704 thread.cpp:67] thread 55 deconstruct actor 241892558110725
I0910 21:21:02.260430  9643 actor.cpp:330] actor 12 switch to nullptr
I0910 21:21:02.260572  9643 thread.cpp:67] thread 0 deconstruct actor 12
I0910 21:21:02.260419  9657 actor.cpp:330] actor 35184372088832 switch to nullptr
I0910 21:21:02.260462  9656 actor.cpp:330] actor 30786325577728 switch to nullptr
I0910 21:21:02.260468  9655 actor.cpp:330] actor 26388279066624 switch to nullptr
I0910 21:21:02.260772  9655 thread.cpp:67] thread 6 deconstruct actor 26388279066624
I0910 21:21:02.260668  9704 runtime_context.cpp:27] DecreaseCounter running_actor_cnt, current val is 112
I0910 21:21:02.260671  9657 thread.cpp:67] thread 8 deconstruct actor 35184372088832
I0910 21:21:02.260881  9704 actor.cpp:330] actor 241892558110730 switch to nullptr
I0910 21:21:02.260921  9704 thread.cpp:67] thread 55 deconstruct actor 241892558110730
I0910 21:21:02.260939  9655 runtime_context.cpp:27] DecreaseCounter running_actor_cnt, current val is 110
I0910 21:21:02.260723  9656 thread.cpp:67] thread 7 deconstruct actor 30786325577728
I0910 21:21:02.260512  9647 actor.cpp:330] actor 8796093022210 switch to nullptr
I0910 21:21:02.260869  9643 runtime_context.cpp:27] DecreaseCounter running_actor_cnt, current val is 111
I0910 21:21:02.261099  9647 thread.cpp:67] thread 2 deconstruct actor 8796093022210
I0910 21:21:02.261026  9657 runtime_context.cpp:27] DecreaseCounter running_actor_cnt, current val is 109
I0910 21:21:02.261031  9655 actor.cpp:330] actor 26388279066625 switch to nullptr
I0910 21:21:02.261067  9704 runtime_context.cpp:27] DecreaseCounter running_actor_cnt, current val is 108
I0910 21:21:02.260975  9705 actor.cpp:330] actor 246290604621824 switch to nullptr
I0910 21:21:02.261409  9705 thread.cpp:67] thread 56 deconstruct actor 246290604621824
I0910 21:21:02.261126  9656 runtime_context.cpp:27] DecreaseCounter running_actor_cnt, current val is 107
I0910 21:21:02.261296  9655 thread.cpp:67] thread 6 deconstruct actor 26388279066625
I0910 21:21:02.261371  9704 actor.cpp:330] actor 241892558110768 switch to nullptr
I0910 21:21:02.261128  9643 thread.cpp:67] thread 0 deconstruct actor 11
I0910 21:21:02.261464  9647 runtime_context.cpp:27] DecreaseCounter running_actor_cnt, current val is 106
I0910 21:21:02.261632  9705 runtime_context.cpp:27] DecreaseCounter running_actor_cnt, current val is 105
I0910 21:21:02.261567  9704 thread.cpp:67] thread 55 deconstruct actor 241892558110768
I0910 21:21:02.261739  9655 runtime_context.cpp:27] DecreaseCounter running_actor_cnt, current val is 104
I0910 21:21:02.261858  9704 runtime_context.cpp:27] DecreaseCounter running_actor_cnt, current val is 103
I0910 21:21:02.261874  9643 runtime_context.cpp:27] DecreaseCounter running_actor_cnt, current val is 102
I0910 21:21:02.261935  9704 actor.cpp:330] actor 241892558110752 switch to nullptr
I0910 21:21:02.261965  9643 actor.cpp:333] actor 18 switch to &Actor::HandlerZombie
I0910 21:21:02.261974  9704 thread.cpp:67] thread 55 deconstruct actor 241892558110752
I0910 21:21:02.262012  9643 actor.cpp:333] actor 42 switch to &Actor::HandlerZombie
I0910 21:21:02.262003  9708 actor.cpp:330] actor 259484744155136 switch to nullptr
I0910 21:21:02.262055  9707 actor.cpp:333] actor 255086697644032 switch to &Actor::HandlerZombie
I0910 21:21:02.262118  9647 actor.cpp:330] actor 8796093022219 switch to nullptr
I0910 21:21:02.262096  9708 thread.cpp:67] thread 59 deconstruct actor 259484744155136
I0910 21:21:02.262071  9643 actor.cpp:333] actor 41 switch to &Actor::HandlerZombie
I0910 21:21:02.262171  9704 runtime_context.cpp:27] DecreaseCounter running_actor_cnt, current val is 101
I0910 21:21:02.262248  9643 actor.cpp:333] actor 40 switch to &Actor::HandlerZombie
I0910 21:21:02.262173  9647 thread.cpp:67] thread 2 deconstruct actor 8796093022219
I0910 21:21:02.262290  9643 actor.cpp:333] actor 43 switch to &Actor::HandlerZombie
I0910 21:21:02.262295  9704 actor.cpp:330] actor 241892558110736 switch to nullptr
I0910 21:21:02.262324  9643 actor.cpp:333] actor 39 switch to &Actor::HandlerZombie
I0910 21:21:02.262331  9704 thread.cpp:67] thread 55 deconstruct actor 241892558110736
I0910 21:21:02.262363  9643 actor.cpp:333] actor 38 switch to &Actor::HandlerZombie
I0910 21:21:02.262428  9708 runtime_context.cpp:27] DecreaseCounter running_actor_cnt, current val is 100
I0910 21:21:02.262496  9647 runtime_context.cpp:27] DecreaseCounter running_actor_cnt, current val is 99
I0910 21:21:02.262518  9643 actor.cpp:330] actor 6 switch to nullptr
I0910 21:21:02.262606  9704 runtime_context.cpp:27] DecreaseCounter running_actor_cnt, current val is 98
I0910 21:21:02.262655  9643 thread.cpp:67] thread 0 deconstruct actor 6
I0910 21:21:02.262683  9647 actor.cpp:330] actor 8796093022218 switch to nullptr
I0910 21:21:02.262719  9704 actor.cpp:330] actor 241892558110764 switch to nullptr
I0910 21:21:02.262753  9647 thread.cpp:67] thread 2 deconstruct actor 8796093022218
I0910 21:21:02.262779  9704 thread.cpp:67] thread 55 deconstruct actor 241892558110764
I0910 21:21:02.262815  9709 actor.cpp:330] actor 263882790666240 switch to nullptr
I0910 21:21:02.262954  9709 thread.cpp:67] thread 60 deconstruct actor 263882790666240
I0910 21:21:02.262957  9643 runtime_context.cpp:27] DecreaseCounter running_actor_cnt, current val is 97
I0910 21:21:02.262975  9704 runtime_context.cpp:27] DecreaseCounter running_actor_cnt, current val is 96
I0910 21:21:02.263008  9647 runtime_context.cpp:27] DecreaseCounter running_actor_cnt, current val is 95
I0910 21:21:02.263049  9643 thread.cpp:67] thread 0 deconstruct actor 17
I0910 21:21:02.263104  9704 actor.cpp:330] actor 241892558110758 switch to nullptr
I0910 21:21:02.263167  9647 actor.cpp:330] actor 8796093022217 switch to nullptr
I0910 21:21:02.263185  9704 thread.cpp:67] thread 55 deconstruct actor 241892558110758
I0910 21:21:02.263216  9709 runtime_context.cpp:27] DecreaseCounter running_actor_cnt, current val is 94
I0910 21:21:02.263226  9647 thread.cpp:67] thread 2 deconstruct actor 8796093022217
I0910 21:21:02.263375  9704 runtime_context.cpp:27] DecreaseCounter running_actor_cnt, current val is 93
I0910 21:21:02.263401  9643 runtime_context.cpp:27] DecreaseCounter running_actor_cnt, current val is 92
I0910 21:21:02.263451  9704 actor.cpp:330] actor 241892558110757 switch to nullptr
I0910 21:21:02.263461  9643 thread.cpp:67] thread 0 deconstruct actor 5
I0910 21:21:02.263484  9704 thread.cpp:67] thread 55 deconstruct actor 241892558110757
I0910 21:21:02.263554  9647 runtime_context.cpp:27] DecreaseCounter running_actor_cnt, current val is 91
I0910 21:21:02.263649  9647 actor.cpp:330] actor 8796093022220 switch to nullptr
I0910 21:21:02.263665  9704 runtime_context.cpp:27] DecreaseCounter running_actor_cnt, current val is 90
I0910 21:21:02.263702  9647 thread.cpp:67] thread 2 deconstruct actor 8796093022220
I0910 21:21:02.263765  9704 actor.cpp:330] actor 241892558110747 switch to nullptr
I0910 21:21:02.263769  9643 runtime_context.cpp:27] DecreaseCounter running_actor_cnt, current val is 89
I0910 21:21:02.263800  9704 thread.cpp:67] thread 55 deconstruct actor 241892558110747
I0910 21:21:02.263859  9643 thread.cpp:67] thread 0 deconstruct actor 15
I0910 21:21:02.263948  9647 runtime_context.cpp:27] DecreaseCounter running_actor_cnt, current val is 88
I0910 21:21:02.263988  9704 runtime_context.cpp:27] DecreaseCounter running_actor_cnt, current val is 87
I0910 21:21:02.264046  9647 actor.cpp:330] actor 8796093022216 switch to nullptr
I0910 21:21:02.264060  9704 actor.cpp:330] actor 241892558110741 switch to nullptr
I0910 21:21:02.264109  9706 actor.cpp:330] actor 250688651132928 switch to nullptr
I0910 21:21:02.264099  9647 thread.cpp:67] thread 2 deconstruct actor 8796093022216
I0910 21:21:02.264127  9704 thread.cpp:67] thread 55 deconstruct actor 241892558110741
I0910 21:21:02.264216  9655 actor.cpp:330] actor 26388279066626 switch to nullptr
I0910 21:21:02.264190  9706 thread.cpp:67] thread 57 deconstruct actor 250688651132928
I0910 21:21:02.264158  9643 runtime_context.cpp:27] DecreaseCounter running_actor_cnt, current val is 86
I0910 21:21:02.264396  9647 runtime_context.cpp:27] DecreaseCounter running_actor_cnt, current val is 84
I0910 21:21:02.264358  9704 runtime_context.cpp:27] DecreaseCounter running_actor_cnt, current val is 85
I0910 21:21:02.264349  9655 thread.cpp:67] thread 6 deconstruct actor 26388279066626
I0910 21:21:02.264420  9643 thread.cpp:67] thread 0 deconstruct actor 9
I0910 21:21:02.264492  9647 actor.cpp:330] actor 8796093022215 switch to nullptr
I0910 21:21:02.264528  9706 runtime_context.cpp:27] DecreaseCounter running_actor_cnt, current val is 83
I0910 21:21:02.264549  9704 actor.cpp:333] actor 241892558110721 switch to &Actor::HandlerZombie
I0910 21:21:02.264596  9707 thread.cpp:67] thread 58 deconstruct actor 255086697644032
I0910 21:21:02.264642  9647 thread.cpp:67] thread 2 deconstruct actor 8796093022215
I0910 21:21:02.264715  9704 thread.cpp:67] thread 55 deconstruct actor 241892558110721
I0910 21:21:02.264847  9643 runtime_context.cpp:27] DecreaseCounter running_actor_cnt, current val is 82
I0910 21:21:02.264866  9655 runtime_context.cpp:27] DecreaseCounter running_actor_cnt, current val is 81
I0910 21:21:02.264899  9643 thread.cpp:67] thread 0 deconstruct actor 18
I0910 21:21:02.264921  9704 runtime_context.cpp:27] DecreaseCounter running_actor_cnt, current val is 80
I0910 21:21:02.264971  9647 runtime_context.cpp:27] DecreaseCounter running_actor_cnt, current val is 78
I0910 21:21:02.264976  9707 runtime_context.cpp:27] DecreaseCounter running_actor_cnt, current val is 79
I0910 21:21:02.265029  9704 actor.cpp:330] actor 241892558110728 switch to nullptr
I0910 21:21:02.265059  9647 thread.cpp:67] thread 2 deconstruct actor 8796093022208
I0910 21:21:02.265122  9704 thread.cpp:67] thread 55 deconstruct actor 241892558110728
I0910 21:21:02.265219  9643 runtime_context.cpp:27] DecreaseCounter running_actor_cnt, current val is 77
I0910 21:21:02.265267  9643 thread.cpp:67] thread 0 deconstruct actor 3
I0910 21:21:02.265305  9704 runtime_context.cpp:27] DecreaseCounter running_actor_cnt, current val is 76
I0910 21:21:02.265345  9647 runtime_context.cpp:27] DecreaseCounter running_actor_cnt, current val is 75
I0910 21:21:02.265368  9704 actor.cpp:330] actor 241892558110729 switch to nullptr
I0910 21:21:02.265424  9704 thread.cpp:67] thread 55 deconstruct actor 241892558110729
I0910 21:21:02.265552  9643 runtime_context.cpp:27] DecreaseCounter running_actor_cnt, current val is 74
I0910 21:21:02.265564  9704 runtime_context.cpp:27] DecreaseCounter running_actor_cnt, current val is 73
I0910 21:21:02.265605  9643 thread.cpp:67] thread 0 deconstruct actor 21
I0910 21:21:02.265658  9704 actor.cpp:330] actor 241892558110751 switch to nullptr
I0910 21:21:02.265688  9704 thread.cpp:67] thread 55 deconstruct actor 241892558110751
I0910 21:21:02.265765  9643 runtime_context.cpp:27] DecreaseCounter running_actor_cnt, current val is 72
I0910 21:21:02.265812  9643 thread.cpp:67] thread 0 deconstruct actor 1
I0910 21:21:02.265826  9704 runtime_context.cpp:27] DecreaseCounter running_actor_cnt, current val is 71
I0910 21:21:02.265898  9704 actor.cpp:330] actor 241892558110759 switch to nullptr
I0910 21:21:02.265928  9704 thread.cpp:67] thread 55 deconstruct actor 241892558110759
I0910 21:21:02.266053  9704 runtime_context.cpp:27] DecreaseCounter running_actor_cnt, current val is 70
I0910 21:21:02.266088  9643 runtime_context.cpp:27] DecreaseCounter running_actor_cnt, current val is 69
I0910 21:21:02.266117  9704 actor.cpp:333] actor 241892558110754 switch to &Actor::HandlerZombie
I0910 21:21:02.266134  9643 thread.cpp:67] thread 0 deconstruct actor 0
I0910 21:21:02.266167  9704 actor.cpp:330] actor 241892558110740 switch to nullptr
I0910 21:21:02.266209  9704 thread.cpp:67] thread 55 deconstruct actor 241892558110740
I0910 21:21:02.266319  9643 runtime_context.cpp:27] DecreaseCounter running_actor_cnt, current val is 68
I0910 21:21:02.266357  9704 runtime_context.cpp:27] DecreaseCounter running_actor_cnt, current val is 67
I0910 21:21:02.266372  9643 thread.cpp:67] thread 0 deconstruct actor 13
I0910 21:21:02.266435  9704 actor.cpp:330] actor 241892558110723 switch to nullptr
I0910 21:21:02.266469  9704 thread.cpp:67] thread 55 deconstruct actor 241892558110723
I0910 21:21:02.266669  9704 runtime_context.cpp:27] DecreaseCounter running_actor_cnt, current val is 65
I0910 21:21:02.266674  9643 runtime_context.cpp:27] DecreaseCounter running_actor_cnt, current val is 66
I0910 21:21:02.266741  9704 actor.cpp:330] actor 241892558110727 switch to nullptr
I0910 21:21:02.266772  9704 thread.cpp:67] thread 55 deconstruct actor 241892558110727
I0910 21:21:02.266784  9643 actor.cpp:333] actor 20 switch to &Actor::HandlerZombie
I0910 21:21:02.266870  9643 actor.cpp:333] actor 27 switch to &Actor::HandlerZombie
I0910 21:21:02.266872  9647 actor.cpp:330] actor 8796093022209 switch to nullptr
I0910 21:21:02.266924  9643 actor.cpp:333] actor 22 switch to &Actor::HandlerZombie
I0910 21:21:02.266942  9647 thread.cpp:67] thread 2 deconstruct actor 8796093022209
I0910 21:21:02.266940  9704 runtime_context.cpp:27] DecreaseCounter running_actor_cnt, current val is 64
I0910 21:21:02.266990  9643 actor.cpp:333] actor 25 switch to &Actor::HandlerZombie
I0910 21:21:02.267052  9704 actor.cpp:330] actor 241892558110732 switch to nullptr
I0910 21:21:02.267088  9704 thread.cpp:67] thread 55 deconstruct actor 241892558110732
I0910 21:21:02.267091  9643 actor.cpp:333] actor 26 switch to &Actor::HandlerZombie
I0910 21:21:02.267189  9643 actor.cpp:333] actor 23 switch to &Actor::HandlerZombie
I0910 21:21:02.267187  9647 runtime_context.cpp:27] DecreaseCounter running_actor_cnt, current val is 63
I0910 21:21:02.267256  9643 actor.cpp:333] actor 24 switch to &Actor::HandlerZombie
I0910 21:21:02.267251  9704 runtime_context.cpp:27] DecreaseCounter running_actor_cnt, current val is 62
I0910 21:21:02.267318  9643 actor.cpp:333] actor 46 switch to &Actor::HandlerZombie
I0910 21:21:02.267330  9704 thread.cpp:67] thread 55 deconstruct actor 241892558110754
I0910 21:21:02.267340  9643 thread.cpp:67] thread 0 deconstruct actor 20
I0910 21:21:02.267472  9704 runtime_context.cpp:27] DecreaseCounter running_actor_cnt, current val is 61
I0910 21:21:02.267494  9643 runtime_context.cpp:27] DecreaseCounter running_actor_cnt, current val is 60
I0910 21:21:02.267540  9704 actor.cpp:330] actor 241892558110762 switch to nullptr
I0910 21:21:02.267571  9704 thread.cpp:67] thread 55 deconstruct actor 241892558110762
I0910 21:21:02.267572  9643 actor.cpp:333] actor 45 switch to &Actor::HandlerZombie
I0910 21:21:02.267640  9643 thread.cpp:67] thread 0 deconstruct actor 26
I0910 21:21:02.267652  9647 actor.cpp:330] actor 8796093022221 switch to nullptr
I0910 21:21:02.267704  9647 thread.cpp:67] thread 2 deconstruct actor 8796093022221
I0910 21:21:02.267720  9704 runtime_context.cpp:27] DecreaseCounter running_actor_cnt, current val is 59
I0910 21:21:02.267773  9704 actor.cpp:330] actor 241892558110756 switch to nullptr
I0910 21:21:02.267792  9704 thread.cpp:67] thread 55 deconstruct actor 241892558110756
I0910 21:21:02.267799  9643 runtime_context.cpp:27] DecreaseCounter running_actor_cnt, current val is 58
I0910 21:21:02.267838  9643 thread.cpp:67] thread 0 deconstruct actor 45
I0910 21:21:02.267915  9704 runtime_context.cpp:27] DecreaseCounter running_actor_cnt, current val is 56
I0910 21:21:02.267913  9647 runtime_context.cpp:27] DecreaseCounter running_actor_cnt, current val is 57
I0910 21:21:02.267971  9704 actor.cpp:330] actor 241892558110743 switch to nullptr
I0910 21:21:02.267956  9643 runtime_context.cpp:27] DecreaseCounter running_actor_cnt, current val is 55
I0910 21:21:02.267994  9704 thread.cpp:67] thread 55 deconstruct actor 241892558110743
I0910 21:21:02.268023  9643 thread.cpp:67] thread 0 deconstruct actor 7
I0910 21:21:02.268139  9704 runtime_context.cpp:27] DecreaseCounter running_actor_cnt, current val is 54
I0910 21:21:02.268203  9704 actor.cpp:333] actor 241892558110722 switch to &Actor::HandlerZombie
I0910 21:21:02.268239  9704 actor.cpp:330] actor 241892558110724 switch to nullptr
I0910 21:21:02.268254  9704 thread.cpp:67] thread 55 deconstruct actor 241892558110724
I0910 21:21:02.268332  9643 runtime_context.cpp:27] DecreaseCounter running_actor_cnt, current val is 53
I0910 21:21:02.268368  9643 thread.cpp:67] thread 0 deconstruct actor 46
I0910 21:21:02.268379  9704 runtime_context.cpp:27] DecreaseCounter running_actor_cnt, current val is 52
I0910 21:21:02.268465  9704 actor.cpp:330] actor 241892558110735 switch to nullptr
I0910 21:21:02.268486  9704 thread.cpp:67] thread 55 deconstruct actor 241892558110735
I0910 21:21:02.268568  9643 runtime_context.cpp:27] DecreaseCounter running_actor_cnt, current val is 51
I0910 21:21:02.268606  9643 thread.cpp:67] thread 0 deconstruct actor 40
I0910 21:21:02.268610  9704 runtime_context.cpp:27] DecreaseCounter running_actor_cnt, current val is 50
I0910 21:21:02.268672  9704 actor.cpp:333] actor 241892558110761 switch to &Actor::HandlerZombie
I0910 21:21:02.268719  9704 actor.cpp:330] actor 241892558110763 switch to nullptr
I0910 21:21:02.268744  9643 runtime_context.cpp:27] DecreaseCounter running_actor_cnt, current val is 49
I0910 21:21:02.268751  9704 thread.cpp:67] thread 55 deconstruct actor 241892558110763
I0910 21:21:02.268797  9643 thread.cpp:67] thread 0 deconstruct actor 38
I0910 21:21:02.268930  9704 runtime_context.cpp:27] DecreaseCounter running_actor_cnt, current val is 48
I0910 21:21:02.268952  9643 runtime_context.cpp:27] DecreaseCounter running_actor_cnt, current val is 47
I0910 21:21:02.268998  9704 actor.cpp:330] actor 241892558110755 switch to nullptr
I0910 21:21:02.269001  9643 thread.cpp:67] thread 0 deconstruct actor 43
I0910 21:21:02.269024  9704 thread.cpp:67] thread 55 deconstruct actor 241892558110755
I0910 21:21:02.269157  9643 runtime_context.cpp:27] DecreaseCounter running_actor_cnt, current val is 46
I0910 21:21:02.269172  9704 runtime_context.cpp:27] DecreaseCounter running_actor_cnt, current val is 45
I0910 21:21:02.269202  9643 thread.cpp:67] thread 0 deconstruct actor 39
I0910 21:21:02.269248  9704 actor.cpp:330] actor 241892558110746 switch to nullptr
I0910 21:21:02.269268  9704 thread.cpp:67] thread 55 deconstruct actor 241892558110746
I0910 21:21:02.269357  9643 runtime_context.cpp:27] DecreaseCounter running_actor_cnt, current val is 44
I0910 21:21:02.269389  9643 thread.cpp:67] thread 0 deconstruct actor 42
I0910 21:21:02.269394  9704 runtime_context.cpp:27] DecreaseCounter running_actor_cnt, current val is 43
I0910 21:21:02.269444  9704 thread.cpp:67] thread 55 deconstruct actor 241892558110722
I0910 21:21:02.269515  9643 runtime_context.cpp:27] DecreaseCounter running_actor_cnt, current val is 42
I0910 21:21:02.269546  9643 thread.cpp:67] thread 0 deconstruct actor 41
I0910 21:21:02.269574  9704 runtime_context.cpp:27] DecreaseCounter running_actor_cnt, current val is 41
I0910 21:21:02.269624  9704 actor.cpp:333] actor 241892558110733 switch to &Actor::HandlerZombie
I0910 21:21:02.269651  9704 thread.cpp:67] thread 55 deconstruct actor 241892558110761
I0910 21:21:02.269672  9643 runtime_context.cpp:27] DecreaseCounter running_actor_cnt, current val is 40
I0910 21:21:02.269737  9643 actor.cpp:333] actor 32 switch to &Actor::HandlerZombie
I0910 21:21:02.269798  9704 runtime_context.cpp:27] DecreaseCounter running_actor_cnt, current val is 39
I0910 21:21:02.269804  9643 actor.cpp:333] actor 30 switch to &Actor::HandlerZombie
I0910 21:21:02.269867  9704 actor.cpp:333] actor 241892558110744 switch to &Actor::HandlerZombie
I0910 21:21:02.269894  9643 actor.cpp:333] actor 33 switch to &Actor::HandlerZombie
I0910 21:21:02.269939  9643 actor.cpp:333] actor 34 switch to &Actor::HandlerZombie
I0910 21:21:02.269986  9643 actor.cpp:333] actor 31 switch to &Actor::HandlerZombie
I0910 21:21:02.270028  9643 actor.cpp:333] actor 35 switch to &Actor::HandlerZombie
I0910 21:21:02.270062  9643 thread.cpp:67] thread 0 deconstruct actor 35
I0910 21:21:02.270224  9643 runtime_context.cpp:27] DecreaseCounter running_actor_cnt, current val is 38
I0910 21:21:02.270259  9643 thread.cpp:67] thread 0 deconstruct actor 22
I0910 21:21:02.270393  9643 runtime_context.cpp:27] DecreaseCounter running_actor_cnt, current val is 37
I0910 21:21:02.270473  9643 actor.cpp:333] actor 28 switch to &Actor::HandlerZombie
I0910 21:21:02.270524  9643 actor.cpp:333] actor 29 switch to &Actor::HandlerZombie
I0910 21:21:02.270545  9647 actor.cpp:330] actor 8796093022211 switch to nullptr
I0910 21:21:02.270577  9643 thread.cpp:67] thread 0 deconstruct actor 24
I0910 21:21:02.270609  9647 thread.cpp:67] thread 2 deconstruct actor 8796093022211
I0910 21:21:02.270619  9704 actor.cpp:330] actor 241892558110734 switch to nullptr
I0910 21:21:02.270674  9704 thread.cpp:67] thread 55 deconstruct actor 241892558110734
I0910 21:21:02.270777  9643 runtime_context.cpp:27] DecreaseCounter running_actor_cnt, current val is 36
I0910 21:21:02.270805  9704 runtime_context.cpp:27] DecreaseCounter running_actor_cnt, current val is 35
I0910 21:21:02.270813  9643 thread.cpp:67] thread 0 deconstruct actor 25
I0910 21:21:02.270836  9647 runtime_context.cpp:27] DecreaseCounter running_actor_cnt, current val is 34
I0910 21:21:02.270844  9704 thread.cpp:67] thread 55 deconstruct actor 241892558110733
I0910 21:21:02.270936  9647 actor.cpp:330] actor 8796093022212 switch to nullptr
I0910 21:21:02.270968  9647 thread.cpp:67] thread 2 deconstruct actor 8796093022212
I0910 21:21:02.270977  9643 runtime_context.cpp:27] DecreaseCounter running_actor_cnt, current val is 33
I0910 21:21:02.271018  9704 runtime_context.cpp:27] DecreaseCounter running_actor_cnt, current val is 32
I0910 21:21:02.271068  9704 actor.cpp:330] actor 241892558110739 switch to nullptr
I0910 21:21:02.271087  9704 thread.cpp:67] thread 55 deconstruct actor 241892558110739
I0910 21:21:02.271114  9643 thread.cpp:67] thread 0 deconstruct actor 27
I0910 21:21:02.271219  9704 runtime_context.cpp:27] DecreaseCounter running_actor_cnt, current val is 31
I0910 21:21:02.271258  9643 runtime_context.cpp:27] DecreaseCounter running_actor_cnt, current val is 30
I0910 21:21:02.271270  9704 actor.cpp:330] actor 241892558110738 switch to nullptr
I0910 21:21:02.271292  9647 runtime_context.cpp:27] DecreaseCounter running_actor_cnt, current val is 29
I0910 21:21:02.271309  9704 thread.cpp:67] thread 55 deconstruct actor 241892558110738
I0910 21:21:02.271296  9643 thread.cpp:67] thread 0 deconstruct actor 23
I0910 21:21:02.271462  9704 runtime_context.cpp:27] DecreaseCounter running_actor_cnt, current val is 28
I0910 21:21:02.271486  9643 runtime_context.cpp:27] DecreaseCounter running_actor_cnt, current val is 27
I0910 21:21:02.271534  9643 thread.cpp:67] thread 0 deconstruct actor 29
I0910 21:21:02.271662  9643 runtime_context.cpp:27] DecreaseCounter running_actor_cnt, current val is 26
I0910 21:21:02.271706  9643 thread.cpp:67] thread 0 deconstruct actor 28
I0910 21:21:02.271833  9643 runtime_context.cpp:27] DecreaseCounter running_actor_cnt, current val is 25
I0910 21:21:02.271898  9643 actor.cpp:330] actor 48 switch to nullptr
I0910 21:21:02.271929  9643 thread.cpp:67] thread 0 deconstruct actor 48
I0910 21:21:02.271998  9647 actor.cpp:330] actor 8796093022223 switch to nullptr
I0910 21:21:02.272045  9643 runtime_context.cpp:27] DecreaseCounter running_actor_cnt, current val is 24
I0910 21:21:02.272089  9647 thread.cpp:67] thread 2 deconstruct actor 8796093022223
I0910 21:21:02.272078  9704 actor.cpp:330] actor 241892558110771 switch to nullptr
I0910 21:21:02.272143  9643 actor.cpp:330] actor 47 switch to nullptr
I0910 21:21:02.272159  9704 thread.cpp:67] thread 55 deconstruct actor 241892558110771
I0910 21:21:02.272188  9643 thread.cpp:67] thread 0 deconstruct actor 47
I0910 21:21:02.272320  9704 runtime_context.cpp:27] DecreaseCounter running_actor_cnt, current val is 23
I0910 21:21:02.272323  9643 runtime_context.cpp:27] DecreaseCounter running_actor_cnt, current val is 22
I0910 21:21:02.272344  9647 runtime_context.cpp:27] DecreaseCounter running_actor_cnt, current val is 21
I0910 21:21:02.272374  9704 actor.cpp:330] actor 241892558110770 switch to nullptr
I0910 21:21:02.272380  9643 thread.cpp:67] thread 0 deconstruct actor 31
I0910 21:21:02.272424  9704 thread.cpp:67] thread 55 deconstruct actor 241892558110770
I0910 21:21:02.272459  9647 actor.cpp:330] actor 8796093022222 switch to nullptr
I0910 21:21:02.272491  9647 thread.cpp:67] thread 2 deconstruct actor 8796093022222
I0910 21:21:02.272562  9643 runtime_context.cpp:27] DecreaseCounter running_actor_cnt, current val is 20
I0910 21:21:02.272570  9704 runtime_context.cpp:27] DecreaseCounter running_actor_cnt, current val is 19
I0910 21:21:02.272620  9643 actor.cpp:333] actor 37 switch to &Actor::HandlerZombie
I0910 21:21:02.272653  9704 actor.cpp:330] actor 241892558110767 switch to nullptr
I0910 21:21:02.272689  9643 actor.cpp:333] actor 36 switch to &Actor::HandlerZombie
I0910 21:21:02.272693  9704 thread.cpp:67] thread 55 deconstruct actor 241892558110767
I0910 21:21:02.272718  9643 thread.cpp:67] thread 0 deconstruct actor 32
I0910 21:21:02.272784  9647 runtime_context.cpp:27] DecreaseCounter running_actor_cnt, current val is 18
I0910 21:21:02.272850  9704 runtime_context.cpp:27] DecreaseCounter running_actor_cnt, current val is 17
I0910 21:21:02.272869  9647 actor.cpp:330] actor 8796093022214 switch to nullptr
I0910 21:21:02.272873  9643 runtime_context.cpp:27] DecreaseCounter running_actor_cnt, current val is 16
I0910 21:21:02.272904  9704 actor.cpp:330] actor 241892558110766 switch to nullptr
I0910 21:21:02.272905  9647 thread.cpp:67] thread 2 deconstruct actor 8796093022214
I0910 21:21:02.272931  9643 thread.cpp:67] thread 0 deconstruct actor 33
I0910 21:21:02.272944  9704 thread.cpp:67] thread 55 deconstruct actor 241892558110766
I0910 21:21:02.273098  9643 runtime_context.cpp:27] DecreaseCounter running_actor_cnt, current val is 15
I0910 21:21:02.273109  9704 runtime_context.cpp:27] DecreaseCounter running_actor_cnt, current val is 14
I0910 21:21:02.273149  9647 runtime_context.cpp:27] DecreaseCounter running_actor_cnt, current val is 13
I0910 21:21:02.273136  9643 thread.cpp:67] thread 0 deconstruct actor 30
I0910 21:21:02.273216  9704 actor.cpp:330] actor 241892558110785 switch to nullptr
I0910 21:21:02.273252  9704 thread.cpp:67] thread 55 deconstruct actor 241892558110785
I0910 21:21:02.273252  9711 actor.cpp:330] actor 272678883688448 switch to nullptr
I0910 21:21:02.273255  9647 actor.cpp:330] actor 8796093022213 switch to nullptr
I0910 21:21:02.273294  9711 thread.cpp:67] thread 62 deconstruct actor 272678883688448
I0910 21:21:02.273339  9643 runtime_context.cpp:27] DecreaseCounter running_actor_cnt, current val is 12
I0910 21:21:02.273334  9647 thread.cpp:67] thread 2 deconstruct actor 8796093022213
I0910 21:21:02.273383  9643 thread.cpp:67] thread 0 deconstruct actor 34
I0910 21:21:02.273397  9704 runtime_context.cpp:27] DecreaseCounter running_actor_cnt, current val is 11
I0910 21:21:02.273454  9704 actor.cpp:330] actor 241892558110750 switch to nullptr
I0910 21:21:02.273473  9704 thread.cpp:67] thread 55 deconstruct actor 241892558110750
I0910 21:21:02.273479  9711 runtime_context.cpp:27] DecreaseCounter running_actor_cnt, current val is 10
I0910 21:21:02.273526  9643 runtime_context.cpp:27] DecreaseCounter running_actor_cnt, current val is 9
I0910 21:21:02.273557  9643 thread.cpp:67] thread 0 deconstruct actor 37
I0910 21:21:02.273577  9647 runtime_context.cpp:27] DecreaseCounter running_actor_cnt, current val is 8
I0910 21:21:02.273594  9704 runtime_context.cpp:27] DecreaseCounter running_actor_cnt, current val is 7
I0910 21:21:02.273663  9704 actor.cpp:330] actor 241892558110745 switch to nullptr
I0910 21:21:02.273672  9643 runtime_context.cpp:27] DecreaseCounter running_actor_cnt, current val is 6
I0910 21:21:02.273681  9704 thread.cpp:67] thread 55 deconstruct actor 241892558110745
I0910 21:21:02.273712  9643 thread.cpp:67] thread 0 deconstruct actor 36
I0910 21:21:02.273834  9704 runtime_context.cpp:27] DecreaseCounter running_actor_cnt, current val is 5
I0910 21:21:02.273840  9643 runtime_context.cpp:27] DecreaseCounter running_actor_cnt, current val is 4
I0910 21:21:02.273886  9704 actor.cpp:330] actor 241892558110749 switch to nullptr
I0910 21:21:02.273907  9704 thread.cpp:67] thread 55 deconstruct actor 241892558110749
I0910 21:21:02.274027  9704 runtime_context.cpp:27] DecreaseCounter running_actor_cnt, current val is 3
I0910 21:21:02.274060  9704 thread.cpp:67] thread 55 deconstruct actor 241892558110744
I0910 21:21:02.274224  9704 runtime_context.cpp:27] DecreaseCounter running_actor_cnt, current val is 2
I0910 21:21:02.274296  9704 actor.cpp:330] actor 241892558110784 switch to nullptr
I0910 21:21:02.274317  9704 thread.cpp:67] thread 55 deconstruct actor 241892558110784
I0910 21:21:02.274477  9704 runtime_context.cpp:27] DecreaseCounter running_actor_cnt, current val is 1
I0910 21:21:02.274511  9704 thread.cpp:67] thread 55 deconstruct actor 241892558110772
I0910 21:21:02.274662  9704 runtime_context.cpp:27] DecreaseCounter running_actor_cnt, current val is 0
I0910 21:21:02.275106  8923 global.h:37] DeleteGlobal N7oneflow15RuntimeJobDescsE
I0910 21:21:02.275238  8923 global.h:37] DeleteGlobal N7oneflow6boxing10collective31CollectiveBoxingDeviceCtxPollerE
I0910 21:21:02.275471  8923 global.h:37] DeleteGlobal N7oneflow9ThreadMgrE
I0910 21:21:02.276151  8923 thread_manager.cpp:33] actor thread 0 finish
I0910 21:21:02.276331  8923 thread_manager.cpp:33] actor thread 1 finish
I0910 21:21:02.276480  8923 thread_manager.cpp:33] actor thread 2 finish
I0910 21:21:02.276625  8923 thread_manager.cpp:33] actor thread 3 finish
I0910 21:21:02.276788  8923 thread_manager.cpp:33] actor thread 4 finish
I0910 21:21:02.276890  8923 thread_manager.cpp:33] actor thread 5 finish
I0910 21:21:02.277050  8923 thread_manager.cpp:33] actor thread 6 finish
I0910 21:21:02.277141  8923 thread_manager.cpp:33] actor thread 7 finish
I0910 21:21:02.277293  8923 thread_manager.cpp:33] actor thread 8 finish
I0910 21:21:02.277376  8923 thread_manager.cpp:33] actor thread 9 finish
I0910 21:21:02.277449  8923 thread_manager.cpp:33] actor thread 10 finish
I0910 21:21:02.277523  8923 thread_manager.cpp:33] actor thread 11 finish
I0910 21:21:02.277614  8923 thread_manager.cpp:33] actor thread 12 finish
I0910 21:21:02.277698  8923 thread_manager.cpp:33] actor thread 13 finish
I0910 21:21:02.277779  8923 thread_manager.cpp:33] actor thread 14 finish
I0910 21:21:02.277853  8923 thread_manager.cpp:33] actor thread 15 finish
I0910 21:21:02.277925  8923 thread_manager.cpp:33] actor thread 16 finish
I0910 21:21:02.277999  8923 thread_manager.cpp:33] actor thread 17 finish
I0910 21:21:02.278074  8923 thread_manager.cpp:33] actor thread 18 finish
I0910 21:21:02.278146  8923 thread_manager.cpp:33] actor thread 19 finish
I0910 21:21:02.278223  8923 thread_manager.cpp:33] actor thread 20 finish
I0910 21:21:02.278297  8923 thread_manager.cpp:33] actor thread 21 finish
I0910 21:21:02.278367  8923 thread_manager.cpp:33] actor thread 22 finish
I0910 21:21:02.278439  8923 thread_manager.cpp:33] actor thread 23 finish
I0910 21:21:02.278508  8923 thread_manager.cpp:33] actor thread 24 finish
I0910 21:21:02.278578  8923 thread_manager.cpp:33] actor thread 25 finish
I0910 21:21:02.278653  8923 thread_manager.cpp:33] actor thread 26 finish
I0910 21:21:02.278726  8923 thread_manager.cpp:33] actor thread 27 finish
I0910 21:21:02.278800  8923 thread_manager.cpp:33] actor thread 28 finish
I0910 21:21:02.278872  8923 thread_manager.cpp:33] actor thread 29 finish
I0910 21:21:02.278961  8923 thread_manager.cpp:33] actor thread 30 finish
I0910 21:21:02.279042  8923 thread_manager.cpp:33] actor thread 31 finish
I0910 21:21:02.279124  8923 thread_manager.cpp:33] actor thread 32 finish
I0910 21:21:02.279204  8923 thread_manager.cpp:33] actor thread 33 finish
I0910 21:21:02.279279  8923 thread_manager.cpp:33] actor thread 34 finish
I0910 21:21:02.279353  8923 thread_manager.cpp:33] actor thread 35 finish
I0910 21:21:02.279426  8923 thread_manager.cpp:33] actor thread 36 finish
I0910 21:21:02.279497  8923 thread_manager.cpp:33] actor thread 37 finish
I0910 21:21:02.279568  8923 thread_manager.cpp:33] actor thread 38 finish
I0910 21:21:02.279639  8923 thread_manager.cpp:33] actor thread 39 finish
I0910 21:21:02.279718  8923 thread_manager.cpp:33] actor thread 40 finish
I0910 21:21:02.279789  8923 thread_manager.cpp:33] actor thread 41 finish
I0910 21:21:02.279861  8923 thread_manager.cpp:33] actor thread 42 finish
I0910 21:21:02.279932  8923 thread_manager.cpp:33] actor thread 43 finish
I0910 21:21:02.280004  8923 thread_manager.cpp:33] actor thread 44 finish
I0910 21:21:02.280151  8923 thread_manager.cpp:33] actor thread 45 finish
I0910 21:21:02.280248  8923 thread_manager.cpp:33] actor thread 46 finish
I0910 21:21:02.280340  8923 thread_manager.cpp:33] actor thread 47 finish
I0910 21:21:02.280422  8923 thread_manager.cpp:33] actor thread 48 finish
I0910 21:21:02.280503  8923 thread_manager.cpp:33] actor thread 49 finish
I0910 21:21:02.280591  8923 thread_manager.cpp:33] actor thread 50 finish
I0910 21:21:02.280668  8923 thread_manager.cpp:33] actor thread 51 finish
I0910 21:21:02.280741  8923 thread_manager.cpp:33] actor thread 52 finish
I0910 21:21:02.280812  8923 thread_manager.cpp:33] actor thread 53 finish
I0910 21:21:02.280882  8923 thread_manager.cpp:33] actor thread 54 finish
I0910 21:21:02.280968  8923 thread_manager.cpp:33] actor thread 55 finish
I0910 21:21:02.281059  8923 thread_manager.cpp:33] actor thread 56 finish
I0910 21:21:02.281144  8923 thread_manager.cpp:33] actor thread 57 finish
I0910 21:21:02.281280  8923 thread_manager.cpp:33] actor thread 58 finish
I0910 21:21:02.281384  8923 thread_manager.cpp:33] actor thread 59 finish
I0910 21:21:02.281497  8923 thread_manager.cpp:33] actor thread 60 finish
I0910 21:21:02.281630  8923 thread_manager.cpp:33] actor thread 61 finish
I0910 21:21:02.281710  8923 thread_manager.cpp:33] actor thread 62 finish
I0910 21:21:02.281740  8923 global.h:37] DeleteGlobal N7oneflow11ActorMsgBusE
I0910 21:21:02.281759  8923 global.h:37] DeleteGlobal N7oneflow8RegstMgrE
I0910 21:21:02.285830  8923 global.h:37] DeleteGlobal N7oneflow15MemoryAllocatorE
I0910 21:21:02.289328  8923 global.h:37] DeleteGlobal N7oneflow6boxing10collective24CollectiveBoxingExecutorE
I0910 21:21:02.289793  8923 global.h:37] DeleteGlobal N7oneflow10RuntimeCtxE
I0910 21:21:02.289841  8923 global.h:37] DeleteGlobal N7oneflow7summary12EventsWriterE
I0910 21:21:02.298415  8923 global.h:37] DeleteGlobal N7oneflow24InterJobReuseMemStrategyE
I0910 21:21:02.298579  8923 global.h:37] DeleteGlobal N7oneflow25SessionGlobalObjectsScopeE
I0910 21:21:02.298614  8923 global.h:37] DeleteGlobal N7oneflow26RuntimeBufferManagersScopeE
I0910 21:21:02.298629  8923 global.h:37] DeleteGlobal N7oneflow9BufferMgrISt10shared_ptrINS_18ForeignJobInstanceEEEE
I0910 21:21:02.298683  8923 global.h:37] DeleteGlobal N7oneflow9BufferMgrIlEE
I0910 21:21:02.298718  8923 global.h:37] DeleteGlobal N7oneflow16JobSetCompileCtxE
I0910 21:21:02.298756  8923 global.h:37] DeleteGlobal N7oneflow18LbiDiffWatcherInfoE
I0910 21:21:02.298800  8923 global.h:37] DeleteGlobal N7oneflow26LazyJobBuildAndInferCtxMgrE
I0910 21:21:02.301724  8923 global.h:37] DeleteGlobal N7oneflow16InterUserJobInfoE
I0910 21:21:02.301810  8923 global.h:37] DeleteGlobal N7oneflow19CriticalSectionDescE
I0910 21:21:02.301890  8923 global.h:37] DeleteGlobal St13unordered_mapISslSt4hashISsESt8equal_toISsESaISt4pairIKSslEEE
I0910 21:21:02.301930  8923 global.h:37] DeleteGlobal N7oneflow16AvailableMemDescE
I0910 21:21:02.301954  8923 global.h:37] DeleteGlobal N7oneflow5IDMgrE
I0910 21:21:02.301980  8923 global.h:37] DeleteGlobal N7oneflow12ProfilerConfE
I0910 21:21:02.301998  8923 global.h:37] DeleteGlobal N7oneflow6IOConfE
I0910 21:21:02.302019  8923 global.h:37] DeleteGlobal N7oneflow12ResourceDescE
I0910 21:21:02.302035  8923 global.h:32] NewGlobal N7oneflow12ResourceDescE
