I0910 21:19:45.404459  7118 thread.cpp:77] thread 55 construct actor 241892558110776
I0910 21:19:45.405630  7118 tick_compute_actor.cpp:22] actor 241892558110776 switch to &TickComputeActor::HandlerNormal
I0910 21:19:45.405773  7118 runtime_context.cpp:27] DecreaseCounter constructing_actor_cnt, current val is 0
I0910 21:19:45.406747  6626 runtime.cpp:82] Actors on this machine constructed
I0910 21:19:45.407426  6626 runtime.cpp:84] Actors on every machine constructed
I0910 21:19:45.407882  6626 runtime_context.cpp:21] NewCounter running_actor_cnt 133
I0910 21:19:45.408102  7124 wait_and_send_ids_compute_actor.cpp:49] actor 268280837177344 switch to &WaitAndSendIdsCompActor::HandlerNormal
I0910 21:19:45.426398  6626 global.h:37] DeleteGlobal N7oneflow7OneflowE
I0910 21:19:45.426692  7124 actor.cpp:333] actor 268280837177344 switch to &Actor::HandlerZombie
I0910 21:19:45.426707  7118 actor.cpp:333] actor 241892558110772 switch to &Actor::HandlerZombie
I0910 21:19:45.426858  7124 thread.cpp:67] thread 61 deconstruct actor 268280837177344
I0910 21:19:45.426887  7118 actor.cpp:330] actor 241892558110773 switch to nullptr
I0910 21:19:45.426947  7118 thread.cpp:67] thread 55 deconstruct actor 241892558110773
I0910 21:19:45.427166  7118 runtime_context.cpp:27] DecreaseCounter running_actor_cnt, current val is 132
I0910 21:19:45.427284  7118 actor.cpp:330] actor 241892558110774 switch to nullptr
I0910 21:19:45.427315  7118 thread.cpp:67] thread 55 deconstruct actor 241892558110774
I0910 21:19:45.427350  7057 actor.cpp:330] actor 19 switch to nullptr
I0910 21:19:45.427393  7057 thread.cpp:67] thread 0 deconstruct actor 19
I0910 21:19:45.427444  7124 runtime_context.cpp:27] DecreaseCounter running_actor_cnt, current val is 131
I0910 21:19:45.427456  7118 runtime_context.cpp:27] DecreaseCounter running_actor_cnt, current val is 130
I0910 21:19:45.427543  7118 actor.cpp:330] actor 241892558110775 switch to nullptr
I0910 21:19:45.427574  7118 thread.cpp:67] thread 55 deconstruct actor 241892558110775
I0910 21:19:45.427572  7057 runtime_context.cpp:27] DecreaseCounter running_actor_cnt, current val is 129
I0910 21:19:45.427685  7057 actor.cpp:330] actor 10 switch to nullptr
I0910 21:19:45.427716  7118 runtime_context.cpp:27] DecreaseCounter running_actor_cnt, current val is 128
I0910 21:19:45.427736  7057 thread.cpp:67] thread 0 deconstruct actor 10
I0910 21:19:45.427790  7118 actor.cpp:330] actor 241892558110776 switch to nullptr
I0910 21:19:45.427814  7118 thread.cpp:67] thread 55 deconstruct actor 241892558110776
I0910 21:19:45.427925  7057 runtime_context.cpp:27] DecreaseCounter running_actor_cnt, current val is 127
I0910 21:19:45.427935  7118 runtime_context.cpp:27] DecreaseCounter running_actor_cnt, current val is 126
I0910 21:19:45.428005  7057 actor.cpp:330] actor 8 switch to nullptr
I0910 21:19:45.428025  7118 actor.cpp:330] actor 241892558110783 switch to nullptr
I0910 21:19:45.428061  7057 thread.cpp:67] thread 0 deconstruct actor 8
I0910 21:19:45.428087  7118 thread.cpp:67] thread 55 deconstruct actor 241892558110783
I0910 21:19:45.428258  7057 runtime_context.cpp:27] DecreaseCounter running_actor_cnt, current val is 125
I0910 21:19:45.428261  7118 runtime_context.cpp:27] DecreaseCounter running_actor_cnt, current val is 124
I0910 21:19:45.428324  7057 actor.cpp:330] actor 16 switch to nullptr
I0910 21:19:45.428436  7118 actor.cpp:330] actor 241892558110780 switch to nullptr
I0910 21:19:45.428444  7057 thread.cpp:67] thread 0 deconstruct actor 16
I0910 21:19:45.428473  7118 thread.cpp:67] thread 55 deconstruct actor 241892558110780
I0910 21:19:45.428632  7057 runtime_context.cpp:27] DecreaseCounter running_actor_cnt, current val is 123
I0910 21:19:45.428653  7118 runtime_context.cpp:27] DecreaseCounter running_actor_cnt, current val is 122
I0910 21:19:45.428709  7057 actor.cpp:330] actor 4 switch to nullptr
I0910 21:19:45.428725  7118 actor.cpp:330] actor 241892558110777 switch to nullptr
I0910 21:19:45.428737  7057 thread.cpp:67] thread 0 deconstruct actor 4
I0910 21:19:45.428766  7118 thread.cpp:67] thread 55 deconstruct actor 241892558110777
I0910 21:19:45.428915  7057 runtime_context.cpp:27] DecreaseCounter running_actor_cnt, current val is 121
I0910 21:19:45.428920  7118 runtime_context.cpp:27] DecreaseCounter running_actor_cnt, current val is 120
I0910 21:19:45.428995  7057 actor.cpp:330] actor 14 switch to nullptr
I0910 21:19:45.429021  7057 thread.cpp:67] thread 0 deconstruct actor 14
I0910 21:19:45.429026  7118 actor.cpp:330] actor 241892558110782 switch to nullptr
I0910 21:19:45.429049  7118 thread.cpp:67] thread 55 deconstruct actor 241892558110782
I0910 21:19:45.429170  7057 runtime_context.cpp:27] DecreaseCounter running_actor_cnt, current val is 119
I0910 21:19:45.429172  7118 runtime_context.cpp:27] DecreaseCounter running_actor_cnt, current val is 118
I0910 21:19:45.429260  7057 actor.cpp:330] actor 2 switch to nullptr
I0910 21:19:45.429281  7118 actor.cpp:330] actor 241892558110781 switch to nullptr
I0910 21:19:45.429302  7057 thread.cpp:67] thread 0 deconstruct actor 2
I0910 21:19:45.429330  7118 thread.cpp:67] thread 55 deconstruct actor 241892558110781
I0910 21:19:45.429478  7057 runtime_context.cpp:27] DecreaseCounter running_actor_cnt, current val is 117
I0910 21:19:45.429479  7118 runtime_context.cpp:27] DecreaseCounter running_actor_cnt, current val is 116
I0910 21:19:45.429548  7057 actor.cpp:333] actor 0 switch to &Actor::HandlerZombie
I0910 21:19:45.429569  7118 actor.cpp:330] actor 241892558110779 switch to nullptr
I0910 21:19:45.429612  7118 thread.cpp:67] thread 55 deconstruct actor 241892558110779
I0910 21:19:45.429613  7057 actor.cpp:333] actor 11 switch to &Actor::HandlerZombie
I0910 21:19:45.429677  7057 actor.cpp:333] actor 9 switch to &Actor::HandlerZombie
I0910 21:19:45.429726  7057 actor.cpp:333] actor 17 switch to &Actor::HandlerZombie
I0910 21:19:45.429738  7118 runtime_context.cpp:27] DecreaseCounter running_actor_cnt, current val is 115
I0910 21:19:45.429777  7057 actor.cpp:330] actor 44 switch to nullptr
I0910 21:19:45.429798  7057 thread.cpp:67] thread 0 deconstruct actor 44
I0910 21:19:45.429806  7118 actor.cpp:330] actor 241892558110778 switch to nullptr
I0910 21:19:45.429828  7118 thread.cpp:67] thread 55 deconstruct actor 241892558110778
I0910 21:19:45.429934  7057 runtime_context.cpp:27] DecreaseCounter running_actor_cnt, current val is 114
I0910 21:19:45.429949  7118 runtime_context.cpp:27] DecreaseCounter running_actor_cnt, current val is 113
I0910 21:19:45.430013  7057 actor.cpp:333] actor 5 switch to &Actor::HandlerZombie
I0910 21:19:45.430048  7118 actor.cpp:330] actor 241892558110725 switch to nullptr
I0910 21:19:45.430071  7057 actor.cpp:333] actor 15 switch to &Actor::HandlerZombie
I0910 21:19:45.430083  7118 thread.cpp:67] thread 55 deconstruct actor 241892558110725
I0910 21:19:45.430120  7057 actor.cpp:333] actor 3 switch to &Actor::HandlerZombie
I0910 21:19:45.430173  7057 actor.cpp:333] actor 13 switch to &Actor::HandlerZombie
I0910 21:19:45.430220  7057 actor.cpp:333] actor 7 switch to &Actor::HandlerZombie
I0910 21:19:45.430256  7118 runtime_context.cpp:27] DecreaseCounter running_actor_cnt, current val is 112
I0910 21:19:45.430272  7057 actor.cpp:333] actor 1 switch to &Actor::HandlerZombie
I0910 21:19:45.430331  7118 actor.cpp:330] actor 241892558110730 switch to nullptr
I0910 21:19:45.430337  7057 actor.cpp:333] actor 21 switch to &Actor::HandlerZombie
I0910 21:19:45.430348  7061 actor.cpp:333] actor 8796093022208 switch to &Actor::HandlerZombie
I0910 21:19:45.430485  7071 actor.cpp:330] actor 35184372088832 switch to nullptr
I0910 21:19:45.430471  7057 actor.cpp:330] actor 12 switch to nullptr
I0910 21:19:45.430580  7071 thread.cpp:67] thread 8 deconstruct actor 35184372088832
I0910 21:19:45.430506  7070 actor.cpp:330] actor 30786325577728 switch to nullptr
I0910 21:19:45.430392  7118 thread.cpp:67] thread 55 deconstruct actor 241892558110730
I0910 21:19:45.430541  7069 actor.cpp:330] actor 26388279066625 switch to nullptr
I0910 21:19:45.430548  7061 actor.cpp:330] actor 8796093022210 switch to nullptr
I0910 21:19:45.430465  7119 actor.cpp:330] actor 246290604621824 switch to nullptr
I0910 21:19:45.430613  7057 thread.cpp:67] thread 0 deconstruct actor 12
I0910 21:19:45.430727  7070 thread.cpp:67] thread 7 deconstruct actor 30786325577728
I0910 21:19:45.430822  7069 thread.cpp:67] thread 6 deconstruct actor 26388279066625
I0910 21:19:45.430861  7061 thread.cpp:67] thread 2 deconstruct actor 8796093022210
I0910 21:19:45.430913  7118 runtime_context.cpp:27] DecreaseCounter running_actor_cnt, current val is 110
I0910 21:19:45.430913  7071 runtime_context.cpp:27] DecreaseCounter running_actor_cnt, current val is 111
I0910 21:19:45.430968  7119 thread.cpp:67] thread 56 deconstruct actor 246290604621824
I0910 21:19:45.431133  7070 runtime_context.cpp:27] DecreaseCounter running_actor_cnt, current val is 109
I0910 21:19:45.431195  7118 actor.cpp:330] actor 241892558110768 switch to nullptr
I0910 21:19:45.431315  7057 runtime_context.cpp:27] DecreaseCounter running_actor_cnt, current val is 107
I0910 21:19:45.431269  7061 runtime_context.cpp:27] DecreaseCounter running_actor_cnt, current val is 108
I0910 21:19:45.431324  7118 thread.cpp:67] thread 55 deconstruct actor 241892558110768
I0910 21:19:45.431358  7057 thread.cpp:67] thread 0 deconstruct actor 11
I0910 21:19:45.431354  7069 runtime_context.cpp:27] DecreaseCounter running_actor_cnt, current val is 106
I0910 21:19:45.431412  7119 runtime_context.cpp:27] DecreaseCounter running_actor_cnt, current val is 105
I0910 21:19:45.431581  7069 actor.cpp:330] actor 26388279066624 switch to nullptr
I0910 21:19:45.431627  7069 thread.cpp:67] thread 6 deconstruct actor 26388279066624
I0910 21:19:45.431650  7118 runtime_context.cpp:27] DecreaseCounter running_actor_cnt, current val is 104
I0910 21:19:45.431742  7118 actor.cpp:330] actor 241892558110752 switch to nullptr
I0910 21:19:45.431764  7057 runtime_context.cpp:27] DecreaseCounter running_actor_cnt, current val is 103
I0910 21:19:45.431792  7118 thread.cpp:67] thread 55 deconstruct actor 241892558110752
I0910 21:19:45.431797  7069 runtime_context.cpp:27] DecreaseCounter running_actor_cnt, current val is 102
I0910 21:19:45.431826  7122 actor.cpp:330] actor 259484744155136 switch to nullptr
I0910 21:19:45.431866  7057 actor.cpp:333] actor 18 switch to &Actor::HandlerZombie
I0910 21:19:45.431910  7121 actor.cpp:333] actor 255086697644032 switch to &Actor::HandlerZombie
I0910 21:19:45.431977  7122 thread.cpp:67] thread 59 deconstruct actor 259484744155136
I0910 21:19:45.432022  7057 actor.cpp:333] actor 42 switch to &Actor::HandlerZombie
I0910 21:19:45.432060  7118 runtime_context.cpp:27] DecreaseCounter running_actor_cnt, current val is 101
I0910 21:19:45.432091  7061 actor.cpp:330] actor 8796093022219 switch to nullptr
I0910 21:19:45.432126  7057 actor.cpp:333] actor 41 switch to &Actor::HandlerZombie
I0910 21:19:45.432152  7061 thread.cpp:67] thread 2 deconstruct actor 8796093022219
I0910 21:19:45.432191  7118 actor.cpp:330] actor 241892558110736 switch to nullptr
I0910 21:19:45.432202  7057 actor.cpp:333] actor 40 switch to &Actor::HandlerZombie
I0910 21:19:45.432269  7122 runtime_context.cpp:27] DecreaseCounter running_actor_cnt, current val is 100
I0910 21:19:45.432361  7061 runtime_context.cpp:27] DecreaseCounter running_actor_cnt, current val is 99
I0910 21:19:45.432301  7057 actor.cpp:333] actor 43 switch to &Actor::HandlerZombie
I0910 21:19:45.432247  7118 thread.cpp:67] thread 55 deconstruct actor 241892558110736
I0910 21:19:45.432456  7061 actor.cpp:330] actor 8796093022218 switch to nullptr
I0910 21:19:45.432590  7057 actor.cpp:333] actor 39 switch to &Actor::HandlerZombie
I0910 21:19:45.432593  7061 thread.cpp:67] thread 2 deconstruct actor 8796093022218
I0910 21:19:45.432638  7057 actor.cpp:333] actor 38 switch to &Actor::HandlerZombie
I0910 21:19:45.432673  7057 actor.cpp:330] actor 6 switch to nullptr
I0910 21:19:45.432703  7057 thread.cpp:67] thread 0 deconstruct actor 6
I0910 21:19:45.432756  7118 runtime_context.cpp:27] DecreaseCounter running_actor_cnt, current val is 98
I0910 21:19:45.432797  7061 runtime_context.cpp:27] DecreaseCounter running_actor_cnt, current val is 97
I0910 21:19:45.432862  7118 actor.cpp:330] actor 241892558110764 switch to nullptr
I0910 21:19:45.432896  7118 thread.cpp:67] thread 55 deconstruct actor 241892558110764
I0910 21:19:45.432898  7061 actor.cpp:330] actor 8796093022217 switch to nullptr
I0910 21:19:45.432934  7123 actor.cpp:330] actor 263882790666240 switch to nullptr
I0910 21:19:45.432943  7061 thread.cpp:67] thread 2 deconstruct actor 8796093022217
I0910 21:19:45.432982  7123 thread.cpp:67] thread 60 deconstruct actor 263882790666240
I0910 21:19:45.432996  7057 runtime_context.cpp:27] DecreaseCounter running_actor_cnt, current val is 96
I0910 21:19:45.433079  7057 thread.cpp:67] thread 0 deconstruct actor 1
I0910 21:19:45.433097  7118 runtime_context.cpp:27] DecreaseCounter running_actor_cnt, current val is 95
I0910 21:19:45.433152  7061 runtime_context.cpp:27] DecreaseCounter running_actor_cnt, current val is 94
I0910 21:19:45.433208  7118 actor.cpp:330] actor 241892558110758 switch to nullptr
I0910 21:19:45.433248  7061 actor.cpp:330] actor 8796093022220 switch to nullptr
I0910 21:19:45.433221  7123 runtime_context.cpp:27] DecreaseCounter running_actor_cnt, current val is 93
I0910 21:19:45.433256  7118 thread.cpp:67] thread 55 deconstruct actor 241892558110758
I0910 21:19:45.433282  7061 thread.cpp:67] thread 2 deconstruct actor 8796093022220
I0910 21:19:45.433383  7057 runtime_context.cpp:27] DecreaseCounter running_actor_cnt, current val is 92
I0910 21:19:45.433421  7057 thread.cpp:67] thread 0 deconstruct actor 0
I0910 21:19:45.433518  7061 runtime_context.cpp:27] DecreaseCounter running_actor_cnt, current val is 91
I0910 21:19:45.433538  7118 runtime_context.cpp:27] DecreaseCounter running_actor_cnt, current val is 90
I0910 21:19:45.433610  7061 actor.cpp:330] actor 8796093022216 switch to nullptr
I0910 21:19:45.433580  7057 runtime_context.cpp:27] DecreaseCounter running_actor_cnt, current val is 89
I0910 21:19:45.433643  7061 thread.cpp:67] thread 2 deconstruct actor 8796093022216
I0910 21:19:45.433673  7057 thread.cpp:67] thread 0 deconstruct actor 17
I0910 21:19:45.433676  7118 actor.cpp:330] actor 241892558110757 switch to nullptr
I0910 21:19:45.433724  7118 thread.cpp:67] thread 55 deconstruct actor 241892558110757
I0910 21:19:45.433831  7061 runtime_context.cpp:27] DecreaseCounter running_actor_cnt, current val is 88
I0910 21:19:45.433925  7061 actor.cpp:330] actor 8796093022215 switch to nullptr
I0910 21:19:45.433943  7118 runtime_context.cpp:27] DecreaseCounter running_actor_cnt, current val is 87
I0910 21:19:45.433961  7121 thread.cpp:67] thread 58 deconstruct actor 255086697644032
I0910 21:19:45.433970  7057 runtime_context.cpp:27] DecreaseCounter running_actor_cnt, current val is 86
I0910 21:19:45.434056  7118 actor.cpp:330] actor 241892558110747 switch to nullptr
I0910 21:19:45.433971  7061 thread.cpp:67] thread 2 deconstruct actor 8796093022215
I0910 21:19:45.434080  7057 thread.cpp:67] thread 0 deconstruct actor 5
I0910 21:19:45.434114  7118 thread.cpp:67] thread 55 deconstruct actor 241892558110747
I0910 21:19:45.434281  7121 runtime_context.cpp:27] DecreaseCounter running_actor_cnt, current val is 85
I0910 21:19:45.434298  7061 runtime_context.cpp:27] DecreaseCounter running_actor_cnt, current val is 84
I0910 21:19:45.434374  7061 thread.cpp:67] thread 2 deconstruct actor 8796093022208
I0910 21:19:45.434409  7118 runtime_context.cpp:27] DecreaseCounter running_actor_cnt, current val is 83
I0910 21:19:45.434448  7057 runtime_context.cpp:27] DecreaseCounter running_actor_cnt, current val is 82
I0910 21:19:45.434552  7118 actor.cpp:330] actor 241892558110741 switch to nullptr
I0910 21:19:45.434566  7057 thread.cpp:67] thread 0 deconstruct actor 15
I0910 21:19:45.434617  7120 actor.cpp:330] actor 250688651132928 switch to nullptr
I0910 21:19:45.434607  7118 thread.cpp:67] thread 55 deconstruct actor 241892558110741
I0910 21:19:45.434638  7061 runtime_context.cpp:27] DecreaseCounter running_actor_cnt, current val is 81
I0910 21:19:45.434661  7069 actor.cpp:330] actor 26388279066626 switch to nullptr
I0910 21:19:45.434790  7120 thread.cpp:67] thread 57 deconstruct actor 250688651132928
I0910 21:19:45.434892  7069 thread.cpp:67] thread 6 deconstruct actor 26388279066626
I0910 21:19:45.434940  7057 runtime_context.cpp:27] DecreaseCounter running_actor_cnt, current val is 80
I0910 21:19:45.434993  7057 thread.cpp:67] thread 0 deconstruct actor 9
I0910 21:19:45.435004  7118 runtime_context.cpp:27] DecreaseCounter running_actor_cnt, current val is 79
I0910 21:19:45.435081  7120 runtime_context.cpp:27] DecreaseCounter running_actor_cnt, current val is 78
I0910 21:19:45.435117  7118 actor.cpp:330] actor 241892558110729 switch to nullptr
I0910 21:19:45.435212  7118 thread.cpp:67] thread 55 deconstruct actor 241892558110729
I0910 21:19:45.435220  7069 runtime_context.cpp:27] DecreaseCounter running_actor_cnt, current val is 77
I0910 21:19:45.435326  7057 runtime_context.cpp:27] DecreaseCounter running_actor_cnt, current val is 76
I0910 21:19:45.435379  7057 thread.cpp:67] thread 0 deconstruct actor 18
I0910 21:19:45.435417  7118 runtime_context.cpp:27] DecreaseCounter running_actor_cnt, current val is 75
I0910 21:19:45.435508  7118 actor.cpp:333] actor 241892558110721 switch to &Actor::HandlerZombie
I0910 21:19:45.435570  7118 actor.cpp:330] actor 241892558110728 switch to nullptr
I0910 21:19:45.435598  7118 thread.cpp:67] thread 55 deconstruct actor 241892558110728
I0910 21:19:45.435667  7057 runtime_context.cpp:27] DecreaseCounter running_actor_cnt, current val is 74
I0910 21:19:45.435704  7057 thread.cpp:67] thread 0 deconstruct actor 3
I0910 21:19:45.435796  7118 runtime_context.cpp:27] DecreaseCounter running_actor_cnt, current val is 73
I0910 21:19:45.435863  7118 thread.cpp:67] thread 55 deconstruct actor 241892558110721
I0910 21:19:45.436015  7057 runtime_context.cpp:27] DecreaseCounter running_actor_cnt, current val is 72
I0910 21:19:45.436054  7118 runtime_context.cpp:27] DecreaseCounter running_actor_cnt, current val is 71
I0910 21:19:45.436065  7057 thread.cpp:67] thread 0 deconstruct actor 21
I0910 21:19:45.436137  7118 actor.cpp:330] actor 241892558110751 switch to nullptr
I0910 21:19:45.436204  7118 thread.cpp:67] thread 55 deconstruct actor 241892558110751
I0910 21:19:45.436251  7057 runtime_context.cpp:27] DecreaseCounter running_actor_cnt, current val is 70
I0910 21:19:45.436319  7057 thread.cpp:67] thread 0 deconstruct actor 13
I0910 21:19:45.436417  7118 runtime_context.cpp:27] DecreaseCounter running_actor_cnt, current val is 69
I0910 21:19:45.436496  7118 actor.cpp:330] actor 241892558110759 switch to nullptr
I0910 21:19:45.436539  7118 thread.cpp:67] thread 55 deconstruct actor 241892558110759
I0910 21:19:45.436612  7057 runtime_context.cpp:27] DecreaseCounter running_actor_cnt, current val is 68
I0910 21:19:45.436699  7057 actor.cpp:333] actor 20 switch to &Actor::HandlerZombie
I0910 21:19:45.436733  7118 runtime_context.cpp:27] DecreaseCounter running_actor_cnt, current val is 67
I0910 21:19:45.436803  7057 actor.cpp:333] actor 27 switch to &Actor::HandlerZombie
I0910 21:19:45.436810  7118 actor.cpp:333] actor 241892558110754 switch to &Actor::HandlerZombie
I0910 21:19:45.436852  7057 actor.cpp:333] actor 22 switch to &Actor::HandlerZombie
I0910 21:19:45.436827  7061 actor.cpp:330] actor 8796093022209 switch to nullptr
I0910 21:19:45.436880  7118 actor.cpp:330] actor 241892558110740 switch to nullptr
I0910 21:19:45.437031  7061 thread.cpp:67] thread 2 deconstruct actor 8796093022209
I0910 21:19:45.436914  7057 actor.cpp:333] actor 25 switch to &Actor::HandlerZombie
I0910 21:19:45.437072  7118 thread.cpp:67] thread 55 deconstruct actor 241892558110740
I0910 21:19:45.437165  7057 actor.cpp:333] actor 26 switch to &Actor::HandlerZombie
I0910 21:19:45.437230  7057 actor.cpp:333] actor 23 switch to &Actor::HandlerZombie
I0910 21:19:45.437271  7061 runtime_context.cpp:27] DecreaseCounter running_actor_cnt, current val is 66
I0910 21:19:45.437302  7057 actor.cpp:333] actor 24 switch to &Actor::HandlerZombie
I0910 21:19:45.437337  7118 runtime_context.cpp:27] DecreaseCounter running_actor_cnt, current val is 65
I0910 21:19:45.437371  7057 actor.cpp:333] actor 46 switch to &Actor::HandlerZombie
I0910 21:19:45.437427  7057 thread.cpp:67] thread 0 deconstruct actor 20
I0910 21:19:45.437438  7118 actor.cpp:330] actor 241892558110732 switch to nullptr
I0910 21:19:45.437487  7118 thread.cpp:67] thread 55 deconstruct actor 241892558110732
I0910 21:19:45.437577  7057 runtime_context.cpp:27] DecreaseCounter running_actor_cnt, current val is 64
I0910 21:19:45.437638  7057 actor.cpp:333] actor 45 switch to &Actor::HandlerZombie
I0910 21:19:45.437669  7118 runtime_context.cpp:27] DecreaseCounter running_actor_cnt, current val is 63
I0910 21:19:45.437678  7057 thread.cpp:67] thread 0 deconstruct actor 26
I0910 21:19:45.437741  7061 actor.cpp:330] actor 8796093022221 switch to nullptr
I0910 21:19:45.437764  7118 actor.cpp:330] actor 241892558110723 switch to nullptr
I0910 21:19:45.437798  7061 thread.cpp:67] thread 2 deconstruct actor 8796093022221
I0910 21:19:45.437836  7118 thread.cpp:67] thread 55 deconstruct actor 241892558110723
I0910 21:19:45.437888  7057 runtime_context.cpp:27] DecreaseCounter running_actor_cnt, current val is 62
I0910 21:19:45.437952  7057 thread.cpp:67] thread 0 deconstruct actor 45
I0910 21:19:45.438079  7061 runtime_context.cpp:27] DecreaseCounter running_actor_cnt, current val is 61
I0910 21:19:45.438088  7057 runtime_context.cpp:27] DecreaseCounter running_actor_cnt, current val is 60
I0910 21:19:45.438094  7118 runtime_context.cpp:27] DecreaseCounter running_actor_cnt, current val is 59
I0910 21:19:45.438169  7057 thread.cpp:67] thread 0 deconstruct actor 7
I0910 21:19:45.438256  7118 actor.cpp:330] actor 241892558110727 switch to nullptr
I0910 21:19:45.438289  7118 thread.cpp:67] thread 55 deconstruct actor 241892558110727
I0910 21:19:45.438488  7118 runtime_context.cpp:27] DecreaseCounter running_actor_cnt, current val is 58
I0910 21:19:45.438500  7057 runtime_context.cpp:27] DecreaseCounter running_actor_cnt, current val is 57
I0910 21:19:45.438556  7118 thread.cpp:67] thread 55 deconstruct actor 241892558110754
I0910 21:19:45.438591  7057 thread.cpp:67] thread 0 deconstruct actor 46
I0910 21:19:45.438766  7057 runtime_context.cpp:27] DecreaseCounter running_actor_cnt, current val is 56
I0910 21:19:45.438771  7118 runtime_context.cpp:27] DecreaseCounter running_actor_cnt, current val is 55
I0910 21:19:45.438817  7057 thread.cpp:67] thread 0 deconstruct actor 40
I0910 21:19:45.438892  7118 actor.cpp:330] actor 241892558110762 switch to nullptr
I0910 21:19:45.438937  7118 thread.cpp:67] thread 55 deconstruct actor 241892558110762
I0910 21:19:45.439004  7057 runtime_context.cpp:27] DecreaseCounter running_actor_cnt, current val is 54
I0910 21:19:45.439040  7057 thread.cpp:67] thread 0 deconstruct actor 38
I0910 21:19:45.439144  7118 runtime_context.cpp:27] DecreaseCounter running_actor_cnt, current val is 53
I0910 21:19:45.439172  7057 runtime_context.cpp:27] DecreaseCounter running_actor_cnt, current val is 52
I0910 21:19:45.439250  7118 actor.cpp:330] actor 241892558110756 switch to nullptr
I0910 21:19:45.439260  7057 thread.cpp:67] thread 0 deconstruct actor 43
I0910 21:19:45.439298  7118 thread.cpp:67] thread 55 deconstruct actor 241892558110756
I0910 21:19:45.439447  7057 runtime_context.cpp:27] DecreaseCounter running_actor_cnt, current val is 51
I0910 21:19:45.439507  7057 thread.cpp:67] thread 0 deconstruct actor 39
I0910 21:19:45.439538  7118 runtime_context.cpp:27] DecreaseCounter running_actor_cnt, current val is 50
I0910 21:19:45.439641  7118 actor.cpp:330] actor 241892558110743 switch to nullptr
I0910 21:19:45.439684  7057 runtime_context.cpp:27] DecreaseCounter running_actor_cnt, current val is 49
I0910 21:19:45.439687  7118 thread.cpp:67] thread 55 deconstruct actor 241892558110743
I0910 21:19:45.439738  7057 thread.cpp:67] thread 0 deconstruct actor 42
I0910 21:19:45.439896  7057 runtime_context.cpp:27] DecreaseCounter running_actor_cnt, current val is 48
I0910 21:19:45.439918  7118 runtime_context.cpp:27] DecreaseCounter running_actor_cnt, current val is 47
I0910 21:19:45.439947  7057 thread.cpp:67] thread 0 deconstruct actor 41
I0910 21:19:45.440030  7118 actor.cpp:330] actor 241892558110724 switch to nullptr
I0910 21:19:45.440073  7118 thread.cpp:67] thread 55 deconstruct actor 241892558110724
I0910 21:19:45.440140  7057 runtime_context.cpp:27] DecreaseCounter running_actor_cnt, current val is 46
I0910 21:19:45.440217  7057 actor.cpp:333] actor 32 switch to &Actor::HandlerZombie
I0910 21:19:45.440275  7057 actor.cpp:333] actor 30 switch to &Actor::HandlerZombie
I0910 21:19:45.440294  7118 runtime_context.cpp:27] DecreaseCounter running_actor_cnt, current val is 45
I0910 21:19:45.440382  7057 actor.cpp:333] actor 33 switch to &Actor::HandlerZombie
I0910 21:19:45.440418  7118 actor.cpp:330] actor 241892558110735 switch to nullptr
I0910 21:19:45.440443  7057 actor.cpp:333] actor 34 switch to &Actor::HandlerZombie
I0910 21:19:45.440474  7118 thread.cpp:67] thread 55 deconstruct actor 241892558110735
I0910 21:19:45.440542  7057 actor.cpp:333] actor 31 switch to &Actor::HandlerZombie
I0910 21:19:45.440615  7057 actor.cpp:333] actor 35 switch to &Actor::HandlerZombie
I0910 21:19:45.440636  7057 thread.cpp:67] thread 0 deconstruct actor 35
I0910 21:19:45.440706  7118 runtime_context.cpp:27] DecreaseCounter running_actor_cnt, current val is 44
I0910 21:19:45.440776  7057 runtime_context.cpp:27] DecreaseCounter running_actor_cnt, current val is 43
I0910 21:19:45.440799  7118 actor.cpp:333] actor 241892558110722 switch to &Actor::HandlerZombie
I0910 21:19:45.440840  7057 thread.cpp:67] thread 0 deconstruct actor 22
I0910 21:19:45.440879  7118 actor.cpp:330] actor 241892558110763 switch to nullptr
I0910 21:19:45.440909  7118 thread.cpp:67] thread 55 deconstruct actor 241892558110763
I0910 21:19:45.441009  7057 runtime_context.cpp:27] DecreaseCounter running_actor_cnt, current val is 42
I0910 21:19:45.441069  7057 actor.cpp:333] actor 28 switch to &Actor::HandlerZombie
I0910 21:19:45.441104  7118 runtime_context.cpp:27] DecreaseCounter running_actor_cnt, current val is 41
I0910 21:19:45.441128  7057 actor.cpp:333] actor 29 switch to &Actor::HandlerZombie
I0910 21:19:45.441207  7057 thread.cpp:67] thread 0 deconstruct actor 24
I0910 21:19:45.441220  7118 actor.cpp:333] actor 241892558110761 switch to &Actor::HandlerZombie
I0910 21:19:45.441234  7061 actor.cpp:330] actor 8796093022211 switch to nullptr
I0910 21:19:45.441311  7118 actor.cpp:330] actor 241892558110755 switch to nullptr
I0910 21:19:45.441354  7061 thread.cpp:67] thread 2 deconstruct actor 8796093022211
I0910 21:19:45.441368  7057 runtime_context.cpp:27] DecreaseCounter running_actor_cnt, current val is 40
I0910 21:19:45.441396  7118 thread.cpp:67] thread 55 deconstruct actor 241892558110755
I0910 21:19:45.441464  7057 thread.cpp:67] thread 0 deconstruct actor 25
I0910 21:19:45.441592  7061 runtime_context.cpp:27] DecreaseCounter running_actor_cnt, current val is 39
I0910 21:19:45.441642  7057 runtime_context.cpp:27] DecreaseCounter running_actor_cnt, current val is 38
I0910 21:19:45.441684  7061 actor.cpp:330] actor 8796093022212 switch to nullptr
I0910 21:19:45.441680  7118 runtime_context.cpp:27] DecreaseCounter running_actor_cnt, current val is 37
I0910 21:19:45.441691  7057 thread.cpp:67] thread 0 deconstruct actor 27
I0910 21:19:45.441725  7061 thread.cpp:67] thread 2 deconstruct actor 8796093022212
I0910 21:19:45.441804  7118 actor.cpp:330] actor 241892558110746 switch to nullptr
I0910 21:19:45.441912  7118 thread.cpp:67] thread 55 deconstruct actor 241892558110746
I0910 21:19:45.441920  7057 runtime_context.cpp:27] DecreaseCounter running_actor_cnt, current val is 36
I0910 21:19:45.442008  7057 thread.cpp:67] thread 0 deconstruct actor 23
I0910 21:19:45.442062  7061 runtime_context.cpp:27] DecreaseCounter running_actor_cnt, current val is 35
I0910 21:19:45.442127  7118 runtime_context.cpp:27] DecreaseCounter running_actor_cnt, current val is 34
I0910 21:19:45.442160  7057 runtime_context.cpp:27] DecreaseCounter running_actor_cnt, current val is 33
I0910 21:19:45.442193  7118 thread.cpp:67] thread 55 deconstruct actor 241892558110722
I0910 21:19:45.442207  7057 thread.cpp:67] thread 0 deconstruct actor 29
I0910 21:19:45.442349  7057 runtime_context.cpp:27] DecreaseCounter running_actor_cnt, current val is 32
I0910 21:19:45.442394  7057 thread.cpp:67] thread 0 deconstruct actor 28
I0910 21:19:45.442391  7118 runtime_context.cpp:27] DecreaseCounter running_actor_cnt, current val is 31
I0910 21:19:45.442504  7118 actor.cpp:333] actor 241892558110733 switch to &Actor::HandlerZombie
I0910 21:19:45.442531  7057 runtime_context.cpp:27] DecreaseCounter running_actor_cnt, current val is 30
I0910 21:19:45.442549  7118 thread.cpp:67] thread 55 deconstruct actor 241892558110761
I0910 21:19:45.442596  7057 actor.cpp:330] actor 48 switch to nullptr
I0910 21:19:45.442634  7057 thread.cpp:67] thread 0 deconstruct actor 48
I0910 21:19:45.442726  7061 actor.cpp:330] actor 8796093022223 switch to nullptr
I0910 21:19:45.442766  7061 thread.cpp:67] thread 2 deconstruct actor 8796093022223
I0910 21:19:45.442771  7057 runtime_context.cpp:27] DecreaseCounter running_actor_cnt, current val is 28
I0910 21:19:45.442775  7118 runtime_context.cpp:27] DecreaseCounter running_actor_cnt, current val is 29
I0910 21:19:45.442862  7057 actor.cpp:330] actor 47 switch to nullptr
I0910 21:19:45.442886  7057 thread.cpp:67] thread 0 deconstruct actor 47
I0910 21:19:45.442903  7118 actor.cpp:330] actor 241892558110734 switch to nullptr
I0910 21:19:45.442934  7118 thread.cpp:67] thread 55 deconstruct actor 241892558110734
I0910 21:19:45.442950  7061 runtime_context.cpp:27] DecreaseCounter running_actor_cnt, current val is 27
I0910 21:19:45.443003  7057 runtime_context.cpp:27] DecreaseCounter running_actor_cnt, current val is 26
I0910 21:19:45.443027  7061 actor.cpp:330] actor 8796093022222 switch to nullptr
I0910 21:19:45.443078  7057 actor.cpp:333] actor 37 switch to &Actor::HandlerZombie
I0910 21:19:45.443081  7061 thread.cpp:67] thread 2 deconstruct actor 8796093022222
I0910 21:19:45.443116  7057 thread.cpp:67] thread 0 deconstruct actor 31
I0910 21:19:45.443117  7118 runtime_context.cpp:27] DecreaseCounter running_actor_cnt, current val is 25
I0910 21:19:45.443271  7118 actor.cpp:330] actor 241892558110739 switch to nullptr
I0910 21:19:45.443310  7061 runtime_context.cpp:27] DecreaseCounter running_actor_cnt, current val is 24
I0910 21:19:45.443298  7057 runtime_context.cpp:27] DecreaseCounter running_actor_cnt, current val is 23
I0910 21:19:45.443321  7118 thread.cpp:67] thread 55 deconstruct actor 241892558110739
I0910 21:19:45.443392  7061 actor.cpp:330] actor 8796093022214 switch to nullptr
I0910 21:19:45.443413  7057 actor.cpp:333] actor 36 switch to &Actor::HandlerZombie
I0910 21:19:45.443456  7061 thread.cpp:67] thread 2 deconstruct actor 8796093022214
I0910 21:19:45.443491  7057 thread.cpp:67] thread 0 deconstruct actor 32
I0910 21:19:45.443585  7118 runtime_context.cpp:27] DecreaseCounter running_actor_cnt, current val is 22
I0910 21:19:45.443661  7057 runtime_context.cpp:27] DecreaseCounter running_actor_cnt, current val is 21
I0910 21:19:45.443665  7061 runtime_context.cpp:27] DecreaseCounter running_actor_cnt, current val is 20
I0910 21:19:45.443675  7118 actor.cpp:333] actor 241892558110744 switch to &Actor::HandlerZombie
I0910 21:19:45.443699  7057 thread.cpp:67] thread 0 deconstruct actor 33
I0910 21:19:45.443760  7061 actor.cpp:330] actor 8796093022213 switch to nullptr
I0910 21:19:45.443792  7118 actor.cpp:330] actor 241892558110771 switch to nullptr
I0910 21:19:45.443841  7061 thread.cpp:67] thread 2 deconstruct actor 8796093022213
I0910 21:19:45.443887  7118 thread.cpp:67] thread 55 deconstruct actor 241892558110771
I0910 21:19:45.443897  7057 runtime_context.cpp:27] DecreaseCounter running_actor_cnt, current val is 19
I0910 21:19:45.443979  7057 thread.cpp:67] thread 0 deconstruct actor 30
I0910 21:19:45.444075  7061 runtime_context.cpp:27] DecreaseCounter running_actor_cnt, current val is 18
I0910 21:19:45.444114  7057 runtime_context.cpp:27] DecreaseCounter running_actor_cnt, current val is 16
I0910 21:19:45.444116  7118 runtime_context.cpp:27] DecreaseCounter running_actor_cnt, current val is 17
I0910 21:19:45.444164  7057 thread.cpp:67] thread 0 deconstruct actor 34
I0910 21:19:45.444216  7118 thread.cpp:67] thread 55 deconstruct actor 241892558110733
I0910 21:19:45.444360  7057 runtime_context.cpp:27] DecreaseCounter running_actor_cnt, current val is 15
I0910 21:19:45.444393  7057 thread.cpp:67] thread 0 deconstruct actor 37
I0910 21:19:45.444445  7118 runtime_context.cpp:27] DecreaseCounter running_actor_cnt, current val is 14
I0910 21:19:45.444510  7057 runtime_context.cpp:27] DecreaseCounter running_actor_cnt, current val is 13
I0910 21:19:45.444532  7118 actor.cpp:330] actor 241892558110767 switch to nullptr
I0910 21:19:45.444558  7057 thread.cpp:67] thread 0 deconstruct actor 36
I0910 21:19:45.444592  7118 thread.cpp:67] thread 55 deconstruct actor 241892558110767
I0910 21:19:45.444728  7057 runtime_context.cpp:27] DecreaseCounter running_actor_cnt, current val is 12
I0910 21:19:45.444826  7118 runtime_context.cpp:27] DecreaseCounter running_actor_cnt, current val is 11
I0910 21:19:45.444913  7118 actor.cpp:330] actor 241892558110738 switch to nullptr
I0910 21:19:45.444970  7118 thread.cpp:67] thread 55 deconstruct actor 241892558110738
I0910 21:19:45.445169  7118 runtime_context.cpp:27] DecreaseCounter running_actor_cnt, current val is 10
I0910 21:19:45.445267  7118 actor.cpp:330] actor 241892558110750 switch to nullptr
I0910 21:19:45.445308  7118 thread.cpp:67] thread 55 deconstruct actor 241892558110750
I0910 21:19:45.445505  7118 runtime_context.cpp:27] DecreaseCounter running_actor_cnt, current val is 9
I0910 21:19:45.445605  7118 actor.cpp:330] actor 241892558110770 switch to nullptr
I0910 21:19:45.445647  7118 thread.cpp:67] thread 55 deconstruct actor 241892558110770
I0910 21:19:45.445842  7118 runtime_context.cpp:27] DecreaseCounter running_actor_cnt, current val is 8
I0910 21:19:45.445927  7118 actor.cpp:330] actor 241892558110745 switch to nullptr
I0910 21:19:45.445967  7118 thread.cpp:67] thread 55 deconstruct actor 241892558110745
I0910 21:19:45.446161  7118 runtime_context.cpp:27] DecreaseCounter running_actor_cnt, current val is 7
I0910 21:19:45.446259  7118 actor.cpp:330] actor 241892558110766 switch to nullptr
I0910 21:19:45.446298  7118 thread.cpp:67] thread 55 deconstruct actor 241892558110766
I0910 21:19:45.446492  7118 runtime_context.cpp:27] DecreaseCounter running_actor_cnt, current val is 6
I0910 21:19:45.446584  7118 actor.cpp:330] actor 241892558110749 switch to nullptr
I0910 21:19:45.446625  7118 thread.cpp:67] thread 55 deconstruct actor 241892558110749
I0910 21:19:45.446820  7118 runtime_context.cpp:27] DecreaseCounter running_actor_cnt, current val is 5
I0910 21:19:45.446895  7118 thread.cpp:67] thread 55 deconstruct actor 241892558110744
I0910 21:19:45.447098  7118 runtime_context.cpp:27] DecreaseCounter running_actor_cnt, current val is 4
I0910 21:19:45.447198  7118 actor.cpp:330] actor 241892558110785 switch to nullptr
I0910 21:19:45.447229  7118 thread.cpp:67] thread 55 deconstruct actor 241892558110785
I0910 21:19:45.447270  7126 actor.cpp:330] actor 272678883688448 switch to nullptr
I0910 21:19:45.447399  7126 thread.cpp:67] thread 62 deconstruct actor 272678883688448
I0910 21:19:45.447449  7118 runtime_context.cpp:27] DecreaseCounter running_actor_cnt, current val is 3
I0910 21:19:45.447589  7118 actor.cpp:330] actor 241892558110784 switch to nullptr
I0910 21:19:45.447613  7126 runtime_context.cpp:27] DecreaseCounter running_actor_cnt, current val is 2
I0910 21:19:45.447649  7118 thread.cpp:67] thread 55 deconstruct actor 241892558110784
I0910 21:19:45.447955  7118 runtime_context.cpp:27] DecreaseCounter running_actor_cnt, current val is 1
I0910 21:19:45.448024  7118 thread.cpp:67] thread 55 deconstruct actor 241892558110772
I0910 21:19:45.448279  7118 runtime_context.cpp:27] DecreaseCounter running_actor_cnt, current val is 0
I0910 21:19:45.448711  6626 global.h:37] DeleteGlobal N7oneflow15RuntimeJobDescsE
I0910 21:19:45.448835  6626 global.h:37] DeleteGlobal N7oneflow6boxing10collective31CollectiveBoxingDeviceCtxPollerE
I0910 21:19:45.449059  6626 global.h:37] DeleteGlobal N7oneflow9ThreadMgrE
I0910 21:19:45.449807  6626 thread_manager.cpp:33] actor thread 0 finish
I0910 21:19:45.449975  6626 thread_manager.cpp:33] actor thread 1 finish
I0910 21:19:45.450165  6626 thread_manager.cpp:33] actor thread 2 finish
I0910 21:19:45.450366  6626 thread_manager.cpp:33] actor thread 3 finish
I0910 21:19:45.450520  6626 thread_manager.cpp:33] actor thread 4 finish
I0910 21:19:45.450711  6626 thread_manager.cpp:33] actor thread 5 finish
I0910 21:19:45.450834  6626 thread_manager.cpp:33] actor thread 6 finish
I0910 21:19:45.450959  6626 thread_manager.cpp:33] actor thread 7 finish
I0910 21:19:45.451112  6626 thread_manager.cpp:33] actor thread 8 finish
I0910 21:19:45.451229  6626 thread_manager.cpp:33] actor thread 9 finish
I0910 21:19:45.451351  6626 thread_manager.cpp:33] actor thread 10 finish
I0910 21:19:45.451459  6626 thread_manager.cpp:33] actor thread 11 finish
I0910 21:19:45.451563  6626 thread_manager.cpp:33] actor thread 12 finish
I0910 21:19:45.451661  6626 thread_manager.cpp:33] actor thread 13 finish
I0910 21:19:45.451757  6626 thread_manager.cpp:33] actor thread 14 finish
I0910 21:19:45.451845  6626 thread_manager.cpp:33] actor thread 15 finish
I0910 21:19:45.451944  6626 thread_manager.cpp:33] actor thread 16 finish
I0910 21:19:45.452041  6626 thread_manager.cpp:33] actor thread 17 finish
I0910 21:19:45.452134  6626 thread_manager.cpp:33] actor thread 18 finish
I0910 21:19:45.452244  6626 thread_manager.cpp:33] actor thread 19 finish
I0910 21:19:45.452351  6626 thread_manager.cpp:33] actor thread 20 finish
I0910 21:19:45.452447  6626 thread_manager.cpp:33] actor thread 21 finish
I0910 21:19:45.452538  6626 thread_manager.cpp:33] actor thread 22 finish
I0910 21:19:45.452634  6626 thread_manager.cpp:33] actor thread 23 finish
I0910 21:19:45.452729  6626 thread_manager.cpp:33] actor thread 24 finish
I0910 21:19:45.452816  6626 thread_manager.cpp:33] actor thread 25 finish
I0910 21:19:45.452911  6626 thread_manager.cpp:33] actor thread 26 finish
I0910 21:19:45.453007  6626 thread_manager.cpp:33] actor thread 27 finish
I0910 21:19:45.453104  6626 thread_manager.cpp:33] actor thread 28 finish
I0910 21:19:45.453200  6626 thread_manager.cpp:33] actor thread 29 finish
I0910 21:19:45.453299  6626 thread_manager.cpp:33] actor thread 30 finish
I0910 21:19:45.453411  6626 thread_manager.cpp:33] actor thread 31 finish
I0910 21:19:45.453500  6626 thread_manager.cpp:33] actor thread 32 finish
I0910 21:19:45.453635  6626 thread_manager.cpp:33] actor thread 33 finish
I0910 21:19:45.453732  6626 thread_manager.cpp:33] actor thread 34 finish
I0910 21:19:45.453822  6626 thread_manager.cpp:33] actor thread 35 finish
I0910 21:19:45.453917  6626 thread_manager.cpp:33] actor thread 36 finish
I0910 21:19:45.454013  6626 thread_manager.cpp:33] actor thread 37 finish
I0910 21:19:45.454108  6626 thread_manager.cpp:33] actor thread 38 finish
I0910 21:19:45.454206  6626 thread_manager.cpp:33] actor thread 39 finish
I0910 21:19:45.454303  6626 thread_manager.cpp:33] actor thread 40 finish
I0910 21:19:45.454398  6626 thread_manager.cpp:33] actor thread 41 finish
I0910 21:19:45.454496  6626 thread_manager.cpp:33] actor thread 42 finish
I0910 21:19:45.454592  6626 thread_manager.cpp:33] actor thread 43 finish
I0910 21:19:45.454687  6626 thread_manager.cpp:33] actor thread 44 finish
I0910 21:19:45.454874  6626 thread_manager.cpp:33] actor thread 45 finish
I0910 21:19:45.454982  6626 thread_manager.cpp:33] actor thread 46 finish
I0910 21:19:45.455090  6626 thread_manager.cpp:33] actor thread 47 finish
I0910 21:19:45.455196  6626 thread_manager.cpp:33] actor thread 48 finish
I0910 21:19:45.455296  6626 thread_manager.cpp:33] actor thread 49 finish
I0910 21:19:45.455406  6626 thread_manager.cpp:33] actor thread 50 finish
I0910 21:19:45.455494  6626 thread_manager.cpp:33] actor thread 51 finish
I0910 21:19:45.455597  6626 thread_manager.cpp:33] actor thread 52 finish
I0910 21:19:45.455715  6626 thread_manager.cpp:33] actor thread 53 finish
I0910 21:19:45.455819  6626 thread_manager.cpp:33] actor thread 54 finish
I0910 21:19:45.455933  6626 thread_manager.cpp:33] actor thread 55 finish
I0910 21:19:45.456073  6626 thread_manager.cpp:33] actor thread 56 finish
I0910 21:19:45.456223  6626 thread_manager.cpp:33] actor thread 57 finish
I0910 21:19:45.456344  6626 thread_manager.cpp:33] actor thread 58 finish
I0910 21:19:45.456480  6626 thread_manager.cpp:33] actor thread 59 finish
I0910 21:19:45.456614  6626 thread_manager.cpp:33] actor thread 60 finish
I0910 21:19:45.456774  6626 thread_manager.cpp:33] actor thread 61 finish
I0910 21:19:45.456912  6626 thread_manager.cpp:33] actor thread 62 finish
I0910 21:19:45.456952  6626 global.h:37] DeleteGlobal N7oneflow11ActorMsgBusE
I0910 21:19:45.456974  6626 global.h:37] DeleteGlobal N7oneflow8RegstMgrE
I0910 21:19:45.461210  6626 global.h:37] DeleteGlobal N7oneflow15MemoryAllocatorE
I0910 21:19:45.465078  6626 global.h:37] DeleteGlobal N7oneflow6boxing10collective24CollectiveBoxingExecutorE
I0910 21:19:45.465517  6626 global.h:37] DeleteGlobal N7oneflow10RuntimeCtxE
I0910 21:19:45.465581  6626 global.h:37] DeleteGlobal N7oneflow7summary12EventsWriterE
I0910 21:19:45.473814  6626 global.h:37] DeleteGlobal N7oneflow24InterJobReuseMemStrategyE
I0910 21:19:45.474017  6626 global.h:37] DeleteGlobal N7oneflow25SessionGlobalObjectsScopeE
I0910 21:19:45.474068  6626 global.h:37] DeleteGlobal N7oneflow26RuntimeBufferManagersScopeE
I0910 21:19:45.474088  6626 global.h:37] DeleteGlobal N7oneflow9BufferMgrISt10shared_ptrINS_18ForeignJobInstanceEEEE
I0910 21:19:45.474139  6626 global.h:37] DeleteGlobal N7oneflow9BufferMgrIlEE
I0910 21:19:45.474170  6626 global.h:37] DeleteGlobal N7oneflow16JobSetCompileCtxE
I0910 21:19:45.474225  6626 global.h:37] DeleteGlobal N7oneflow18LbiDiffWatcherInfoE
I0910 21:19:45.474274  6626 global.h:37] DeleteGlobal N7oneflow26LazyJobBuildAndInferCtxMgrE
I0910 21:19:45.477223  6626 global.h:37] DeleteGlobal N7oneflow16InterUserJobInfoE
I0910 21:19:45.477315  6626 global.h:37] DeleteGlobal N7oneflow19CriticalSectionDescE
I0910 21:19:45.477391  6626 global.h:37] DeleteGlobal St13unordered_mapISslSt4hashISsESt8equal_toISsESaISt4pairIKSslEEE
I0910 21:19:45.477419  6626 global.h:37] DeleteGlobal N7oneflow16AvailableMemDescE
I0910 21:19:45.477442  6626 global.h:37] DeleteGlobal N7oneflow5IDMgrE
I0910 21:19:45.477466  6626 global.h:37] DeleteGlobal N7oneflow12ProfilerConfE
I0910 21:19:45.477484  6626 global.h:37] DeleteGlobal N7oneflow6IOConfE
I0910 21:19:45.477509  6626 global.h:37] DeleteGlobal N7oneflow12ResourceDescE
I0910 21:19:45.477527  6626 global.h:32] NewGlobal N7oneflow12ResourceDescE
