Log file created at: 2020/09/10 21:45:36
Running on machine: oneflow-14
Log line format: [IWEF]mmdd hh:mm:ss.uuuuuu threadid file:line] msg
I0910 21:45:36.208236 43862 global.h:32] NewGlobal 14cudaDeviceProp
I0910 21:45:36.251104 43862 global.h:32] NewGlobal N7oneflow7EnvDescE
I0910 21:45:36.251271 43862 global.h:32] NewGlobal N7oneflow10CtrlServerE
I0910 21:45:36.262384 43862 ctrl_server.cpp:54] CtrlServer listening on 0.0.0.0:47658
I0910 21:45:36.262524 43862 global.h:32] NewGlobal N7oneflow10CtrlClientE
I0910 21:45:36.264108 43862 ctrl_client.cpp:202] LoadServer 127.0.0.1 Successful at 0 times
I0910 21:45:36.264221 43862 global.h:32] NewGlobal N7oneflow10MachineCtxE
I0910 21:45:36.264243 43862 machine_context.cpp:33] this machine id: 0
I0910 21:45:36.264266 43862 global.h:32] NewGlobal N7oneflow12ResourceDescE
I0910 21:45:36.264288 43862 global.h:32] NewGlobal N7oneflow12ResourceDescE
I0910 21:45:36.264307 43862 global.h:32] NewGlobal N7oneflow10ThreadPoolE
I0910 21:45:36.265681 43862 global.h:32] NewGlobal N7oneflow2vm19VirtualMachineScopeE
I0910 21:45:36.265712 43862 global.h:32] NewGlobal N7oneflow9OneflowVME
I0910 21:45:36.284303 43862 global.h:32] NewGlobal N7oneflow27EagerJobBuildAndInferCtxMgrE
I0910 21:45:36.284353 43862 global.h:32] NewGlobal N7oneflow16EagerNcclCommMgrE
I0910 21:45:36.302453 43862 job_desc.cpp:79] Set piece_num_of_experiment_phase 19
I0910 21:45:36.308308 43862 global.h:37] DeleteGlobal N7oneflow12ResourceDescE
I0910 21:45:36.308341 43862 version.cpp:62] OneFlow git version: v0.2b0-snapshot
I0910 21:45:36.308365 43862 version.cpp:70] CUDA runtime version: 10.0
I0910 21:45:36.308379 43862 version.cpp:79] cuDNN version: 7.6.5
I0910 21:45:36.308389 43862 version.cpp:90] NCCL version: 2.7.3
I0910 21:45:36.308398 43862 global.h:32] NewGlobal N7oneflow12ResourceDescE
I0910 21:45:36.308416 43862 global.h:32] NewGlobal N7oneflow6IOConfE
I0910 21:45:36.308439 43862 global.h:32] NewGlobal N7oneflow12ProfilerConfE
I0910 21:45:36.308450 43862 global.h:32] NewGlobal N7oneflow5IDMgrE
I0910 21:45:36.309506 43862 global.h:32] NewGlobal N7oneflow16AvailableMemDescE
I0910 21:45:36.309888 43862 global.h:32] NewGlobal St13unordered_mapISslSt4hashISsESt8equal_toISsESaISt4pairIKSslEEE
I0910 21:45:36.309926 43862 global.h:32] NewGlobal N7oneflow19CriticalSectionDescE
I0910 21:45:36.309947 43862 global.h:32] NewGlobal N7oneflow16InterUserJobInfoE
I0910 21:45:36.309969 43862 global.h:32] NewGlobal N7oneflow26LazyJobBuildAndInferCtxMgrE
I0910 21:45:36.309988 43862 global.h:32] NewGlobal N7oneflow18LbiDiffWatcherInfoE
I0910 21:45:36.310012 43862 global.h:32] NewGlobal N7oneflow16JobSetCompileCtxE
I0910 21:45:36.310034 43862 global.h:32] NewGlobal N7oneflow26RuntimeBufferManagersScopeE
I0910 21:45:36.310046 43862 global.h:32] NewGlobal N7oneflow9BufferMgrIlEE
I0910 21:45:36.310062 43862 global.h:32] NewGlobal N7oneflow9BufferMgrISt10shared_ptrINS_18ForeignJobInstanceEEEE
I0910 21:45:36.310081 43862 oneflow_internal_helper.h:132] NewGlobal N7oneflow25SessionGlobalObjectsScopeE
I0910 21:45:36.313985 43862 job_desc.cpp:79] Set piece_num_of_experiment_phase 19
I0910 21:45:36.316123 43862 global.h:32] NewGlobal N7oneflow7JobDescE
I0910 21:45:36.316169 43862 job_desc.cpp:79] Set piece_num_of_experiment_phase 19
I0910 21:45:36.588070 43862 global.h:37] DeleteGlobal N7oneflow7JobDescE
I0910 21:45:36.588142 43862 global.h:32] NewGlobal N7oneflow7JobDescE
I0910 21:45:36.588174 43862 job_desc.cpp:79] Set piece_num_of_experiment_phase 19
I0910 21:45:36.814872 43862 global.h:37] DeleteGlobal N7oneflow7JobDescE
I0910 21:45:36.816464 43862 global.h:32] NewGlobal N7oneflow24InterJobReuseMemStrategyE
I0910 21:45:36.816498 43862 global.h:32] NewGlobal N7oneflow7OneflowE
I0910 21:45:36.818284 43862 job_desc.cpp:79] Set piece_num_of_experiment_phase 19
I0910 21:45:36.818969 43862 job_desc.cpp:79] Set piece_num_of_experiment_phase 19
I0910 21:45:36.819531 43862 job_desc.cpp:79] Set piece_num_of_experiment_phase 19
I0910 21:45:36.819797 43862 job_desc.cpp:79] Set piece_num_of_experiment_phase 19
I0910 21:45:36.819852 43862 job_desc.cpp:79] Set piece_num_of_experiment_phase 19
I0910 21:45:36.820165 43862 job_desc.cpp:79] Set piece_num_of_experiment_phase 19
I0910 21:45:36.820226 43862 job_desc.cpp:79] Set piece_num_of_experiment_phase 19
I0910 21:45:36.820926 43862 global.h:32] NewGlobal N7oneflow7JobDescE
I0910 21:45:36.820984 43862 job_desc.cpp:79] Set piece_num_of_experiment_phase 19
I0910 21:45:37.195919 43862 global.h:32] NewGlobal N7oneflow7OpGraphE
I0910 21:45:37.292467 43862 global.h:37] DeleteGlobal N7oneflow7OpGraphE
I0910 21:45:37.297224 43862 oneflow.cpp:294] compile time: 4.75885e+08
I0910 21:45:37.333793 43862 oneflow.cpp:301] push_pull_plan:5.12633e+08
I0910 21:45:37.340932 43862 oneflow.cpp:326] compile and improve time: 5.19894e+08
I0910 21:45:37.344472 43862 global.h:37] DeleteGlobal N7oneflow7JobDescE
I0910 21:45:37.344615 43862 global.h:32] NewGlobal N7oneflow7JobDescE
I0910 21:45:37.344650 43862 job_desc.cpp:79] Set piece_num_of_experiment_phase 19
I0910 21:45:37.489953 43862 global.h:32] NewGlobal N7oneflow7OpGraphE
I0910 21:45:37.531422 43862 global.h:37] DeleteGlobal N7oneflow7OpGraphE
I0910 21:45:37.534000 43862 oneflow.cpp:294] compile time: 1.891e+08
I0910 21:45:37.556058 43862 oneflow.cpp:301] push_pull_plan:2.11297e+08
I0910 21:45:37.560171 43862 oneflow.cpp:326] compile and improve time: 2.15485e+08
I0910 21:45:37.561826 43862 global.h:37] DeleteGlobal N7oneflow7JobDescE
I0910 21:45:37.561879 43862 global.h:32] NewGlobal N7oneflow7JobDescE
I0910 21:45:37.561923 43862 job_desc.cpp:79] Set piece_num_of_experiment_phase 19
I0910 21:45:37.705914 43862 global.h:32] NewGlobal N7oneflow7OpGraphE
I0910 21:45:37.747784 43862 global.h:37] DeleteGlobal N7oneflow7OpGraphE
I0910 21:45:37.750445 43862 oneflow.cpp:294] compile time: 1.88246e+08
I0910 21:45:37.773149 43862 oneflow.cpp:301] push_pull_plan:2.11113e+08
I0910 21:45:37.777237 43862 oneflow.cpp:326] compile and improve time: 2.15272e+08
I0910 21:45:37.778841 43862 global.h:37] DeleteGlobal N7oneflow7JobDescE
I0910 21:45:37.778928 43862 global.h:32] NewGlobal N7oneflow7JobDescE
I0910 21:45:37.778962 43862 job_desc.cpp:79] Set piece_num_of_experiment_phase 19
I0910 21:45:37.922643 43862 global.h:32] NewGlobal N7oneflow7OpGraphE
I0910 21:45:37.972084 43862 global.h:37] DeleteGlobal N7oneflow7OpGraphE
I0910 21:45:37.975164 43862 oneflow.cpp:294] compile time: 1.95929e+08
I0910 21:45:37.999732 43862 oneflow.cpp:301] push_pull_plan:2.20655e+08
I0910 21:45:38.004679 43862 oneflow.cpp:326] compile and improve time: 2.25681e+08
I0910 21:45:38.006546 43862 global.h:37] DeleteGlobal N7oneflow7JobDescE
I0910 21:45:38.006593 43862 global.h:32] NewGlobal N7oneflow7JobDescE
I0910 21:45:38.006628 43862 job_desc.cpp:79] Set piece_num_of_experiment_phase 19
I0910 21:45:38.059051 43862 global.h:32] NewGlobal N7oneflow7OpGraphE
I0910 21:45:38.082149 43862 global.h:37] DeleteGlobal N7oneflow7OpGraphE
I0910 21:45:38.083712 43862 oneflow.cpp:294] compile time: 7.69098e+07
I0910 21:45:38.094101 43862 oneflow.cpp:301] push_pull_plan:8.738e+07
I0910 21:45:38.096853 43862 oneflow.cpp:326] compile and improve time: 9.01796e+07
I0910 21:45:38.097785 43862 global.h:37] DeleteGlobal N7oneflow7JobDescE
I0910 21:45:38.126308 43862 global.h:32] NewGlobal N7oneflow7JobDescE
I0910 21:45:38.126451 43862 job_desc.cpp:79] Set piece_num_of_experiment_phase 19
I0910 21:45:38.126502 43862 global.h:32] NewGlobal N7oneflow7OpGraphE
I0910 21:45:38.190438 43862 global.h:37] DeleteGlobal N7oneflow7OpGraphE
I0910 21:45:38.193226 43862 oneflow.cpp:294] compile time: 6.65114e+07
I0910 21:45:38.211259 43862 oneflow.cpp:301] push_pull_plan:8.46956e+07
I0910 21:45:38.214896 43862 oneflow.cpp:326] compile and improve time: 8.83896e+07
I0910 21:45:38.216367 43862 global.h:37] DeleteGlobal N7oneflow7JobDescE
I0910 21:45:38.410531 43862 global.h:32] NewGlobal N7oneflow10RuntimeCtxE
I0910 21:45:38.411981 43862 global.h:32] NewGlobal N7oneflow6boxing10collective24CollectiveBoxingExecutorE
I0910 21:45:39.459671 43862 global.h:32] NewGlobal N7oneflow15MemoryAllocatorE
I0910 21:45:39.459827 43862 global.h:32] NewGlobal N7oneflow8RegstMgrE
I0910 21:45:39.484369 43862 global.h:32] NewGlobal N7oneflow11ActorMsgBusE
I0910 21:45:39.484477 43862 global.h:32] NewGlobal N7oneflow9ThreadMgrE
I0910 21:45:39.486456 43862 global.h:32] NewGlobal N7oneflow6boxing10collective31CollectiveBoxingDeviceCtxPollerE
I0910 21:45:39.486711 43862 global.h:32] NewGlobal N7oneflow15RuntimeJobDescsE
I0910 21:45:39.486809 43862 job_desc.cpp:79] Set piece_num_of_experiment_phase 19
I0910 21:45:39.486908 43862 job_desc.cpp:79] Set piece_num_of_experiment_phase 19
I0910 21:45:39.486965 43862 job_desc.cpp:79] Set piece_num_of_experiment_phase 19
I0910 21:45:39.486994 43862 job_desc.cpp:79] Set piece_num_of_experiment_phase 19
I0910 21:45:39.487042 43862 job_desc.cpp:79] Set piece_num_of_experiment_phase 19
I0910 21:45:39.487087 43862 job_desc.cpp:79] Set piece_num_of_experiment_phase 19
I0910 21:45:39.487123 43862 global.h:32] NewGlobal N7oneflow7summary12EventsWriterE
I0910 21:45:39.487311 43862 runtime_context.cpp:21] NewCounter constructing_actor_cnt 132
I0910 21:45:39.489241 44359 thread.cpp:77] thread 55 construct actor 241892558110721
I0910 21:45:39.489318 44365 thread.cpp:77] thread 61 construct actor 268280837177344
I0910 21:45:39.489336 44298 thread.cpp:77] thread 0 construct actor 20
I0910 21:45:39.491909 44359 tick_compute_actor.cpp:22] actor 241892558110721 switch to &TickComputeActor::HandlerNormal
I0910 21:45:39.492128 44359 runtime_context.cpp:27] DecreaseCounter constructing_actor_cnt, current val is 131
I0910 21:45:39.492172 44359 thread.cpp:77] thread 55 construct actor 241892558110731
I0910 21:45:39.493933 44359 tick_compute_actor.cpp:22] actor 241892558110731 switch to &TickComputeActor::HandlerNormal
I0910 21:45:39.494154 44359 runtime_context.cpp:27] DecreaseCounter constructing_actor_cnt, current val is 130
I0910 21:45:39.494232 44359 thread.cpp:77] thread 55 construct actor 241892558110742
I0910 21:45:39.495757 44298 tick_compute_actor.cpp:22] actor 20 switch to &TickComputeActor::HandlerNormal
I0910 21:45:39.495950 44298 runtime_context.cpp:27] DecreaseCounter constructing_actor_cnt, current val is 129
I0910 21:45:39.495998 44359 tick_compute_actor.cpp:22] actor 241892558110742 switch to &TickComputeActor::HandlerNormal
I0910 21:45:39.496011 44298 thread.cpp:77] thread 0 construct actor 27
I0910 21:45:39.496165 44359 runtime_context.cpp:27] DecreaseCounter constructing_actor_cnt, current val is 128
I0910 21:45:39.496212 44359 thread.cpp:77] thread 55 construct actor 241892558110753
I0910 21:45:39.497771 44298 tick_compute_actor.cpp:22] actor 27 switch to &TickComputeActor::HandlerNormal
I0910 21:45:39.497859 44359 tick_compute_actor.cpp:22] actor 241892558110753 switch to &TickComputeActor::HandlerNormal
I0910 21:45:39.497951 44298 runtime_context.cpp:27] DecreaseCounter constructing_actor_cnt, current val is 127
I0910 21:45:39.497990 44298 thread.cpp:77] thread 0 construct actor 28
I0910 21:45:39.498019 44359 runtime_context.cpp:27] DecreaseCounter constructing_actor_cnt, current val is 126
I0910 21:45:39.498064 44359 thread.cpp:77] thread 55 construct actor 241892558110757
I0910 21:45:39.499609 44298 tick_compute_actor.cpp:22] actor 28 switch to &TickComputeActor::HandlerNormal
I0910 21:45:39.499831 44298 runtime_context.cpp:27] DecreaseCounter constructing_actor_cnt, current val is 125
I0910 21:45:39.499872 44298 thread.cpp:77] thread 0 construct actor 35
I0910 21:45:39.500602 44359 tick_compute_actor.cpp:22] actor 241892558110757 switch to &TickComputeActor::HandlerNormal
I0910 21:45:39.500788 44359 runtime_context.cpp:27] DecreaseCounter constructing_actor_cnt, current val is 124
I0910 21:45:39.501516 44298 tick_compute_actor.cpp:22] actor 35 switch to &TickComputeActor::HandlerNormal
I0910 21:45:39.501713 44298 runtime_context.cpp:27] DecreaseCounter constructing_actor_cnt, current val is 123
I0910 21:45:39.501782 44298 thread.cpp:77] thread 0 construct actor 36
I0910 21:45:39.503458 44298 tick_compute_actor.cpp:22] actor 36 switch to &TickComputeActor::HandlerNormal
I0910 21:45:39.503648 44298 runtime_context.cpp:27] DecreaseCounter constructing_actor_cnt, current val is 122
I0910 21:45:39.503821 44298 thread.cpp:77] thread 0 construct actor 44
I0910 21:45:39.506417 44298 tick_compute_actor.cpp:22] actor 44 switch to &TickComputeActor::HandlerNormal
I0910 21:45:39.506645 44298 runtime_context.cpp:27] DecreaseCounter constructing_actor_cnt, current val is 121
I0910 21:45:39.506728 44298 thread.cpp:77] thread 0 construct actor 46
I0910 21:45:39.508250 44298 tick_compute_actor.cpp:22] actor 46 switch to &TickComputeActor::HandlerNormal
I0910 21:45:39.508445 44298 runtime_context.cpp:27] DecreaseCounter constructing_actor_cnt, current val is 120
I0910 21:45:39.508487 44298 thread.cpp:77] thread 0 construct actor 47
I0910 21:45:39.511109 44298 tick_compute_actor.cpp:22] actor 47 switch to &TickComputeActor::HandlerNormal
I0910 21:45:39.511288 44298 runtime_context.cpp:27] DecreaseCounter constructing_actor_cnt, current val is 119
I0910 21:45:39.518337 44302 thread.cpp:77] thread 2 construct actor 8796093022208
I0910 21:45:39.518366 44298 thread.cpp:77] thread 0 construct actor 0
I0910 21:45:39.518371 44359 thread.cpp:77] thread 55 construct actor 241892558110722
I0910 21:45:39.518468 44312 thread.cpp:77] thread 8 construct actor 35184372088832
I0910 21:45:39.518467 44366 thread.cpp:77] thread 62 construct actor 272678883688448
I0910 21:45:39.518607 44361 thread.cpp:77] thread 57 construct actor 250688651132928
I0910 21:45:39.518623 44360 thread.cpp:77] thread 56 construct actor 246290604621824
I0910 21:45:39.518625 44311 thread.cpp:77] thread 7 construct actor 30786325577728
I0910 21:45:39.518643 44364 thread.cpp:77] thread 60 construct actor 263882790666240
I0910 21:45:39.518669 44363 thread.cpp:77] thread 59 construct actor 259484744155136
I0910 21:45:39.518638 44362 thread.cpp:77] thread 58 construct actor 255086697644032
I0910 21:45:39.518673 44310 thread.cpp:77] thread 6 construct actor 26388279066624
I0910 21:45:39.519656 44312 normal_forward_compute_actor.cpp:28] actor 35184372088832 switch to &NormalForwardCompActor::HandlerNormal
I0910 21:45:39.519870 44312 runtime_context.cpp:27] DecreaseCounter constructing_actor_cnt, current val is 118
I0910 21:45:39.520028 44311 normal_forward_compute_actor.cpp:28] actor 30786325577728 switch to &NormalForwardCompActor::HandlerNormal
I0910 21:45:39.520210 44366 sink_compute_actor.cpp:21] actor 272678883688448 switch to &SinkCompActor::HandlerNormal
I0910 21:45:39.520215 44311 runtime_context.cpp:27] DecreaseCounter constructing_actor_cnt, current val is 117
I0910 21:45:39.520221 44360 normal_forward_compute_actor.cpp:28] actor 246290604621824 switch to &NormalForwardCompActor::HandlerNormal
I0910 21:45:39.520385 44366 runtime_context.cpp:27] DecreaseCounter constructing_actor_cnt, current val is 116
I0910 21:45:39.520414 44360 runtime_context.cpp:27] DecreaseCounter constructing_actor_cnt, current val is 115
I0910 21:45:39.520552 44310 normal_forward_compute_actor.cpp:28] actor 26388279066624 switch to &NormalForwardCompActor::HandlerNormal
I0910 21:45:39.520576 44359 tick_compute_actor.cpp:22] actor 241892558110722 switch to &TickComputeActor::HandlerNormal
I0910 21:45:39.520687 44362 normal_forward_compute_actor.cpp:28] actor 255086697644032 switch to &NormalForwardCompActor::HandlerNormal
I0910 21:45:39.520740 44310 runtime_context.cpp:27] DecreaseCounter constructing_actor_cnt, current val is 114
I0910 21:45:39.520783 44310 thread.cpp:77] thread 6 construct actor 26388279066625
I0910 21:45:39.520821 44359 runtime_context.cpp:27] DecreaseCounter constructing_actor_cnt, current val is 113
I0910 21:45:39.520867 44359 thread.cpp:77] thread 55 construct actor 241892558110723
I0910 21:45:39.520870 44362 runtime_context.cpp:27] DecreaseCounter constructing_actor_cnt, current val is 112
I0910 21:45:39.520872 44298 normal_forward_compute_actor.cpp:28] actor 0 switch to &NormalForwardCompActor::HandlerNormal
I0910 21:45:39.521109 44298 runtime_context.cpp:27] DecreaseCounter constructing_actor_cnt, current val is 111
I0910 21:45:39.521169 44298 thread.cpp:77] thread 0 construct actor 1
I0910 21:45:39.521273 44361 normal_forward_compute_actor.cpp:28] actor 250688651132928 switch to &NormalForwardCompActor::HandlerNormal
I0910 21:45:39.521420 44364 normal_forward_compute_actor.cpp:28] actor 263882790666240 switch to &NormalForwardCompActor::HandlerNormal
I0910 21:45:39.521534 44363 normal_forward_compute_actor.cpp:28] actor 259484744155136 switch to &NormalForwardCompActor::HandlerNormal
I0910 21:45:39.521540 44361 runtime_context.cpp:27] DecreaseCounter constructing_actor_cnt, current val is 110
I0910 21:45:39.521623 44364 runtime_context.cpp:27] DecreaseCounter constructing_actor_cnt, current val is 109
I0910 21:45:39.521752 44363 runtime_context.cpp:27] DecreaseCounter constructing_actor_cnt, current val is 108
I0910 21:45:39.521955 44302 copy_hd_actor.cpp:23] actor 8796093022208 switch to &CopyHdActor::HandlerNormal
I0910 21:45:39.522222 44302 runtime_context.cpp:27] DecreaseCounter constructing_actor_cnt, current val is 107
I0910 21:45:39.522260 44302 thread.cpp:77] thread 2 construct actor 8796093022209
I0910 21:45:39.522842 44359 tick_compute_actor.cpp:22] actor 241892558110723 switch to &TickComputeActor::HandlerNormal
I0910 21:45:39.523064 44359 runtime_context.cpp:27] DecreaseCounter constructing_actor_cnt, current val is 106
I0910 21:45:39.523128 44359 thread.cpp:77] thread 55 construct actor 241892558110724
I0910 21:45:39.524582 44302 copy_hd_actor.cpp:23] actor 8796093022209 switch to &CopyHdActor::HandlerNormal
I0910 21:45:39.524768 44302 runtime_context.cpp:27] DecreaseCounter constructing_actor_cnt, current val is 105
I0910 21:45:39.524821 44302 thread.cpp:77] thread 2 construct actor 8796093022210
I0910 21:45:39.525269 44359 tick_compute_actor.cpp:22] actor 241892558110724 switch to &TickComputeActor::HandlerNormal
I0910 21:45:39.525482 44359 runtime_context.cpp:27] DecreaseCounter constructing_actor_cnt, current val is 104
I0910 21:45:39.525547 44359 thread.cpp:77] thread 55 construct actor 241892558110784
I0910 21:45:39.525964 44298 normal_forward_compute_actor.cpp:28] actor 1 switch to &NormalForwardCompActor::HandlerNormal
I0910 21:45:39.526258 44298 runtime_context.cpp:27] DecreaseCounter constructing_actor_cnt, current val is 103
I0910 21:45:39.526316 44298 thread.cpp:77] thread 0 construct actor 2
I0910 21:45:39.527143 44302 copy_hd_actor.cpp:23] actor 8796093022210 switch to &CopyHdActor::HandlerNormal
I0910 21:45:39.527333 44302 runtime_context.cpp:27] DecreaseCounter constructing_actor_cnt, current val is 102
I0910 21:45:39.527390 44302 thread.cpp:77] thread 2 construct actor 8796093022211
I0910 21:45:39.527755 44359 esac_compute_actor.cpp:36] actor 241892558110784 switch to &EsacCompActor::HandlerNormal
I0910 21:45:39.527982 44359 runtime_context.cpp:27] DecreaseCounter constructing_actor_cnt, current val is 101
I0910 21:45:39.528043 44359 thread.cpp:77] thread 55 construct actor 241892558110726
I0910 21:45:39.528240 44298 normal_forward_compute_actor.cpp:28] actor 2 switch to &NormalForwardCompActor::HandlerNormal
I0910 21:45:39.528455 44298 runtime_context.cpp:27] DecreaseCounter constructing_actor_cnt, current val is 100
I0910 21:45:39.528517 44298 thread.cpp:77] thread 0 construct actor 3
I0910 21:45:39.528808 44310 normal_forward_compute_actor.cpp:28] actor 26388279066625 switch to &NormalForwardCompActor::HandlerNormal
I0910 21:45:39.529096 44310 runtime_context.cpp:27] DecreaseCounter constructing_actor_cnt, current val is 99
I0910 21:45:39.529160 44310 thread.cpp:77] thread 6 construct actor 26388279066626
I0910 21:45:39.529671 44302 copy_hd_actor.cpp:23] actor 8796093022211 switch to &CopyHdActor::HandlerNormal
I0910 21:45:39.529863 44302 runtime_context.cpp:27] DecreaseCounter constructing_actor_cnt, current val is 98
I0910 21:45:39.529919 44302 thread.cpp:77] thread 2 construct actor 8796093022212
I0910 21:45:39.530012 44359 tick_compute_actor.cpp:22] actor 241892558110726 switch to &TickComputeActor::HandlerNormal
I0910 21:45:39.530218 44359 runtime_context.cpp:27] DecreaseCounter constructing_actor_cnt, current val is 97
I0910 21:45:39.530274 44359 thread.cpp:77] thread 55 construct actor 241892558110727
I0910 21:45:39.532034 44359 tick_compute_actor.cpp:22] actor 241892558110727 switch to &TickComputeActor::HandlerNormal
I0910 21:45:39.532066 44302 copy_hd_actor.cpp:23] actor 8796093022212 switch to &CopyHdActor::HandlerNormal
I0910 21:45:39.532369 44359 runtime_context.cpp:27] DecreaseCounter constructing_actor_cnt, current val is 96
I0910 21:45:39.532438 44359 thread.cpp:77] thread 55 construct actor 241892558110728
I0910 21:45:39.532438 44302 runtime_context.cpp:27] DecreaseCounter constructing_actor_cnt, current val is 95
I0910 21:45:39.532506 44302 thread.cpp:77] thread 2 construct actor 8796093022213
I0910 21:45:39.533051 44298 normal_forward_compute_actor.cpp:28] actor 3 switch to &NormalForwardCompActor::HandlerNormal
I0910 21:45:39.533327 44298 runtime_context.cpp:27] DecreaseCounter constructing_actor_cnt, current val is 94
I0910 21:45:39.533385 44298 thread.cpp:77] thread 0 construct actor 4
I0910 21:45:39.534341 44359 tick_compute_actor.cpp:22] actor 241892558110728 switch to &TickComputeActor::HandlerNormal
I0910 21:45:39.534536 44359 runtime_context.cpp:27] DecreaseCounter constructing_actor_cnt, current val is 93
I0910 21:45:39.534596 44359 thread.cpp:77] thread 55 construct actor 241892558110729
I0910 21:45:39.534637 44302 copy_hd_actor.cpp:23] actor 8796093022213 switch to &CopyHdActor::HandlerNormal
I0910 21:45:39.534799 44302 runtime_context.cpp:27] DecreaseCounter constructing_actor_cnt, current val is 92
I0910 21:45:39.534832 44302 thread.cpp:77] thread 2 construct actor 8796093022214
I0910 21:45:39.535109 44298 normal_forward_compute_actor.cpp:28] actor 4 switch to &NormalForwardCompActor::HandlerNormal
I0910 21:45:39.535305 44298 runtime_context.cpp:27] DecreaseCounter constructing_actor_cnt, current val is 91
I0910 21:45:39.535357 44298 thread.cpp:77] thread 0 construct actor 5
I0910 21:45:39.536413 44359 tick_compute_actor.cpp:22] actor 241892558110729 switch to &TickComputeActor::HandlerNormal
I0910 21:45:39.536690 44359 runtime_context.cpp:27] DecreaseCounter constructing_actor_cnt, current val is 90
I0910 21:45:39.536716 44310 normal_forward_compute_actor.cpp:28] actor 26388279066626 switch to &NormalForwardCompActor::HandlerNormal
I0910 21:45:39.536789 44359 thread.cpp:77] thread 55 construct actor 241892558110783
I0910 21:45:39.536969 44302 copy_hd_actor.cpp:23] actor 8796093022214 switch to &CopyHdActor::HandlerNormal
I0910 21:45:39.537039 44310 runtime_context.cpp:27] DecreaseCounter constructing_actor_cnt, current val is 89
I0910 21:45:39.537129 44302 runtime_context.cpp:27] DecreaseCounter constructing_actor_cnt, current val is 88
I0910 21:45:39.537186 44302 thread.cpp:77] thread 2 construct actor 8796093022215
I0910 21:45:39.539083 44359 esac_compute_actor.cpp:36] actor 241892558110783 switch to &EsacCompActor::HandlerNormal
I0910 21:45:39.539341 44359 runtime_context.cpp:27] DecreaseCounter constructing_actor_cnt, current val is 87
I0910 21:45:39.539342 44302 copy_hd_actor.cpp:23] actor 8796093022215 switch to &CopyHdActor::HandlerNormal
I0910 21:45:39.539402 44359 thread.cpp:77] thread 55 construct actor 241892558110732
I0910 21:45:39.539528 44302 runtime_context.cpp:27] DecreaseCounter constructing_actor_cnt, current val is 86
I0910 21:45:39.539574 44302 thread.cpp:77] thread 2 construct actor 8796093022216
I0910 21:45:39.539696 44298 normal_forward_compute_actor.cpp:28] actor 5 switch to &NormalForwardCompActor::HandlerNormal
I0910 21:45:39.539947 44298 runtime_context.cpp:27] DecreaseCounter constructing_actor_cnt, current val is 85
I0910 21:45:39.540004 44298 thread.cpp:77] thread 0 construct actor 6
I0910 21:45:39.541174 44359 tick_compute_actor.cpp:22] actor 241892558110732 switch to &TickComputeActor::HandlerNormal
I0910 21:45:39.541369 44359 runtime_context.cpp:27] DecreaseCounter constructing_actor_cnt, current val is 84
I0910 21:45:39.541425 44359 thread.cpp:77] thread 55 construct actor 241892558110733
I0910 21:45:39.541632 44302 copy_hd_actor.cpp:23] actor 8796093022216 switch to &CopyHdActor::HandlerNormal
I0910 21:45:39.541785 44302 runtime_context.cpp:27] DecreaseCounter constructing_actor_cnt, current val is 83
I0910 21:45:39.541867 44302 thread.cpp:77] thread 2 construct actor 8796093022217
I0910 21:45:39.543120 44359 tick_compute_actor.cpp:22] actor 241892558110733 switch to &TickComputeActor::HandlerNormal
I0910 21:45:39.543341 44359 runtime_context.cpp:27] DecreaseCounter constructing_actor_cnt, current val is 82
I0910 21:45:39.543380 44359 thread.cpp:77] thread 55 construct actor 241892558110734
I0910 21:45:39.543892 44302 copy_hd_actor.cpp:23] actor 8796093022217 switch to &CopyHdActor::HandlerNormal
I0910 21:45:39.543989 44298 normal_forward_compute_actor.cpp:28] actor 6 switch to &NormalForwardCompActor::HandlerNormal
I0910 21:45:39.544045 44302 runtime_context.cpp:27] DecreaseCounter constructing_actor_cnt, current val is 81
I0910 21:45:39.544077 44302 thread.cpp:77] thread 2 construct actor 8796093022218
I0910 21:45:39.544220 44298 runtime_context.cpp:27] DecreaseCounter constructing_actor_cnt, current val is 80
I0910 21:45:39.544277 44298 thread.cpp:77] thread 0 construct actor 7
I0910 21:45:39.545035 44359 tick_compute_actor.cpp:22] actor 241892558110734 switch to &TickComputeActor::HandlerNormal
I0910 21:45:39.545225 44359 runtime_context.cpp:27] DecreaseCounter constructing_actor_cnt, current val is 79
I0910 21:45:39.545276 44359 thread.cpp:77] thread 55 construct actor 241892558110735
I0910 21:45:39.546119 44302 copy_hd_actor.cpp:23] actor 8796093022218 switch to &CopyHdActor::HandlerNormal
I0910 21:45:39.546324 44302 runtime_context.cpp:27] DecreaseCounter constructing_actor_cnt, current val is 78
I0910 21:45:39.546358 44302 thread.cpp:77] thread 2 construct actor 8796093022219
I0910 21:45:39.547144 44359 tick_compute_actor.cpp:22] actor 241892558110735 switch to &TickComputeActor::HandlerNormal
I0910 21:45:39.547339 44359 runtime_context.cpp:27] DecreaseCounter constructing_actor_cnt, current val is 77
I0910 21:45:39.547377 44359 thread.cpp:77] thread 55 construct actor 241892558110782
I0910 21:45:39.548270 44298 normal_forward_compute_actor.cpp:28] actor 7 switch to &NormalForwardCompActor::HandlerNormal
I0910 21:45:39.548362 44302 copy_hd_actor.cpp:23] actor 8796093022219 switch to &CopyHdActor::HandlerNormal
I0910 21:45:39.548512 44298 runtime_context.cpp:27] DecreaseCounter constructing_actor_cnt, current val is 76
I0910 21:45:39.548521 44302 runtime_context.cpp:27] DecreaseCounter constructing_actor_cnt, current val is 75
I0910 21:45:39.548571 44298 thread.cpp:77] thread 0 construct actor 8
I0910 21:45:39.548594 44302 thread.cpp:77] thread 2 construct actor 8796093022220
I0910 21:45:39.549041 44359 tick_compute_actor.cpp:22] actor 241892558110782 switch to &TickComputeActor::HandlerNormal
I0910 21:45:39.549238 44359 runtime_context.cpp:27] DecreaseCounter constructing_actor_cnt, current val is 74
I0910 21:45:39.549314 44359 thread.cpp:77] thread 55 construct actor 241892558110737
I0910 21:45:39.550204 44298 normal_forward_compute_actor.cpp:28] actor 8 switch to &NormalForwardCompActor::HandlerNormal
I0910 21:45:39.550374 44298 runtime_context.cpp:27] DecreaseCounter constructing_actor_cnt, current val is 73
I0910 21:45:39.550410 44298 thread.cpp:77] thread 0 construct actor 9
I0910 21:45:39.550597 44302 copy_hd_actor.cpp:23] actor 8796093022220 switch to &CopyHdActor::HandlerNormal
I0910 21:45:39.550741 44302 runtime_context.cpp:27] DecreaseCounter constructing_actor_cnt, current val is 72
I0910 21:45:39.550772 44302 thread.cpp:77] thread 2 construct actor 8796093022221
I0910 21:45:39.550948 44359 tick_compute_actor.cpp:22] actor 241892558110737 switch to &TickComputeActor::HandlerNormal
I0910 21:45:39.551120 44359 runtime_context.cpp:27] DecreaseCounter constructing_actor_cnt, current val is 71
I0910 21:45:39.551183 44359 thread.cpp:77] thread 55 construct actor 241892558110738
I0910 21:45:39.552692 44302 copy_hd_actor.cpp:23] actor 8796093022221 switch to &CopyHdActor::HandlerNormal
I0910 21:45:39.552736 44359 tick_compute_actor.cpp:22] actor 241892558110738 switch to &TickComputeActor::HandlerNormal
I0910 21:45:39.552839 44302 runtime_context.cpp:27] DecreaseCounter constructing_actor_cnt, current val is 70
I0910 21:45:39.552888 44359 runtime_context.cpp:27] DecreaseCounter constructing_actor_cnt, current val is 69
I0910 21:45:39.552942 44302 thread.cpp:77] thread 2 construct actor 8796093022222
I0910 21:45:39.552971 44359 thread.cpp:77] thread 55 construct actor 241892558110739
I0910 21:45:39.554309 44298 normal_forward_compute_actor.cpp:28] actor 9 switch to &NormalForwardCompActor::HandlerNormal
I0910 21:45:39.554584 44298 runtime_context.cpp:27] DecreaseCounter constructing_actor_cnt, current val is 68
I0910 21:45:39.554620 44298 thread.cpp:77] thread 0 construct actor 10
I0910 21:45:39.554649 44359 tick_compute_actor.cpp:22] actor 241892558110739 switch to &TickComputeActor::HandlerNormal
I0910 21:45:39.554805 44359 runtime_context.cpp:27] DecreaseCounter constructing_actor_cnt, current val is 67
I0910 21:45:39.554841 44359 thread.cpp:77] thread 55 construct actor 241892558110740
I0910 21:45:39.554890 44302 copy_hd_actor.cpp:23] actor 8796093022222 switch to &CopyHdActor::HandlerNormal
I0910 21:45:39.555022 44302 runtime_context.cpp:27] DecreaseCounter constructing_actor_cnt, current val is 66
I0910 21:45:39.555073 44302 thread.cpp:77] thread 2 construct actor 8796093022223
I0910 21:45:39.556107 44298 normal_forward_compute_actor.cpp:28] actor 10 switch to &NormalForwardCompActor::HandlerNormal
I0910 21:45:39.556280 44298 runtime_context.cpp:27] DecreaseCounter constructing_actor_cnt, current val is 65
I0910 21:45:39.556326 44298 thread.cpp:77] thread 0 construct actor 11
I0910 21:45:39.556468 44359 tick_compute_actor.cpp:22] actor 241892558110740 switch to &TickComputeActor::HandlerNormal
I0910 21:45:39.556641 44359 runtime_context.cpp:27] DecreaseCounter constructing_actor_cnt, current val is 64
I0910 21:45:39.556691 44359 thread.cpp:77] thread 55 construct actor 241892558110781
I0910 21:45:39.556973 44302 copy_hd_actor.cpp:23] actor 8796093022223 switch to &CopyHdActor::HandlerNormal
I0910 21:45:39.557116 44302 runtime_context.cpp:27] DecreaseCounter constructing_actor_cnt, current val is 63
I0910 21:45:39.557147 44302 thread.cpp:77] thread 2 construct actor 8796093022224
I0910 21:45:39.558285 44359 tick_compute_actor.cpp:22] actor 241892558110781 switch to &TickComputeActor::HandlerNormal
I0910 21:45:39.558456 44359 runtime_context.cpp:27] DecreaseCounter constructing_actor_cnt, current val is 62
I0910 21:45:39.558491 44359 thread.cpp:77] thread 55 construct actor 241892558110743
I0910 21:45:39.559059 44302 copy_hd_actor.cpp:23] actor 8796093022224 switch to &CopyHdActor::HandlerNormal
I0910 21:45:39.559214 44302 runtime_context.cpp:27] DecreaseCounter constructing_actor_cnt, current val is 61
I0910 21:45:39.560079 44298 normal_forward_compute_actor.cpp:28] actor 11 switch to &NormalForwardCompActor::HandlerNormal
I0910 21:45:39.560125 44359 tick_compute_actor.cpp:22] actor 241892558110743 switch to &TickComputeActor::HandlerNormal
I0910 21:45:39.560283 44359 runtime_context.cpp:27] DecreaseCounter constructing_actor_cnt, current val is 60
I0910 21:45:39.560317 44359 thread.cpp:77] thread 55 construct actor 241892558110744
I0910 21:45:39.560314 44298 runtime_context.cpp:27] DecreaseCounter constructing_actor_cnt, current val is 59
I0910 21:45:39.560365 44298 thread.cpp:77] thread 0 construct actor 12
I0910 21:45:39.561782 44359 tick_compute_actor.cpp:22] actor 241892558110744 switch to &TickComputeActor::HandlerNormal
I0910 21:45:39.561945 44359 runtime_context.cpp:27] DecreaseCounter constructing_actor_cnt, current val is 58
I0910 21:45:39.561980 44359 thread.cpp:77] thread 55 construct actor 241892558110745
I0910 21:45:39.563446 44359 tick_compute_actor.cpp:22] actor 241892558110745 switch to &TickComputeActor::HandlerNormal
I0910 21:45:39.563608 44359 runtime_context.cpp:27] DecreaseCounter constructing_actor_cnt, current val is 57
I0910 21:45:39.563659 44359 thread.cpp:77] thread 55 construct actor 241892558110746
I0910 21:45:39.563894 44298 normal_forward_compute_actor.cpp:28] actor 12 switch to &NormalForwardCompActor::HandlerNormal
I0910 21:45:39.564110 44298 runtime_context.cpp:27] DecreaseCounter constructing_actor_cnt, current val is 56
I0910 21:45:39.564265 44298 thread.cpp:77] thread 0 construct actor 13
I0910 21:45:39.565357 44359 tick_compute_actor.cpp:22] actor 241892558110746 switch to &TickComputeActor::HandlerNormal
I0910 21:45:39.565379 44365 wait_and_send_ids_compute_actor.cpp:27] actor 268280837177344 switch to &WaitAndSendIdsCompActor::HandlerWaitToStart
I0910 21:45:39.565544 44365 runtime_context.cpp:27] DecreaseCounter constructing_actor_cnt, current val is 55
I0910 21:45:39.565549 44359 runtime_context.cpp:27] DecreaseCounter constructing_actor_cnt, current val is 54
I0910 21:45:39.565603 44359 thread.cpp:77] thread 55 construct actor 241892558110780
I0910 21:45:39.567086 44359 tick_compute_actor.cpp:22] actor 241892558110780 switch to &TickComputeActor::HandlerNormal
I0910 21:45:39.567257 44359 runtime_context.cpp:27] DecreaseCounter constructing_actor_cnt, current val is 53
I0910 21:45:39.567291 44359 thread.cpp:77] thread 55 construct actor 241892558110748
I0910 21:45:39.567884 44298 normal_forward_compute_actor.cpp:28] actor 13 switch to &NormalForwardCompActor::HandlerNormal
I0910 21:45:39.568109 44298 runtime_context.cpp:27] DecreaseCounter constructing_actor_cnt, current val is 52
I0910 21:45:39.568142 44298 thread.cpp:77] thread 0 construct actor 14
I0910 21:45:39.568795 44359 tick_compute_actor.cpp:22] actor 241892558110748 switch to &TickComputeActor::HandlerNormal
I0910 21:45:39.568955 44359 runtime_context.cpp:27] DecreaseCounter constructing_actor_cnt, current val is 51
I0910 21:45:39.569008 44359 thread.cpp:77] thread 55 construct actor 241892558110749
I0910 21:45:39.569586 44298 normal_forward_compute_actor.cpp:28] actor 14 switch to &NormalForwardCompActor::HandlerNormal
I0910 21:45:39.569804 44298 runtime_context.cpp:27] DecreaseCounter constructing_actor_cnt, current val is 50
I0910 21:45:39.569837 44298 thread.cpp:77] thread 0 construct actor 15
I0910 21:45:39.570485 44359 tick_compute_actor.cpp:22] actor 241892558110749 switch to &TickComputeActor::HandlerNormal
I0910 21:45:39.570638 44359 runtime_context.cpp:27] DecreaseCounter constructing_actor_cnt, current val is 49
I0910 21:45:39.570672 44359 thread.cpp:77] thread 55 construct actor 241892558110750
I0910 21:45:39.572140 44359 tick_compute_actor.cpp:22] actor 241892558110750 switch to &TickComputeActor::HandlerNormal
I0910 21:45:39.572304 44359 runtime_context.cpp:27] DecreaseCounter constructing_actor_cnt, current val is 48
I0910 21:45:39.572335 44359 thread.cpp:77] thread 55 construct actor 241892558110751
I0910 21:45:39.573377 44298 normal_forward_compute_actor.cpp:28] actor 15 switch to &NormalForwardCompActor::HandlerNormal
I0910 21:45:39.573592 44298 runtime_context.cpp:27] DecreaseCounter constructing_actor_cnt, current val is 47
I0910 21:45:39.573626 44298 thread.cpp:77] thread 0 construct actor 16
I0910 21:45:39.573755 44359 tick_compute_actor.cpp:22] actor 241892558110751 switch to &TickComputeActor::HandlerNormal
I0910 21:45:39.573892 44359 runtime_context.cpp:27] DecreaseCounter constructing_actor_cnt, current val is 46
I0910 21:45:39.573938 44359 thread.cpp:77] thread 55 construct actor 241892558110779
I0910 21:45:39.575002 44298 normal_forward_compute_actor.cpp:28] actor 16 switch to &NormalForwardCompActor::HandlerNormal
I0910 21:45:39.575155 44298 runtime_context.cpp:27] DecreaseCounter constructing_actor_cnt, current val is 45
I0910 21:45:39.575194 44298 thread.cpp:77] thread 0 construct actor 17
I0910 21:45:39.575393 44359 tick_compute_actor.cpp:22] actor 241892558110779 switch to &TickComputeActor::HandlerNormal
I0910 21:45:39.575549 44359 runtime_context.cpp:27] DecreaseCounter constructing_actor_cnt, current val is 44
I0910 21:45:39.575594 44359 thread.cpp:77] thread 55 construct actor 241892558110754
I0910 21:45:39.577003 44359 tick_compute_actor.cpp:22] actor 241892558110754 switch to &TickComputeActor::HandlerNormal
I0910 21:45:39.577189 44359 runtime_context.cpp:27] DecreaseCounter constructing_actor_cnt, current val is 43
I0910 21:45:39.577224 44359 thread.cpp:77] thread 55 construct actor 241892558110755
I0910 21:45:39.578660 44298 normal_forward_compute_actor.cpp:28] actor 17 switch to &NormalForwardCompActor::HandlerNormal
I0910 21:45:39.578712 44359 tick_compute_actor.cpp:22] actor 241892558110755 switch to &TickComputeActor::HandlerNormal
I0910 21:45:39.578876 44359 runtime_context.cpp:27] DecreaseCounter constructing_actor_cnt, current val is 42
I0910 21:45:39.578884 44298 runtime_context.cpp:27] DecreaseCounter constructing_actor_cnt, current val is 41
I0910 21:45:39.578912 44359 thread.cpp:77] thread 55 construct actor 241892558110756
I0910 21:45:39.578938 44298 thread.cpp:77] thread 0 construct actor 18
I0910 21:45:39.580368 44359 tick_compute_actor.cpp:22] actor 241892558110756 switch to &TickComputeActor::HandlerNormal
I0910 21:45:39.580523 44359 runtime_context.cpp:27] DecreaseCounter constructing_actor_cnt, current val is 40
I0910 21:45:39.580554 44359 thread.cpp:77] thread 55 construct actor 241892558110758
I0910 21:45:39.582046 44359 tick_compute_actor.cpp:22] actor 241892558110758 switch to &TickComputeActor::HandlerNormal
I0910 21:45:39.582211 44359 runtime_context.cpp:27] DecreaseCounter constructing_actor_cnt, current val is 39
I0910 21:45:39.582242 44359 thread.cpp:77] thread 55 construct actor 241892558110778
I0910 21:45:39.582329 44298 normal_forward_compute_actor.cpp:28] actor 18 switch to &NormalForwardCompActor::HandlerNormal
I0910 21:45:39.582535 44298 runtime_context.cpp:27] DecreaseCounter constructing_actor_cnt, current val is 38
I0910 21:45:39.582567 44298 thread.cpp:77] thread 0 construct actor 19
I0910 21:45:39.583596 44359 tick_compute_actor.cpp:22] actor 241892558110778 switch to &TickComputeActor::HandlerNormal
I0910 21:45:39.583745 44359 runtime_context.cpp:27] DecreaseCounter constructing_actor_cnt, current val is 37
I0910 21:45:39.583775 44359 thread.cpp:77] thread 55 construct actor 241892558110760
I0910 21:45:39.583918 44298 tick_compute_actor.cpp:22] actor 19 switch to &TickComputeActor::HandlerNormal
I0910 21:45:39.584079 44298 runtime_context.cpp:27] DecreaseCounter constructing_actor_cnt, current val is 36
I0910 21:45:39.584123 44298 thread.cpp:77] thread 0 construct actor 21
I0910 21:45:39.585242 44359 tick_compute_actor.cpp:22] actor 241892558110760 switch to &TickComputeActor::HandlerNormal
I0910 21:45:39.585407 44359 runtime_context.cpp:27] DecreaseCounter constructing_actor_cnt, current val is 35
I0910 21:45:39.585454 44359 thread.cpp:77] thread 55 construct actor 241892558110761
I0910 21:45:39.585623 44298 normal_forward_compute_actor.cpp:28] actor 21 switch to &NormalForwardCompActor::HandlerNormal
I0910 21:45:39.585777 44298 runtime_context.cpp:27] DecreaseCounter constructing_actor_cnt, current val is 34
I0910 21:45:39.585824 44298 thread.cpp:77] thread 0 construct actor 22
I0910 21:45:39.586838 44359 tick_compute_actor.cpp:22] actor 241892558110761 switch to &TickComputeActor::HandlerNormal
I0910 21:45:39.587014 44359 runtime_context.cpp:27] DecreaseCounter constructing_actor_cnt, current val is 33
I0910 21:45:39.587046 44359 thread.cpp:77] thread 55 construct actor 241892558110762
I0910 21:45:39.587292 44298 normal_forward_compute_actor.cpp:28] actor 22 switch to &NormalForwardCompActor::HandlerNormal
I0910 21:45:39.587450 44298 runtime_context.cpp:27] DecreaseCounter constructing_actor_cnt, current val is 32
I0910 21:45:39.587481 44298 thread.cpp:77] thread 0 construct actor 23
I0910 21:45:39.588405 44359 tick_compute_actor.cpp:22] actor 241892558110762 switch to &TickComputeActor::HandlerNormal
I0910 21:45:39.588554 44359 runtime_context.cpp:27] DecreaseCounter constructing_actor_cnt, current val is 31
I0910 21:45:39.588585 44359 thread.cpp:77] thread 55 construct actor 241892558110763
I0910 21:45:39.588945 44298 normal_forward_compute_actor.cpp:28] actor 23 switch to &NormalForwardCompActor::HandlerNormal
I0910 21:45:39.589102 44298 runtime_context.cpp:27] DecreaseCounter constructing_actor_cnt, current val is 30
I0910 21:45:39.589133 44298 thread.cpp:77] thread 0 construct actor 24
I0910 21:45:39.589956 44359 tick_compute_actor.cpp:22] actor 241892558110763 switch to &TickComputeActor::HandlerNormal
I0910 21:45:39.590134 44359 runtime_context.cpp:27] DecreaseCounter constructing_actor_cnt, current val is 29
I0910 21:45:39.590194 44359 thread.cpp:77] thread 55 construct actor 241892558110777
I0910 21:45:39.590603 44298 normal_forward_compute_actor.cpp:28] actor 24 switch to &NormalForwardCompActor::HandlerNormal
I0910 21:45:39.590755 44298 runtime_context.cpp:27] DecreaseCounter constructing_actor_cnt, current val is 28
I0910 21:45:39.590786 44298 thread.cpp:77] thread 0 construct actor 25
I0910 21:45:39.591513 44359 tick_compute_actor.cpp:22] actor 241892558110777 switch to &TickComputeActor::HandlerNormal
I0910 21:45:39.591656 44359 runtime_context.cpp:27] DecreaseCounter constructing_actor_cnt, current val is 27
I0910 21:45:39.591701 44359 thread.cpp:77] thread 55 construct actor 241892558110765
I0910 21:45:39.592167 44298 normal_forward_compute_actor.cpp:28] actor 25 switch to &NormalForwardCompActor::HandlerNormal
I0910 21:45:39.592321 44298 runtime_context.cpp:27] DecreaseCounter constructing_actor_cnt, current val is 26
I0910 21:45:39.592352 44298 thread.cpp:77] thread 0 construct actor 26
I0910 21:45:39.593001 44359 tick_compute_actor.cpp:22] actor 241892558110765 switch to &TickComputeActor::HandlerNormal
I0910 21:45:39.593145 44359 runtime_context.cpp:27] DecreaseCounter constructing_actor_cnt, current val is 25
I0910 21:45:39.593183 44359 thread.cpp:77] thread 55 construct actor 241892558110766
I0910 21:45:39.593744 44298 normal_forward_compute_actor.cpp:28] actor 26 switch to &NormalForwardCompActor::HandlerNormal
I0910 21:45:39.593894 44298 runtime_context.cpp:27] DecreaseCounter constructing_actor_cnt, current val is 24
I0910 21:45:39.593933 44298 thread.cpp:77] thread 0 construct actor 29
I0910 21:45:39.594485 44359 tick_compute_actor.cpp:22] actor 241892558110766 switch to &TickComputeActor::HandlerNormal
I0910 21:45:39.594630 44359 runtime_context.cpp:27] DecreaseCounter constructing_actor_cnt, current val is 23
I0910 21:45:39.594660 44359 thread.cpp:77] thread 55 construct actor 241892558110767
I0910 21:45:39.595345 44298 normal_forward_compute_actor.cpp:28] actor 29 switch to &NormalForwardCompActor::HandlerNormal
I0910 21:45:39.595497 44298 runtime_context.cpp:27] DecreaseCounter constructing_actor_cnt, current val is 22
I0910 21:45:39.595528 44298 thread.cpp:77] thread 0 construct actor 30
I0910 21:45:39.596017 44359 tick_compute_actor.cpp:22] actor 241892558110767 switch to &TickComputeActor::HandlerNormal
I0910 21:45:39.596171 44359 runtime_context.cpp:27] DecreaseCounter constructing_actor_cnt, current val is 21
I0910 21:45:39.596211 44359 thread.cpp:77] thread 55 construct actor 241892558110776
I0910 21:45:39.596889 44298 normal_forward_compute_actor.cpp:28] actor 30 switch to &NormalForwardCompActor::HandlerNormal
I0910 21:45:39.597040 44298 runtime_context.cpp:27] DecreaseCounter constructing_actor_cnt, current val is 20
I0910 21:45:39.597071 44298 thread.cpp:77] thread 0 construct actor 31
I0910 21:45:39.597528 44359 tick_compute_actor.cpp:22] actor 241892558110776 switch to &TickComputeActor::HandlerNormal
I0910 21:45:39.597672 44359 runtime_context.cpp:27] DecreaseCounter constructing_actor_cnt, current val is 19
I0910 21:45:39.597703 44359 thread.cpp:77] thread 55 construct actor 241892558110769
I0910 21:45:39.598446 44298 normal_forward_compute_actor.cpp:28] actor 31 switch to &NormalForwardCompActor::HandlerNormal
I0910 21:45:39.598598 44298 runtime_context.cpp:27] DecreaseCounter constructing_actor_cnt, current val is 18
I0910 21:45:39.598628 44298 thread.cpp:77] thread 0 construct actor 32
I0910 21:45:39.599016 44359 tick_compute_actor.cpp:22] actor 241892558110769 switch to &TickComputeActor::HandlerNormal
I0910 21:45:39.599161 44359 runtime_context.cpp:27] DecreaseCounter constructing_actor_cnt, current val is 17
I0910 21:45:39.599200 44359 thread.cpp:77] thread 55 construct actor 241892558110770
I0910 21:45:39.600021 44298 normal_forward_compute_actor.cpp:28] actor 32 switch to &NormalForwardCompActor::HandlerNormal
I0910 21:45:39.600245 44298 runtime_context.cpp:27] DecreaseCounter constructing_actor_cnt, current val is 16
I0910 21:45:39.600296 44298 thread.cpp:77] thread 0 construct actor 33
I0910 21:45:39.600504 44359 tick_compute_actor.cpp:22] actor 241892558110770 switch to &TickComputeActor::HandlerNormal
I0910 21:45:39.600642 44359 runtime_context.cpp:27] DecreaseCounter constructing_actor_cnt, current val is 15
I0910 21:45:39.600672 44359 thread.cpp:77] thread 55 construct actor 241892558110771
I0910 21:45:39.601655 44298 normal_forward_compute_actor.cpp:28] actor 33 switch to &NormalForwardCompActor::HandlerNormal
I0910 21:45:39.601801 44298 runtime_context.cpp:27] DecreaseCounter constructing_actor_cnt, current val is 14
I0910 21:45:39.601831 44298 thread.cpp:77] thread 0 construct actor 34
I0910 21:45:39.602028 44359 reentrant_lock_compute_actor.cpp:37] actor 241892558110771 switch to &ReentrantLockCompActor::HandlerNormal
I0910 21:45:39.602183 44359 runtime_context.cpp:27] DecreaseCounter constructing_actor_cnt, current val is 13
I0910 21:45:39.602213 44359 thread.cpp:77] thread 55 construct actor 241892558110772
I0910 21:45:39.603153 44298 normal_forward_compute_actor.cpp:28] actor 34 switch to &NormalForwardCompActor::HandlerNormal
I0910 21:45:39.603307 44298 runtime_context.cpp:27] DecreaseCounter constructing_actor_cnt, current val is 12
I0910 21:45:39.603336 44298 thread.cpp:77] thread 0 construct actor 37
I0910 21:45:39.604619 44298 normal_forward_compute_actor.cpp:28] actor 37 switch to &NormalForwardCompActor::HandlerNormal
I0910 21:45:39.604764 44298 runtime_context.cpp:27] DecreaseCounter constructing_actor_cnt, current val is 11
I0910 21:45:39.604794 44298 thread.cpp:77] thread 0 construct actor 38
I0910 21:45:39.606101 44298 normal_forward_compute_actor.cpp:28] actor 38 switch to &NormalForwardCompActor::HandlerNormal
I0910 21:45:39.606257 44298 runtime_context.cpp:27] DecreaseCounter constructing_actor_cnt, current val is 10
I0910 21:45:39.606287 44298 thread.cpp:77] thread 0 construct actor 39
I0910 21:45:39.607571 44298 normal_forward_compute_actor.cpp:28] actor 39 switch to &NormalForwardCompActor::HandlerNormal
I0910 21:45:39.607717 44298 runtime_context.cpp:27] DecreaseCounter constructing_actor_cnt, current val is 9
I0910 21:45:39.607748 44298 thread.cpp:77] thread 0 construct actor 40
I0910 21:45:39.609072 44298 normal_forward_compute_actor.cpp:28] actor 40 switch to &NormalForwardCompActor::HandlerNormal
I0910 21:45:39.609226 44298 runtime_context.cpp:27] DecreaseCounter constructing_actor_cnt, current val is 8
I0910 21:45:39.609256 44298 thread.cpp:77] thread 0 construct actor 41
I0910 21:45:39.610006 44359 case_compute_actor.cpp:31] actor 241892558110772 switch to &CaseCompActor::HandlerNormal
I0910 21:45:39.610234 44359 runtime_context.cpp:27] DecreaseCounter constructing_actor_cnt, current val is 7
I0910 21:45:39.610263 44359 thread.cpp:77] thread 55 construct actor 241892558110773
I0910 21:45:39.610586 44298 normal_forward_compute_actor.cpp:28] actor 41 switch to &NormalForwardCompActor::HandlerNormal
I0910 21:45:39.610728 44298 runtime_context.cpp:27] DecreaseCounter constructing_actor_cnt, current val is 6
I0910 21:45:39.610755 44298 thread.cpp:77] thread 0 construct actor 42
I0910 21:45:39.611495 44359 tick_compute_actor.cpp:22] actor 241892558110773 switch to &TickComputeActor::HandlerNormal
I0910 21:45:39.611630 44359 runtime_context.cpp:27] DecreaseCounter constructing_actor_cnt, current val is 5
I0910 21:45:39.611660 44359 thread.cpp:77] thread 55 construct actor 241892558110774
I0910 21:45:39.612021 44298 normal_forward_compute_actor.cpp:28] actor 42 switch to &NormalForwardCompActor::HandlerNormal
I0910 21:45:39.612164 44298 runtime_context.cpp:27] DecreaseCounter constructing_actor_cnt, current val is 4
I0910 21:45:39.612198 44298 thread.cpp:77] thread 0 construct actor 43
I0910 21:45:39.612864 44359 tick_compute_actor.cpp:22] actor 241892558110774 switch to &TickComputeActor::HandlerNormal
I0910 21:45:39.613001 44359 runtime_context.cpp:27] DecreaseCounter constructing_actor_cnt, current val is 3
I0910 21:45:39.613057 44359 thread.cpp:77] thread 55 construct actor 241892558110775
I0910 21:45:39.613417 44298 tick_compute_actor.cpp:22] actor 43 switch to &TickComputeActor::HandlerNormal
I0910 21:45:39.613600 44298 runtime_context.cpp:27] DecreaseCounter constructing_actor_cnt, current val is 2
I0910 21:45:39.613629 44298 thread.cpp:77] thread 0 construct actor 45
I0910 21:45:39.614281 44359 tick_compute_actor.cpp:22] actor 241892558110775 switch to &TickComputeActor::HandlerNormal
I0910 21:45:39.614415 44359 runtime_context.cpp:27] DecreaseCounter constructing_actor_cnt, current val is 1
I0910 21:45:39.614895 44298 normal_forward_compute_actor.cpp:28] actor 45 switch to &NormalForwardCompActor::HandlerNormal
