Log file created at: 2020/09/10 21:24:36
Running on machine: oneflow-14
Log line format: [IWEF]mmdd hh:mm:ss.uuuuuu threadid file:line] msg
I0910 21:24:36.510058 16458 global.h:32] NewGlobal 14cudaDeviceProp
I0910 21:24:36.533994 16458 global.h:32] NewGlobal N7oneflow7EnvDescE
I0910 21:24:36.534058 16458 global.h:32] NewGlobal N7oneflow10CtrlServerE
I0910 21:24:36.545642 16458 ctrl_server.cpp:54] CtrlServer listening on 0.0.0.0:54272
I0910 21:24:36.545766 16458 global.h:32] NewGlobal N7oneflow10CtrlClientE
I0910 21:24:36.547325 16458 ctrl_client.cpp:202] LoadServer 127.0.0.1 Successful at 0 times
I0910 21:24:36.547438 16458 global.h:32] NewGlobal N7oneflow10MachineCtxE
I0910 21:24:36.547459 16458 machine_context.cpp:33] this machine id: 0
I0910 21:24:36.547480 16458 global.h:32] NewGlobal N7oneflow12ResourceDescE
I0910 21:24:36.547502 16458 global.h:32] NewGlobal N7oneflow12ResourceDescE
I0910 21:24:36.547519 16458 global.h:32] NewGlobal N7oneflow10ThreadPoolE
I0910 21:24:36.548851 16458 global.h:32] NewGlobal N7oneflow2vm19VirtualMachineScopeE
I0910 21:24:36.548883 16458 global.h:32] NewGlobal N7oneflow9OneflowVME
I0910 21:24:36.566905 16458 global.h:32] NewGlobal N7oneflow27EagerJobBuildAndInferCtxMgrE
I0910 21:24:36.566946 16458 global.h:32] NewGlobal N7oneflow16EagerNcclCommMgrE
I0910 21:24:36.584430 16458 job_desc.cpp:79] Set piece_num_of_experiment_phase 19
I0910 21:24:36.590011 16458 global.h:37] DeleteGlobal N7oneflow12ResourceDescE
I0910 21:24:36.590044 16458 version.cpp:62] OneFlow git version: v0.2b0-snapshot
I0910 21:24:36.590067 16458 version.cpp:70] CUDA runtime version: 10.0
I0910 21:24:36.590082 16458 version.cpp:79] cuDNN version: 7.6.5
I0910 21:24:36.590092 16458 version.cpp:90] NCCL version: 2.7.3
I0910 21:24:36.590101 16458 global.h:32] NewGlobal N7oneflow12ResourceDescE
I0910 21:24:36.590128 16458 global.h:32] NewGlobal N7oneflow6IOConfE
I0910 21:24:36.590160 16458 global.h:32] NewGlobal N7oneflow12ProfilerConfE
I0910 21:24:36.590173 16458 global.h:32] NewGlobal N7oneflow5IDMgrE
I0910 21:24:36.591234 16458 global.h:32] NewGlobal N7oneflow16AvailableMemDescE
I0910 21:24:36.591614 16458 global.h:32] NewGlobal St13unordered_mapISslSt4hashISsESt8equal_toISsESaISt4pairIKSslEEE
I0910 21:24:36.591648 16458 global.h:32] NewGlobal N7oneflow19CriticalSectionDescE
I0910 21:24:36.591670 16458 global.h:32] NewGlobal N7oneflow16InterUserJobInfoE
I0910 21:24:36.591701 16458 global.h:32] NewGlobal N7oneflow26LazyJobBuildAndInferCtxMgrE
I0910 21:24:36.591717 16458 global.h:32] NewGlobal N7oneflow18LbiDiffWatcherInfoE
I0910 21:24:36.591737 16458 global.h:32] NewGlobal N7oneflow16JobSetCompileCtxE
I0910 21:24:36.591755 16458 global.h:32] NewGlobal N7oneflow26RuntimeBufferManagersScopeE
I0910 21:24:36.591768 16458 global.h:32] NewGlobal N7oneflow9BufferMgrIlEE
I0910 21:24:36.591783 16458 global.h:32] NewGlobal N7oneflow9BufferMgrISt10shared_ptrINS_18ForeignJobInstanceEEEE
I0910 21:24:36.591797 16458 oneflow_internal_helper.h:132] NewGlobal N7oneflow25SessionGlobalObjectsScopeE
I0910 21:24:36.595466 16458 job_desc.cpp:79] Set piece_num_of_experiment_phase 19
I0910 21:24:36.597548 16458 global.h:32] NewGlobal N7oneflow7JobDescE
I0910 21:24:36.597592 16458 job_desc.cpp:79] Set piece_num_of_experiment_phase 19
I0910 21:24:36.870015 16458 global.h:37] DeleteGlobal N7oneflow7JobDescE
I0910 21:24:36.870079 16458 global.h:32] NewGlobal N7oneflow7JobDescE
I0910 21:24:36.870108 16458 job_desc.cpp:79] Set piece_num_of_experiment_phase 19
I0910 21:24:37.095679 16458 global.h:37] DeleteGlobal N7oneflow7JobDescE
I0910 21:24:37.097249 16458 global.h:32] NewGlobal N7oneflow24InterJobReuseMemStrategyE
I0910 21:24:37.097301 16458 global.h:32] NewGlobal N7oneflow7OneflowE
I0910 21:24:37.098923 16458 job_desc.cpp:79] Set piece_num_of_experiment_phase 19
I0910 21:24:37.099524 16458 job_desc.cpp:79] Set piece_num_of_experiment_phase 19
I0910 21:24:37.100001 16458 job_desc.cpp:79] Set piece_num_of_experiment_phase 19
I0910 21:24:37.100235 16458 job_desc.cpp:79] Set piece_num_of_experiment_phase 19
I0910 21:24:37.100283 16458 job_desc.cpp:79] Set piece_num_of_experiment_phase 19
I0910 21:24:37.102928 16458 job_desc.cpp:79] Set piece_num_of_experiment_phase 19
I0910 21:24:37.103020 16458 job_desc.cpp:79] Set piece_num_of_experiment_phase 19
I0910 21:24:37.103781 16458 global.h:32] NewGlobal N7oneflow7JobDescE
I0910 21:24:37.103830 16458 job_desc.cpp:79] Set piece_num_of_experiment_phase 19
I0910 21:24:37.483449 16458 global.h:32] NewGlobal N7oneflow7OpGraphE
I0910 21:24:37.578996 16458 global.h:37] DeleteGlobal N7oneflow7OpGraphE
I0910 21:24:37.583650 16458 oneflow.cpp:294] compile time: 4.79435e+08
I0910 21:24:37.619889 16458 oneflow.cpp:301] push_pull_plan:5.15873e+08
I0910 21:24:37.626353 16458 oneflow.cpp:326] compile and improve time: 5.22453e+08
I0910 21:24:37.629882 16458 global.h:37] DeleteGlobal N7oneflow7JobDescE
I0910 21:24:37.629921 16458 global.h:32] NewGlobal N7oneflow7JobDescE
I0910 21:24:37.629952 16458 job_desc.cpp:79] Set piece_num_of_experiment_phase 19
I0910 21:24:37.776912 16458 global.h:32] NewGlobal N7oneflow7OpGraphE
I0910 21:24:37.818270 16458 global.h:37] DeleteGlobal N7oneflow7OpGraphE
I0910 21:24:37.820786 16458 oneflow.cpp:294] compile time: 1.90609e+08
I0910 21:24:37.842569 16458 oneflow.cpp:301] push_pull_plan:2.12515e+08
I0910 21:24:37.846534 16458 oneflow.cpp:326] compile and improve time: 2.16548e+08
I0910 21:24:37.847997 16458 global.h:37] DeleteGlobal N7oneflow7JobDescE
I0910 21:24:37.848054 16458 global.h:32] NewGlobal N7oneflow7JobDescE
I0910 21:24:37.848098 16458 job_desc.cpp:79] Set piece_num_of_experiment_phase 19
I0910 21:24:37.994926 16458 global.h:32] NewGlobal N7oneflow7OpGraphE
I0910 21:24:38.037442 16458 global.h:37] DeleteGlobal N7oneflow7OpGraphE
I0910 21:24:38.040066 16458 oneflow.cpp:294] compile time: 1.91725e+08
I0910 21:24:38.062564 16458 oneflow.cpp:301] push_pull_plan:2.14341e+08
I0910 21:24:38.066433 16458 oneflow.cpp:326] compile and improve time: 2.18291e+08
I0910 21:24:38.068037 16458 global.h:37] DeleteGlobal N7oneflow7JobDescE
I0910 21:24:38.068092 16458 global.h:32] NewGlobal N7oneflow7JobDescE
I0910 21:24:38.068137 16458 job_desc.cpp:79] Set piece_num_of_experiment_phase 19
I0910 21:24:38.214673 16458 global.h:32] NewGlobal N7oneflow7OpGraphE
I0910 21:24:38.261873 16458 global.h:37] DeleteGlobal N7oneflow7OpGraphE
I0910 21:24:38.264632 16458 oneflow.cpp:294] compile time: 1.96229e+08
I0910 21:24:38.288431 16458 oneflow.cpp:301] push_pull_plan:2.20175e+08
I0910 21:24:38.293171 16458 oneflow.cpp:326] compile and improve time: 2.24987e+08
I0910 21:24:38.294984 16458 global.h:37] DeleteGlobal N7oneflow7JobDescE
I0910 21:24:38.295053 16458 global.h:32] NewGlobal N7oneflow7JobDescE
I0910 21:24:38.295099 16458 job_desc.cpp:79] Set piece_num_of_experiment_phase 19
I0910 21:24:38.350929 16458 global.h:32] NewGlobal N7oneflow7OpGraphE
I0910 21:24:38.375172 16458 global.h:37] DeleteGlobal N7oneflow7OpGraphE
I0910 21:24:38.376797 16458 oneflow.cpp:294] compile time: 8.15268e+07
I0910 21:24:38.387337 16458 oneflow.cpp:301] push_pull_plan:9.21533e+07
I0910 21:24:38.389647 16458 oneflow.cpp:326] compile and improve time: 9.4516e+07
I0910 21:24:38.390561 16458 global.h:37] DeleteGlobal N7oneflow7JobDescE
I0910 21:24:38.418774 16458 global.h:32] NewGlobal N7oneflow7JobDescE
I0910 21:24:38.418977 16458 job_desc.cpp:79] Set piece_num_of_experiment_phase 19
I0910 21:24:38.419031 16458 global.h:32] NewGlobal N7oneflow7OpGraphE
I0910 21:24:38.484081 16458 global.h:37] DeleteGlobal N7oneflow7OpGraphE
I0910 21:24:38.487025 16458 oneflow.cpp:294] compile time: 6.77832e+07
I0910 21:24:38.505867 16458 oneflow.cpp:301] push_pull_plan:8.67674e+07
I0910 21:24:38.509621 16458 oneflow.cpp:326] compile and improve time: 9.05851e+07
I0910 21:24:38.511137 16458 global.h:37] DeleteGlobal N7oneflow7JobDescE
I0910 21:24:38.709923 16458 global.h:32] NewGlobal N7oneflow10RuntimeCtxE
I0910 21:24:38.710502 16458 global.h:32] NewGlobal N7oneflow6boxing10collective24CollectiveBoxingExecutorE
I0910 21:24:39.776731 16458 global.h:32] NewGlobal N7oneflow15MemoryAllocatorE
I0910 21:24:39.776922 16458 global.h:32] NewGlobal N7oneflow8RegstMgrE
I0910 21:24:39.802338 16458 global.h:32] NewGlobal N7oneflow11ActorMsgBusE
I0910 21:24:39.802528 16458 global.h:32] NewGlobal N7oneflow9ThreadMgrE
I0910 21:24:39.804682 16458 global.h:32] NewGlobal N7oneflow6boxing10collective31CollectiveBoxingDeviceCtxPollerE
I0910 21:24:39.804929 16458 global.h:32] NewGlobal N7oneflow15RuntimeJobDescsE
I0910 21:24:39.805017 16458 job_desc.cpp:79] Set piece_num_of_experiment_phase 19
I0910 21:24:39.805114 16458 job_desc.cpp:79] Set piece_num_of_experiment_phase 19
I0910 21:24:39.805210 16458 job_desc.cpp:79] Set piece_num_of_experiment_phase 19
I0910 21:24:39.805274 16458 job_desc.cpp:79] Set piece_num_of_experiment_phase 19
I0910 21:24:39.805307 16458 job_desc.cpp:79] Set piece_num_of_experiment_phase 19
I0910 21:24:39.805337 16458 job_desc.cpp:79] Set piece_num_of_experiment_phase 19
I0910 21:24:39.805361 16458 global.h:32] NewGlobal N7oneflow7summary12EventsWriterE
I0910 21:24:39.805554 16458 runtime_context.cpp:21] NewCounter constructing_actor_cnt 132
I0910 21:24:39.807724 16896 thread.cpp:77] thread 0 construct actor 20
I0910 21:24:39.807742 16958 thread.cpp:77] thread 55 construct actor 241892558110721
I0910 21:24:39.807744 16964 thread.cpp:77] thread 61 construct actor 268280837177344
I0910 21:24:39.810483 16958 tick_compute_actor.cpp:22] actor 241892558110721 switch to &TickComputeActor::HandlerNormal
I0910 21:24:39.810775 16958 runtime_context.cpp:27] DecreaseCounter constructing_actor_cnt, current val is 131
I0910 21:24:39.810818 16958 thread.cpp:77] thread 55 construct actor 241892558110731
I0910 21:24:39.812480 16958 tick_compute_actor.cpp:22] actor 241892558110731 switch to &TickComputeActor::HandlerNormal
I0910 21:24:39.812649 16958 runtime_context.cpp:27] DecreaseCounter constructing_actor_cnt, current val is 130
I0910 21:24:39.812707 16958 thread.cpp:77] thread 55 construct actor 241892558110742
I0910 21:24:39.814291 16958 tick_compute_actor.cpp:22] actor 241892558110742 switch to &TickComputeActor::HandlerNormal
I0910 21:24:39.814474 16958 runtime_context.cpp:27] DecreaseCounter constructing_actor_cnt, current val is 129
I0910 21:24:39.814527 16958 thread.cpp:77] thread 55 construct actor 241892558110753
I0910 21:24:39.814532 16896 tick_compute_actor.cpp:22] actor 20 switch to &TickComputeActor::HandlerNormal
I0910 21:24:39.814746 16896 runtime_context.cpp:27] DecreaseCounter constructing_actor_cnt, current val is 128
I0910 21:24:39.814824 16896 thread.cpp:77] thread 0 construct actor 27
I0910 21:24:39.816074 16958 tick_compute_actor.cpp:22] actor 241892558110753 switch to &TickComputeActor::HandlerNormal
I0910 21:24:39.816262 16958 runtime_context.cpp:27] DecreaseCounter constructing_actor_cnt, current val is 127
I0910 21:24:39.816324 16958 thread.cpp:77] thread 55 construct actor 241892558110758
I0910 21:24:39.816779 16896 tick_compute_actor.cpp:22] actor 27 switch to &TickComputeActor::HandlerNormal
I0910 21:24:39.816982 16896 runtime_context.cpp:27] DecreaseCounter constructing_actor_cnt, current val is 126
I0910 21:24:39.817028 16896 thread.cpp:77] thread 0 construct actor 28
I0910 21:24:39.817857 16958 tick_compute_actor.cpp:22] actor 241892558110758 switch to &TickComputeActor::HandlerNormal
I0910 21:24:39.818032 16958 runtime_context.cpp:27] DecreaseCounter constructing_actor_cnt, current val is 125
I0910 21:24:39.818853 16896 tick_compute_actor.cpp:22] actor 28 switch to &TickComputeActor::HandlerNormal
I0910 21:24:39.819051 16896 runtime_context.cpp:27] DecreaseCounter constructing_actor_cnt, current val is 124
I0910 21:24:39.819094 16896 thread.cpp:77] thread 0 construct actor 35
I0910 21:24:39.820900 16896 tick_compute_actor.cpp:22] actor 35 switch to &TickComputeActor::HandlerNormal
I0910 21:24:39.821126 16896 runtime_context.cpp:27] DecreaseCounter constructing_actor_cnt, current val is 123
I0910 21:24:39.821174 16896 thread.cpp:77] thread 0 construct actor 36
I0910 21:24:39.824162 16896 tick_compute_actor.cpp:22] actor 36 switch to &TickComputeActor::HandlerNormal
I0910 21:24:39.824363 16896 runtime_context.cpp:27] DecreaseCounter constructing_actor_cnt, current val is 122
I0910 21:24:39.824561 16896 thread.cpp:77] thread 0 construct actor 44
I0910 21:24:39.826221 16896 tick_compute_actor.cpp:22] actor 44 switch to &TickComputeActor::HandlerNormal
I0910 21:24:39.826403 16896 runtime_context.cpp:27] DecreaseCounter constructing_actor_cnt, current val is 121
I0910 21:24:39.826467 16896 thread.cpp:77] thread 0 construct actor 46
I0910 21:24:39.829380 16896 tick_compute_actor.cpp:22] actor 46 switch to &TickComputeActor::HandlerNormal
I0910 21:24:39.830516 16896 runtime_context.cpp:27] DecreaseCounter constructing_actor_cnt, current val is 120
I0910 21:24:39.830670 16896 thread.cpp:77] thread 0 construct actor 47
I0910 21:24:39.833153 16896 tick_compute_actor.cpp:22] actor 47 switch to &TickComputeActor::HandlerNormal
I0910 21:24:39.833359 16896 runtime_context.cpp:27] DecreaseCounter constructing_actor_cnt, current val is 119
I0910 21:24:39.838991 16896 thread.cpp:77] thread 0 construct actor 0
I0910 21:24:39.839030 16958 thread.cpp:77] thread 55 construct actor 241892558110722
I0910 21:24:39.839152 16900 thread.cpp:77] thread 2 construct actor 8796093022208
I0910 21:24:39.839171 16910 thread.cpp:77] thread 8 construct actor 35184372088832
I0910 21:24:39.839191 16908 thread.cpp:77] thread 6 construct actor 26388279066624
I0910 21:24:39.839397 16963 thread.cpp:77] thread 60 construct actor 263882790666240
I0910 21:24:39.839385 16959 thread.cpp:77] thread 56 construct actor 246290604621824
I0910 21:24:39.839401 16962 thread.cpp:77] thread 59 construct actor 259484744155136
I0910 21:24:39.839378 16909 thread.cpp:77] thread 7 construct actor 30786325577728
I0910 21:24:39.839387 16960 thread.cpp:77] thread 57 construct actor 250688651132928
I0910 21:24:39.839499 16961 thread.cpp:77] thread 58 construct actor 255086697644032
I0910 21:24:39.839509 16965 thread.cpp:77] thread 62 construct actor 272678883688448
I0910 21:24:39.840643 16910 normal_forward_compute_actor.cpp:28] actor 35184372088832 switch to &NormalForwardCompActor::HandlerNormal
I0910 21:24:39.840667 16908 normal_forward_compute_actor.cpp:28] actor 26388279066624 switch to &NormalForwardCompActor::HandlerNormal
I0910 21:24:39.840685 16896 normal_forward_compute_actor.cpp:28] actor 0 switch to &NormalForwardCompActor::HandlerNormal
I0910 21:24:39.840864 16910 runtime_context.cpp:27] DecreaseCounter constructing_actor_cnt, current val is 118
I0910 21:24:39.840904 16908 runtime_context.cpp:27] DecreaseCounter constructing_actor_cnt, current val is 117
I0910 21:24:39.840919 16909 normal_forward_compute_actor.cpp:28] actor 30786325577728 switch to &NormalForwardCompActor::HandlerNormal
I0910 21:24:39.840957 16958 tick_compute_actor.cpp:22] actor 241892558110722 switch to &TickComputeActor::HandlerNormal
I0910 21:24:39.840970 16908 thread.cpp:77] thread 6 construct actor 26388279066625
I0910 21:24:39.840986 16896 runtime_context.cpp:27] DecreaseCounter constructing_actor_cnt, current val is 116
I0910 21:24:39.841130 16896 thread.cpp:77] thread 0 construct actor 1
I0910 21:24:39.841156 16909 runtime_context.cpp:27] DecreaseCounter constructing_actor_cnt, current val is 115
I0910 21:24:39.841213 16958 runtime_context.cpp:27] DecreaseCounter constructing_actor_cnt, current val is 114
I0910 21:24:39.841171 16965 sink_compute_actor.cpp:21] actor 272678883688448 switch to &SinkCompActor::HandlerNormal
I0910 21:24:39.841323 16958 thread.cpp:77] thread 55 construct actor 241892558110723
I0910 21:24:39.841428 16961 normal_forward_compute_actor.cpp:28] actor 255086697644032 switch to &NormalForwardCompActor::HandlerNormal
I0910 21:24:39.841485 16965 runtime_context.cpp:27] DecreaseCounter constructing_actor_cnt, current val is 113
I0910 21:24:39.841490 16960 normal_forward_compute_actor.cpp:28] actor 250688651132928 switch to &NormalForwardCompActor::HandlerNormal
I0910 21:24:39.841737 16961 runtime_context.cpp:27] DecreaseCounter constructing_actor_cnt, current val is 112
I0910 21:24:39.841775 16960 runtime_context.cpp:27] DecreaseCounter constructing_actor_cnt, current val is 111
I0910 21:24:39.841810 16900 copy_hd_actor.cpp:23] actor 8796093022208 switch to &CopyHdActor::HandlerNormal
I0910 21:24:39.841858 16963 normal_forward_compute_actor.cpp:28] actor 263882790666240 switch to &NormalForwardCompActor::HandlerNormal
I0910 21:24:39.842109 16900 runtime_context.cpp:27] DecreaseCounter constructing_actor_cnt, current val is 110
I0910 21:24:39.842161 16963 runtime_context.cpp:27] DecreaseCounter constructing_actor_cnt, current val is 109
I0910 21:24:39.842204 16900 thread.cpp:77] thread 2 construct actor 8796093022209
I0910 21:24:39.842247 16959 normal_forward_compute_actor.cpp:28] actor 246290604621824 switch to &NormalForwardCompActor::HandlerNormal
I0910 21:24:39.842372 16962 normal_forward_compute_actor.cpp:28] actor 259484744155136 switch to &NormalForwardCompActor::HandlerNormal
I0910 21:24:39.842487 16959 runtime_context.cpp:27] DecreaseCounter constructing_actor_cnt, current val is 108
I0910 21:24:39.842589 16962 runtime_context.cpp:27] DecreaseCounter constructing_actor_cnt, current val is 107
I0910 21:24:39.843113 16958 tick_compute_actor.cpp:22] actor 241892558110723 switch to &TickComputeActor::HandlerNormal
I0910 21:24:39.843315 16958 runtime_context.cpp:27] DecreaseCounter constructing_actor_cnt, current val is 106
I0910 21:24:39.843370 16958 thread.cpp:77] thread 55 construct actor 241892558110724
I0910 21:24:39.844590 16900 copy_hd_actor.cpp:23] actor 8796093022209 switch to &CopyHdActor::HandlerNormal
I0910 21:24:39.844765 16900 runtime_context.cpp:27] DecreaseCounter constructing_actor_cnt, current val is 105
I0910 21:24:39.844813 16900 thread.cpp:77] thread 2 construct actor 8796093022210
I0910 21:24:39.844980 16896 normal_forward_compute_actor.cpp:28] actor 1 switch to &NormalForwardCompActor::HandlerNormal
I0910 21:24:39.845230 16896 runtime_context.cpp:27] DecreaseCounter constructing_actor_cnt, current val is 104
I0910 21:24:39.845235 16958 tick_compute_actor.cpp:22] actor 241892558110724 switch to &TickComputeActor::HandlerNormal
I0910 21:24:39.845283 16896 thread.cpp:77] thread 0 construct actor 2
I0910 21:24:39.845458 16958 runtime_context.cpp:27] DecreaseCounter constructing_actor_cnt, current val is 103
I0910 21:24:39.845510 16958 thread.cpp:77] thread 55 construct actor 241892558110784
I0910 21:24:39.846827 16896 normal_forward_compute_actor.cpp:28] actor 2 switch to &NormalForwardCompActor::HandlerNormal
I0910 21:24:39.846993 16896 runtime_context.cpp:27] DecreaseCounter constructing_actor_cnt, current val is 102
I0910 21:24:39.847016 16900 copy_hd_actor.cpp:23] actor 8796093022210 switch to &CopyHdActor::HandlerNormal
I0910 21:24:39.847041 16896 thread.cpp:77] thread 0 construct actor 3
I0910 21:24:39.847189 16900 runtime_context.cpp:27] DecreaseCounter constructing_actor_cnt, current val is 101
I0910 21:24:39.847242 16900 thread.cpp:77] thread 2 construct actor 8796093022211
I0910 21:24:39.847434 16958 esac_compute_actor.cpp:36] actor 241892558110784 switch to &EsacCompActor::HandlerNormal
I0910 21:24:39.847635 16958 runtime_context.cpp:27] DecreaseCounter constructing_actor_cnt, current val is 100
I0910 21:24:39.847689 16958 thread.cpp:77] thread 55 construct actor 241892558110726
I0910 21:24:39.848729 16908 normal_forward_compute_actor.cpp:28] actor 26388279066625 switch to &NormalForwardCompActor::HandlerNormal
I0910 21:24:39.849064 16908 runtime_context.cpp:27] DecreaseCounter constructing_actor_cnt, current val is 99
I0910 21:24:39.849123 16908 thread.cpp:77] thread 6 construct actor 26388279066626
I0910 21:24:39.849411 16900 copy_hd_actor.cpp:23] actor 8796093022211 switch to &CopyHdActor::HandlerNormal
I0910 21:24:39.849431 16958 tick_compute_actor.cpp:22] actor 241892558110726 switch to &TickComputeActor::HandlerNormal
I0910 21:24:39.849591 16900 runtime_context.cpp:27] DecreaseCounter constructing_actor_cnt, current val is 98
I0910 21:24:39.849651 16900 thread.cpp:77] thread 2 construct actor 8796093022212
I0910 21:24:39.849658 16958 runtime_context.cpp:27] DecreaseCounter constructing_actor_cnt, current val is 97
I0910 21:24:39.849695 16958 thread.cpp:77] thread 55 construct actor 241892558110727
I0910 21:24:39.850765 16896 normal_forward_compute_actor.cpp:28] actor 3 switch to &NormalForwardCompActor::HandlerNormal
I0910 21:24:39.851090 16896 runtime_context.cpp:27] DecreaseCounter constructing_actor_cnt, current val is 96
I0910 21:24:39.851130 16896 thread.cpp:77] thread 0 construct actor 4
I0910 21:24:39.851284 16958 tick_compute_actor.cpp:22] actor 241892558110727 switch to &TickComputeActor::HandlerNormal
I0910 21:24:39.851449 16958 runtime_context.cpp:27] DecreaseCounter constructing_actor_cnt, current val is 95
I0910 21:24:39.851502 16958 thread.cpp:77] thread 55 construct actor 241892558110728
I0910 21:24:39.851796 16900 copy_hd_actor.cpp:23] actor 8796093022212 switch to &CopyHdActor::HandlerNormal
I0910 21:24:39.851961 16900 runtime_context.cpp:27] DecreaseCounter constructing_actor_cnt, current val is 94
I0910 21:24:39.852010 16900 thread.cpp:77] thread 2 construct actor 8796093022213
I0910 21:24:39.852506 16896 normal_forward_compute_actor.cpp:28] actor 4 switch to &NormalForwardCompActor::HandlerNormal
I0910 21:24:39.852671 16896 runtime_context.cpp:27] DecreaseCounter constructing_actor_cnt, current val is 93
I0910 21:24:39.852726 16896 thread.cpp:77] thread 0 construct actor 5
I0910 21:24:39.853188 16958 tick_compute_actor.cpp:22] actor 241892558110728 switch to &TickComputeActor::HandlerNormal
I0910 21:24:39.853363 16958 runtime_context.cpp:27] DecreaseCounter constructing_actor_cnt, current val is 92
I0910 21:24:39.853415 16958 thread.cpp:77] thread 55 construct actor 241892558110729
I0910 21:24:39.854204 16900 copy_hd_actor.cpp:23] actor 8796093022213 switch to &CopyHdActor::HandlerNormal
I0910 21:24:39.854378 16900 runtime_context.cpp:27] DecreaseCounter constructing_actor_cnt, current val is 91
I0910 21:24:39.854432 16900 thread.cpp:77] thread 2 construct actor 8796093022214
I0910 21:24:39.854992 16958 tick_compute_actor.cpp:22] actor 241892558110729 switch to &TickComputeActor::HandlerNormal
I0910 21:24:39.855170 16958 runtime_context.cpp:27] DecreaseCounter constructing_actor_cnt, current val is 90
I0910 21:24:39.855233 16958 thread.cpp:77] thread 55 construct actor 241892558110783
I0910 21:24:39.856091 16908 normal_forward_compute_actor.cpp:28] actor 26388279066626 switch to &NormalForwardCompActor::HandlerNormal
I0910 21:24:39.856247 16896 normal_forward_compute_actor.cpp:28] actor 5 switch to &NormalForwardCompActor::HandlerNormal
I0910 21:24:39.856395 16908 runtime_context.cpp:27] DecreaseCounter constructing_actor_cnt, current val is 89
I0910 21:24:39.856503 16896 runtime_context.cpp:27] DecreaseCounter constructing_actor_cnt, current val is 88
I0910 21:24:39.856519 16900 copy_hd_actor.cpp:23] actor 8796093022214 switch to &CopyHdActor::HandlerNormal
I0910 21:24:39.856554 16896 thread.cpp:77] thread 0 construct actor 6
I0910 21:24:39.856686 16900 runtime_context.cpp:27] DecreaseCounter constructing_actor_cnt, current val is 87
I0910 21:24:39.856730 16900 thread.cpp:77] thread 2 construct actor 8796093022215
I0910 21:24:39.857218 16958 esac_compute_actor.cpp:36] actor 241892558110783 switch to &EsacCompActor::HandlerNormal
I0910 21:24:39.857426 16958 runtime_context.cpp:27] DecreaseCounter constructing_actor_cnt, current val is 86
I0910 21:24:39.857483 16958 thread.cpp:77] thread 55 construct actor 241892558110732
I0910 21:24:39.858780 16900 copy_hd_actor.cpp:23] actor 8796093022215 switch to &CopyHdActor::HandlerNormal
I0910 21:24:39.858938 16900 runtime_context.cpp:27] DecreaseCounter constructing_actor_cnt, current val is 85
I0910 21:24:39.858971 16900 thread.cpp:77] thread 2 construct actor 8796093022216
I0910 21:24:39.859076 16958 tick_compute_actor.cpp:22] actor 241892558110732 switch to &TickComputeActor::HandlerNormal
I0910 21:24:39.859264 16958 runtime_context.cpp:27] DecreaseCounter constructing_actor_cnt, current val is 84
I0910 21:24:39.859313 16958 thread.cpp:77] thread 55 construct actor 241892558110733
I0910 21:24:39.859979 16896 normal_forward_compute_actor.cpp:28] actor 6 switch to &NormalForwardCompActor::HandlerNormal
I0910 21:24:39.860198 16896 runtime_context.cpp:27] DecreaseCounter constructing_actor_cnt, current val is 83
I0910 21:24:39.860260 16896 thread.cpp:77] thread 0 construct actor 7
I0910 21:24:39.860846 16958 tick_compute_actor.cpp:22] actor 241892558110733 switch to &TickComputeActor::HandlerNormal
I0910 21:24:39.861016 16958 runtime_context.cpp:27] DecreaseCounter constructing_actor_cnt, current val is 82
I0910 21:24:39.861030 16900 copy_hd_actor.cpp:23] actor 8796093022216 switch to &CopyHdActor::HandlerNormal
I0910 21:24:39.861069 16958 thread.cpp:77] thread 55 construct actor 241892558110734
I0910 21:24:39.861209 16900 runtime_context.cpp:27] DecreaseCounter constructing_actor_cnt, current val is 81
I0910 21:24:39.861258 16900 thread.cpp:77] thread 2 construct actor 8796093022217
I0910 21:24:39.862593 16958 tick_compute_actor.cpp:22] actor 241892558110734 switch to &TickComputeActor::HandlerNormal
I0910 21:24:39.862759 16958 runtime_context.cpp:27] DecreaseCounter constructing_actor_cnt, current val is 80
I0910 21:24:39.862797 16958 thread.cpp:77] thread 55 construct actor 241892558110735
I0910 21:24:39.863303 16900 copy_hd_actor.cpp:23] actor 8796093022217 switch to &CopyHdActor::HandlerNormal
I0910 21:24:39.863461 16900 runtime_context.cpp:27] DecreaseCounter constructing_actor_cnt, current val is 79
I0910 21:24:39.863494 16900 thread.cpp:77] thread 2 construct actor 8796093022218
I0910 21:24:39.863723 16896 normal_forward_compute_actor.cpp:28] actor 7 switch to &NormalForwardCompActor::HandlerNormal
I0910 21:24:39.863927 16896 runtime_context.cpp:27] DecreaseCounter constructing_actor_cnt, current val is 78
I0910 21:24:39.863960 16896 thread.cpp:77] thread 0 construct actor 8
I0910 21:24:39.864475 16958 tick_compute_actor.cpp:22] actor 241892558110735 switch to &TickComputeActor::HandlerNormal
I0910 21:24:39.864650 16958 runtime_context.cpp:27] DecreaseCounter constructing_actor_cnt, current val is 77
I0910 21:24:39.864696 16958 thread.cpp:77] thread 55 construct actor 241892558110782
I0910 21:24:39.865348 16896 normal_forward_compute_actor.cpp:28] actor 8 switch to &NormalForwardCompActor::HandlerNormal
I0910 21:24:39.865481 16900 copy_hd_actor.cpp:23] actor 8796093022218 switch to &CopyHdActor::HandlerNormal
I0910 21:24:39.865500 16896 runtime_context.cpp:27] DecreaseCounter constructing_actor_cnt, current val is 76
I0910 21:24:39.865536 16896 thread.cpp:77] thread 0 construct actor 9
I0910 21:24:39.865623 16900 runtime_context.cpp:27] DecreaseCounter constructing_actor_cnt, current val is 75
I0910 21:24:39.865656 16900 thread.cpp:77] thread 2 construct actor 8796093022219
I0910 21:24:39.866221 16958 tick_compute_actor.cpp:22] actor 241892558110782 switch to &TickComputeActor::HandlerNormal
I0910 21:24:39.866385 16958 runtime_context.cpp:27] DecreaseCounter constructing_actor_cnt, current val is 74
I0910 21:24:39.866420 16958 thread.cpp:77] thread 55 construct actor 241892558110737
I0910 21:24:39.867605 16900 copy_hd_actor.cpp:23] actor 8796093022219 switch to &CopyHdActor::HandlerNormal
I0910 21:24:39.867756 16900 runtime_context.cpp:27] DecreaseCounter constructing_actor_cnt, current val is 73
I0910 21:24:39.867789 16900 thread.cpp:77] thread 2 construct actor 8796093022220
I0910 21:24:39.867942 16958 tick_compute_actor.cpp:22] actor 241892558110737 switch to &TickComputeActor::HandlerNormal
I0910 21:24:39.868109 16958 runtime_context.cpp:27] DecreaseCounter constructing_actor_cnt, current val is 72
I0910 21:24:39.868144 16958 thread.cpp:77] thread 55 construct actor 241892558110738
I0910 21:24:39.869084 16896 normal_forward_compute_actor.cpp:28] actor 9 switch to &NormalForwardCompActor::HandlerNormal
I0910 21:24:39.869311 16896 runtime_context.cpp:27] DecreaseCounter constructing_actor_cnt, current val is 71
I0910 21:24:39.869344 16896 thread.cpp:77] thread 0 construct actor 10
I0910 21:24:39.869648 16958 tick_compute_actor.cpp:22] actor 241892558110738 switch to &TickComputeActor::HandlerNormal
I0910 21:24:39.869729 16900 copy_hd_actor.cpp:23] actor 8796093022220 switch to &CopyHdActor::HandlerNormal
I0910 21:24:39.869827 16958 runtime_context.cpp:27] DecreaseCounter constructing_actor_cnt, current val is 70
I0910 21:24:39.869869 16900 runtime_context.cpp:27] DecreaseCounter constructing_actor_cnt, current val is 69
I0910 21:24:39.869971 16900 thread.cpp:77] thread 2 construct actor 8796093022221
I0910 21:24:39.870002 16958 thread.cpp:77] thread 55 construct actor 241892558110739
I0910 21:24:39.870685 16896 normal_forward_compute_actor.cpp:28] actor 10 switch to &NormalForwardCompActor::HandlerNormal
I0910 21:24:39.870832 16896 runtime_context.cpp:27] DecreaseCounter constructing_actor_cnt, current val is 68
I0910 21:24:39.870874 16896 thread.cpp:77] thread 0 construct actor 11
I0910 21:24:39.871518 16958 tick_compute_actor.cpp:22] actor 241892558110739 switch to &TickComputeActor::HandlerNormal
I0910 21:24:39.871680 16958 runtime_context.cpp:27] DecreaseCounter constructing_actor_cnt, current val is 67
I0910 21:24:39.871714 16958 thread.cpp:77] thread 55 construct actor 241892558110740
I0910 21:24:39.871924 16900 copy_hd_actor.cpp:23] actor 8796093022221 switch to &CopyHdActor::HandlerNormal
I0910 21:24:39.872076 16900 runtime_context.cpp:27] DecreaseCounter constructing_actor_cnt, current val is 66
I0910 21:24:39.872119 16900 thread.cpp:77] thread 2 construct actor 8796093022222
I0910 21:24:39.873159 16958 tick_compute_actor.cpp:22] actor 241892558110740 switch to &TickComputeActor::HandlerNormal
I0910 21:24:39.873329 16958 runtime_context.cpp:27] DecreaseCounter constructing_actor_cnt, current val is 65
I0910 21:24:39.873363 16958 thread.cpp:77] thread 55 construct actor 241892558110781
I0910 21:24:39.874064 16900 copy_hd_actor.cpp:23] actor 8796093022222 switch to &CopyHdActor::HandlerNormal
I0910 21:24:39.874188 16896 normal_forward_compute_actor.cpp:28] actor 11 switch to &NormalForwardCompActor::HandlerNormal
I0910 21:24:39.874229 16900 runtime_context.cpp:27] DecreaseCounter constructing_actor_cnt, current val is 64
I0910 21:24:39.874261 16900 thread.cpp:77] thread 2 construct actor 8796093022223
I0910 21:24:39.874380 16896 runtime_context.cpp:27] DecreaseCounter constructing_actor_cnt, current val is 63
I0910 21:24:39.874425 16896 thread.cpp:77] thread 0 construct actor 12
I0910 21:24:39.874814 16958 tick_compute_actor.cpp:22] actor 241892558110781 switch to &TickComputeActor::HandlerNormal
I0910 21:24:39.874974 16958 runtime_context.cpp:27] DecreaseCounter constructing_actor_cnt, current val is 62
I0910 21:24:39.875020 16958 thread.cpp:77] thread 55 construct actor 241892558110743
I0910 21:24:39.876214 16900 copy_hd_actor.cpp:23] actor 8796093022223 switch to &CopyHdActor::HandlerNormal
I0910 21:24:39.876365 16900 runtime_context.cpp:27] DecreaseCounter constructing_actor_cnt, current val is 61
I0910 21:24:39.876397 16900 thread.cpp:77] thread 2 construct actor 8796093022224
I0910 21:24:39.876551 16958 tick_compute_actor.cpp:22] actor 241892558110743 switch to &TickComputeActor::HandlerNormal
I0910 21:24:39.876710 16958 runtime_context.cpp:27] DecreaseCounter constructing_actor_cnt, current val is 60
I0910 21:24:39.876772 16958 thread.cpp:77] thread 55 construct actor 241892558110744
I0910 21:24:39.877707 16896 normal_forward_compute_actor.cpp:28] actor 12 switch to &NormalForwardCompActor::HandlerNormal
I0910 21:24:39.877907 16896 runtime_context.cpp:27] DecreaseCounter constructing_actor_cnt, current val is 59
I0910 21:24:39.877939 16896 thread.cpp:77] thread 0 construct actor 13
I0910 21:24:39.878226 16958 tick_compute_actor.cpp:22] actor 241892558110744 switch to &TickComputeActor::HandlerNormal
I0910 21:24:39.878381 16900 copy_hd_actor.cpp:23] actor 8796093022224 switch to &CopyHdActor::HandlerNormal
I0910 21:24:39.878386 16958 runtime_context.cpp:27] DecreaseCounter constructing_actor_cnt, current val is 58
I0910 21:24:39.878455 16958 thread.cpp:77] thread 55 construct actor 241892558110745
I0910 21:24:39.878536 16900 runtime_context.cpp:27] DecreaseCounter constructing_actor_cnt, current val is 57
I0910 21:24:39.879858 16958 tick_compute_actor.cpp:22] actor 241892558110745 switch to &TickComputeActor::HandlerNormal
I0910 21:24:39.880010 16958 runtime_context.cpp:27] DecreaseCounter constructing_actor_cnt, current val is 56
I0910 21:24:39.880076 16958 thread.cpp:77] thread 55 construct actor 241892558110746
I0910 21:24:39.881189 16896 normal_forward_compute_actor.cpp:28] actor 13 switch to &NormalForwardCompActor::HandlerNormal
I0910 21:24:39.881386 16896 runtime_context.cpp:27] DecreaseCounter constructing_actor_cnt, current val is 55
I0910 21:24:39.881417 16896 thread.cpp:77] thread 0 construct actor 14
I0910 21:24:39.881640 16958 tick_compute_actor.cpp:22] actor 241892558110746 switch to &TickComputeActor::HandlerNormal
I0910 21:24:39.881801 16958 runtime_context.cpp:27] DecreaseCounter constructing_actor_cnt, current val is 54
I0910 21:24:39.881834 16958 thread.cpp:77] thread 55 construct actor 241892558110780
I0910 21:24:39.882671 16896 normal_forward_compute_actor.cpp:28] actor 14 switch to &NormalForwardCompActor::HandlerNormal
I0910 21:24:39.882817 16896 runtime_context.cpp:27] DecreaseCounter constructing_actor_cnt, current val is 53
I0910 21:24:39.882846 16896 thread.cpp:77] thread 0 construct actor 15
I0910 21:24:39.883149 16964 wait_and_send_ids_compute_actor.cpp:27] actor 268280837177344 switch to &WaitAndSendIdsCompActor::HandlerWaitToStart
I0910 21:24:39.883221 16958 tick_compute_actor.cpp:22] actor 241892558110780 switch to &TickComputeActor::HandlerNormal
I0910 21:24:39.883307 16964 runtime_context.cpp:27] DecreaseCounter constructing_actor_cnt, current val is 52
I0910 21:24:39.883373 16958 runtime_context.cpp:27] DecreaseCounter constructing_actor_cnt, current val is 51
I0910 21:24:39.883419 16958 thread.cpp:77] thread 55 construct actor 241892558110748
I0910 21:24:39.884791 16958 tick_compute_actor.cpp:22] actor 241892558110748 switch to &TickComputeActor::HandlerNormal
I0910 21:24:39.884944 16958 runtime_context.cpp:27] DecreaseCounter constructing_actor_cnt, current val is 50
I0910 21:24:39.884977 16958 thread.cpp:77] thread 55 construct actor 241892558110749
I0910 21:24:39.886129 16896 normal_forward_compute_actor.cpp:28] actor 15 switch to &NormalForwardCompActor::HandlerNormal
I0910 21:24:39.886334 16958 tick_compute_actor.cpp:22] actor 241892558110749 switch to &TickComputeActor::HandlerNormal
I0910 21:24:39.886337 16896 runtime_context.cpp:27] DecreaseCounter constructing_actor_cnt, current val is 49
I0910 21:24:39.886396 16896 thread.cpp:77] thread 0 construct actor 16
I0910 21:24:39.886482 16958 runtime_context.cpp:27] DecreaseCounter constructing_actor_cnt, current val is 48
I0910 21:24:39.886512 16958 thread.cpp:77] thread 55 construct actor 241892558110750
I0910 21:24:39.887656 16896 normal_forward_compute_actor.cpp:28] actor 16 switch to &NormalForwardCompActor::HandlerNormal
I0910 21:24:39.887799 16896 runtime_context.cpp:27] DecreaseCounter constructing_actor_cnt, current val is 47
I0910 21:24:39.887840 16896 thread.cpp:77] thread 0 construct actor 17
I0910 21:24:39.887966 16958 tick_compute_actor.cpp:22] actor 241892558110750 switch to &TickComputeActor::HandlerNormal
I0910 21:24:39.888129 16958 runtime_context.cpp:27] DecreaseCounter constructing_actor_cnt, current val is 46
I0910 21:24:39.888175 16958 thread.cpp:77] thread 55 construct actor 241892558110751
I0910 21:24:39.889573 16958 tick_compute_actor.cpp:22] actor 241892558110751 switch to &TickComputeActor::HandlerNormal
I0910 21:24:39.889765 16958 runtime_context.cpp:27] DecreaseCounter constructing_actor_cnt, current val is 45
I0910 21:24:39.889796 16958 thread.cpp:77] thread 55 construct actor 241892558110779
I0910 21:24:39.890996 16896 normal_forward_compute_actor.cpp:28] actor 17 switch to &NormalForwardCompActor::HandlerNormal
I0910 21:24:39.891111 16958 tick_compute_actor.cpp:22] actor 241892558110779 switch to &TickComputeActor::HandlerNormal
I0910 21:24:39.891202 16896 runtime_context.cpp:27] DecreaseCounter constructing_actor_cnt, current val is 44
I0910 21:24:39.891232 16896 thread.cpp:77] thread 0 construct actor 18
I0910 21:24:39.891255 16958 runtime_context.cpp:27] DecreaseCounter constructing_actor_cnt, current val is 43
I0910 21:24:39.891288 16958 thread.cpp:77] thread 55 construct actor 241892558110754
I0910 21:24:39.892700 16958 tick_compute_actor.cpp:22] actor 241892558110754 switch to &TickComputeActor::HandlerNormal
I0910 21:24:39.892884 16958 runtime_context.cpp:27] DecreaseCounter constructing_actor_cnt, current val is 42
I0910 21:24:39.892927 16958 thread.cpp:77] thread 55 construct actor 241892558110755
I0910 21:24:39.894235 16958 tick_compute_actor.cpp:22] actor 241892558110755 switch to &TickComputeActor::HandlerNormal
I0910 21:24:39.894248 16896 normal_forward_compute_actor.cpp:28] actor 18 switch to &NormalForwardCompActor::HandlerNormal
I0910 21:24:39.894389 16958 runtime_context.cpp:27] DecreaseCounter constructing_actor_cnt, current val is 41
I0910 21:24:39.894421 16958 thread.cpp:77] thread 55 construct actor 241892558110756
I0910 21:24:39.894448 16896 runtime_context.cpp:27] DecreaseCounter constructing_actor_cnt, current val is 40
I0910 21:24:39.894477 16896 thread.cpp:77] thread 0 construct actor 19
I0910 21:24:39.895658 16896 tick_compute_actor.cpp:22] actor 19 switch to &TickComputeActor::HandlerNormal
I0910 21:24:39.895795 16896 runtime_context.cpp:27] DecreaseCounter constructing_actor_cnt, current val is 39
I0910 21:24:39.895843 16896 thread.cpp:77] thread 0 construct actor 21
I0910 21:24:39.895886 16958 tick_compute_actor.cpp:22] actor 241892558110756 switch to &TickComputeActor::HandlerNormal
I0910 21:24:39.896044 16958 runtime_context.cpp:27] DecreaseCounter constructing_actor_cnt, current val is 38
I0910 21:24:39.896086 16958 thread.cpp:77] thread 55 construct actor 241892558110757
I0910 21:24:39.897147 16896 normal_forward_compute_actor.cpp:28] actor 21 switch to &NormalForwardCompActor::HandlerNormal
I0910 21:24:39.897312 16896 runtime_context.cpp:27] DecreaseCounter constructing_actor_cnt, current val is 37
I0910 21:24:39.897341 16896 thread.cpp:77] thread 0 construct actor 22
I0910 21:24:39.897471 16958 tick_compute_actor.cpp:22] actor 241892558110757 switch to &TickComputeActor::HandlerNormal
I0910 21:24:39.897608 16958 runtime_context.cpp:27] DecreaseCounter constructing_actor_cnt, current val is 36
I0910 21:24:39.897651 16958 thread.cpp:77] thread 55 construct actor 241892558110778
I0910 21:24:39.898613 16896 normal_forward_compute_actor.cpp:28] actor 22 switch to &NormalForwardCompActor::HandlerNormal
I0910 21:24:39.898753 16896 runtime_context.cpp:27] DecreaseCounter constructing_actor_cnt, current val is 35
I0910 21:24:39.898782 16896 thread.cpp:77] thread 0 construct actor 23
I0910 21:24:39.898977 16958 tick_compute_actor.cpp:22] actor 241892558110778 switch to &TickComputeActor::HandlerNormal
I0910 21:24:39.899124 16958 runtime_context.cpp:27] DecreaseCounter constructing_actor_cnt, current val is 34
I0910 21:24:39.899156 16958 thread.cpp:77] thread 55 construct actor 241892558110760
I0910 21:24:39.900053 16896 normal_forward_compute_actor.cpp:28] actor 23 switch to &NormalForwardCompActor::HandlerNormal
I0910 21:24:39.900197 16896 runtime_context.cpp:27] DecreaseCounter constructing_actor_cnt, current val is 33
I0910 21:24:39.900224 16896 thread.cpp:77] thread 0 construct actor 24
I0910 21:24:39.900527 16958 tick_compute_actor.cpp:22] actor 241892558110760 switch to &TickComputeActor::HandlerNormal
I0910 21:24:39.900671 16958 runtime_context.cpp:27] DecreaseCounter constructing_actor_cnt, current val is 32
I0910 21:24:39.900701 16958 thread.cpp:77] thread 55 construct actor 241892558110761
I0910 21:24:39.901448 16896 normal_forward_compute_actor.cpp:28] actor 24 switch to &NormalForwardCompActor::HandlerNormal
I0910 21:24:39.901583 16896 runtime_context.cpp:27] DecreaseCounter constructing_actor_cnt, current val is 31
I0910 21:24:39.901610 16896 thread.cpp:77] thread 0 construct actor 25
I0910 21:24:39.901944 16958 tick_compute_actor.cpp:22] actor 241892558110761 switch to &TickComputeActor::HandlerNormal
I0910 21:24:39.902086 16958 runtime_context.cpp:27] DecreaseCounter constructing_actor_cnt, current val is 30
I0910 21:24:39.902117 16958 thread.cpp:77] thread 55 construct actor 241892558110762
I0910 21:24:39.902835 16896 normal_forward_compute_actor.cpp:28] actor 25 switch to &NormalForwardCompActor::HandlerNormal
I0910 21:24:39.903017 16896 runtime_context.cpp:27] DecreaseCounter constructing_actor_cnt, current val is 29
I0910 21:24:39.903048 16896 thread.cpp:77] thread 0 construct actor 26
I0910 21:24:39.903379 16958 tick_compute_actor.cpp:22] actor 241892558110762 switch to &TickComputeActor::HandlerNormal
I0910 21:24:39.903522 16958 runtime_context.cpp:27] DecreaseCounter constructing_actor_cnt, current val is 28
I0910 21:24:39.903553 16958 thread.cpp:77] thread 55 construct actor 241892558110763
I0910 21:24:39.904278 16896 normal_forward_compute_actor.cpp:28] actor 26 switch to &NormalForwardCompActor::HandlerNormal
I0910 21:24:39.904417 16896 runtime_context.cpp:27] DecreaseCounter constructing_actor_cnt, current val is 27
I0910 21:24:39.904455 16896 thread.cpp:77] thread 0 construct actor 29
I0910 21:24:39.904825 16958 tick_compute_actor.cpp:22] actor 241892558110763 switch to &TickComputeActor::HandlerNormal
I0910 21:24:39.904968 16958 runtime_context.cpp:27] DecreaseCounter constructing_actor_cnt, current val is 26
I0910 21:24:39.905009 16958 thread.cpp:77] thread 55 construct actor 241892558110777
I0910 21:24:39.905694 16896 normal_forward_compute_actor.cpp:28] actor 29 switch to &NormalForwardCompActor::HandlerNormal
I0910 21:24:39.905830 16896 runtime_context.cpp:27] DecreaseCounter constructing_actor_cnt, current val is 25
I0910 21:24:39.905859 16896 thread.cpp:77] thread 0 construct actor 30
I0910 21:24:39.906299 16958 tick_compute_actor.cpp:22] actor 241892558110777 switch to &TickComputeActor::HandlerNormal
I0910 21:24:39.906440 16958 runtime_context.cpp:27] DecreaseCounter constructing_actor_cnt, current val is 24
I0910 21:24:39.906483 16958 thread.cpp:77] thread 55 construct actor 241892558110765
I0910 21:24:39.907063 16896 normal_forward_compute_actor.cpp:28] actor 30 switch to &NormalForwardCompActor::HandlerNormal
I0910 21:24:39.907207 16896 runtime_context.cpp:27] DecreaseCounter constructing_actor_cnt, current val is 23
I0910 21:24:39.907235 16896 thread.cpp:77] thread 0 construct actor 31
I0910 21:24:39.907747 16958 tick_compute_actor.cpp:22] actor 241892558110765 switch to &TickComputeActor::HandlerNormal
I0910 21:24:39.907889 16958 runtime_context.cpp:27] DecreaseCounter constructing_actor_cnt, current val is 22
I0910 21:24:39.907919 16958 thread.cpp:77] thread 55 construct actor 241892558110766
I0910 21:24:39.908461 16896 normal_forward_compute_actor.cpp:28] actor 31 switch to &NormalForwardCompActor::HandlerNormal
I0910 21:24:39.908596 16896 runtime_context.cpp:27] DecreaseCounter constructing_actor_cnt, current val is 21
I0910 21:24:39.908623 16896 thread.cpp:77] thread 0 construct actor 32
I0910 21:24:39.909155 16958 tick_compute_actor.cpp:22] actor 241892558110766 switch to &TickComputeActor::HandlerNormal
I0910 21:24:39.909304 16958 runtime_context.cpp:27] DecreaseCounter constructing_actor_cnt, current val is 20
I0910 21:24:39.909334 16958 thread.cpp:77] thread 55 construct actor 241892558110767
I0910 21:24:39.909845 16896 normal_forward_compute_actor.cpp:28] actor 32 switch to &NormalForwardCompActor::HandlerNormal
I0910 21:24:39.909981 16896 runtime_context.cpp:27] DecreaseCounter constructing_actor_cnt, current val is 19
I0910 21:24:39.910018 16896 thread.cpp:77] thread 0 construct actor 33
I0910 21:24:39.910611 16958 tick_compute_actor.cpp:22] actor 241892558110767 switch to &TickComputeActor::HandlerNormal
I0910 21:24:39.910758 16958 runtime_context.cpp:27] DecreaseCounter constructing_actor_cnt, current val is 18
I0910 21:24:39.910789 16958 thread.cpp:77] thread 55 construct actor 241892558110776
I0910 21:24:39.911252 16896 normal_forward_compute_actor.cpp:28] actor 33 switch to &NormalForwardCompActor::HandlerNormal
I0910 21:24:39.911387 16896 runtime_context.cpp:27] DecreaseCounter constructing_actor_cnt, current val is 17
I0910 21:24:39.911415 16896 thread.cpp:77] thread 0 construct actor 34
I0910 21:24:39.912003 16958 tick_compute_actor.cpp:22] actor 241892558110776 switch to &TickComputeActor::HandlerNormal
I0910 21:24:39.912147 16958 runtime_context.cpp:27] DecreaseCounter constructing_actor_cnt, current val is 16
I0910 21:24:39.912240 16958 thread.cpp:77] thread 55 construct actor 241892558110769
I0910 21:24:39.912638 16896 normal_forward_compute_actor.cpp:28] actor 34 switch to &NormalForwardCompActor::HandlerNormal
I0910 21:24:39.912778 16896 runtime_context.cpp:27] DecreaseCounter constructing_actor_cnt, current val is 15
I0910 21:24:39.912806 16896 thread.cpp:77] thread 0 construct actor 37
I0910 21:24:39.913496 16958 tick_compute_actor.cpp:22] actor 241892558110769 switch to &TickComputeActor::HandlerNormal
I0910 21:24:39.913635 16958 runtime_context.cpp:27] DecreaseCounter constructing_actor_cnt, current val is 14
I0910 21:24:39.913663 16958 thread.cpp:77] thread 55 construct actor 241892558110770
I0910 21:24:39.913985 16896 normal_forward_compute_actor.cpp:28] actor 37 switch to &NormalForwardCompActor::HandlerNormal
I0910 21:24:39.914117 16896 runtime_context.cpp:27] DecreaseCounter constructing_actor_cnt, current val is 13
I0910 21:24:39.914146 16896 thread.cpp:77] thread 0 construct actor 38
I0910 21:24:39.914857 16958 tick_compute_actor.cpp:22] actor 241892558110770 switch to &TickComputeActor::HandlerNormal
I0910 21:24:39.914994 16958 runtime_context.cpp:27] DecreaseCounter constructing_actor_cnt, current val is 12
I0910 21:24:39.915041 16958 thread.cpp:77] thread 55 construct actor 241892558110771
I0910 21:24:39.915380 16896 normal_forward_compute_actor.cpp:28] actor 38 switch to &NormalForwardCompActor::HandlerNormal
I0910 21:24:39.915516 16896 runtime_context.cpp:27] DecreaseCounter constructing_actor_cnt, current val is 11
I0910 21:24:39.915544 16896 thread.cpp:77] thread 0 construct actor 39
I0910 21:24:39.916375 16958 reentrant_lock_compute_actor.cpp:37] actor 241892558110771 switch to &ReentrantLockCompActor::HandlerNormal
I0910 21:24:39.916520 16958 runtime_context.cpp:27] DecreaseCounter constructing_actor_cnt, current val is 10
I0910 21:24:39.916550 16958 thread.cpp:77] thread 55 construct actor 241892558110772
I0910 21:24:39.916759 16896 normal_forward_compute_actor.cpp:28] actor 39 switch to &NormalForwardCompActor::HandlerNormal
I0910 21:24:39.916893 16896 runtime_context.cpp:27] DecreaseCounter constructing_actor_cnt, current val is 9
I0910 21:24:39.916932 16896 thread.cpp:77] thread 0 construct actor 40
I0910 21:24:39.918150 16896 normal_forward_compute_actor.cpp:28] actor 40 switch to &NormalForwardCompActor::HandlerNormal
I0910 21:24:39.918290 16896 runtime_context.cpp:27] DecreaseCounter constructing_actor_cnt, current val is 8
I0910 21:24:39.918332 16896 thread.cpp:77] thread 0 construct actor 41
I0910 21:24:39.919526 16896 normal_forward_compute_actor.cpp:28] actor 41 switch to &NormalForwardCompActor::HandlerNormal
I0910 21:24:39.919649 16896 runtime_context.cpp:27] DecreaseCounter constructing_actor_cnt, current val is 7
I0910 21:24:39.919687 16896 thread.cpp:77] thread 0 construct actor 42
I0910 21:24:39.920886 16896 normal_forward_compute_actor.cpp:28] actor 42 switch to &NormalForwardCompActor::HandlerNormal
I0910 21:24:39.921010 16896 runtime_context.cpp:27] DecreaseCounter constructing_actor_cnt, current val is 6
I0910 21:24:39.921037 16896 thread.cpp:77] thread 0 construct actor 43
I0910 21:24:39.922194 16896 tick_compute_actor.cpp:22] actor 43 switch to &TickComputeActor::HandlerNormal
I0910 21:24:39.922331 16896 runtime_context.cpp:27] DecreaseCounter constructing_actor_cnt, current val is 5
I0910 21:24:39.922359 16896 thread.cpp:77] thread 0 construct actor 45
I0910 21:24:39.923559 16896 normal_forward_compute_actor.cpp:28] actor 45 switch to &NormalForwardCompActor::HandlerNormal
I0910 21:24:39.923696 16896 runtime_context.cpp:27] DecreaseCounter constructing_actor_cnt, current val is 4
I0910 21:24:39.923877 16958 case_compute_actor.cpp:31] actor 241892558110772 switch to &CaseCompActor::HandlerNormal
I0910 21:24:39.924067 16958 runtime_context.cpp:27] DecreaseCounter constructing_actor_cnt, current val is 3
I0910 21:24:39.924095 16958 thread.cpp:77] thread 55 construct actor 241892558110773
I0910 21:24:39.925323 16958 tick_compute_actor.cpp:22] actor 241892558110773 switch to &TickComputeActor::HandlerNormal
I0910 21:24:39.925465 16958 runtime_context.cpp:27] DecreaseCounter constructing_actor_cnt, current val is 2
I0910 21:24:39.925495 16958 thread.cpp:77] thread 55 construct actor 241892558110774
I0910 21:24:39.926661 16958 tick_compute_actor.cpp:22] actor 241892558110774 switch to &TickComputeActor::HandlerNormal
I0910 21:24:39.926784 16958 runtime_context.cpp:27] DecreaseCounter constructing_actor_cnt, current val is 1
I0910 21:24:39.926812 16958 thread.cpp:77] thread 55 construct actor 241892558110775
I0910 21:24:39.927970 16958 tick_compute_actor.cpp:22] actor 241892558110775 switch to &TickComputeActor::HandlerNormal
