I0910 21:20:47.752923  8769 thread.cpp:77] thread 55 construct actor 241892558110776
I0910 21:20:47.754164  8769 tick_compute_actor.cpp:22] actor 241892558110776 switch to &TickComputeActor::HandlerNormal
I0910 21:20:47.754308  8769 runtime_context.cpp:27] DecreaseCounter constructing_actor_cnt, current val is 0
I0910 21:20:47.755053  7947 runtime.cpp:82] Actors on this machine constructed
I0910 21:20:47.755722  7947 runtime.cpp:84] Actors on every machine constructed
I0910 21:20:47.756078  7947 runtime_context.cpp:21] NewCounter running_actor_cnt 133
I0910 21:20:47.756213  8775 wait_and_send_ids_compute_actor.cpp:49] actor 268280837177344 switch to &WaitAndSendIdsCompActor::HandlerNormal
I0910 21:20:47.764767  7947 global.h:37] DeleteGlobal N7oneflow7OneflowE
I0910 21:20:47.765074  8775 actor.cpp:330] actor 268280837177344 switch to nullptr
I0910 21:20:47.765120  8775 thread.cpp:67] thread 61 deconstruct actor 268280837177344
I0910 21:20:47.765132  8769 actor.cpp:333] actor 241892558110772 switch to &Actor::HandlerZombie
I0910 21:20:47.765211  8769 actor.cpp:330] actor 241892558110773 switch to nullptr
I0910 21:20:47.765233  8769 thread.cpp:67] thread 55 deconstruct actor 241892558110773
I0910 21:20:47.765453  8769 runtime_context.cpp:27] DecreaseCounter running_actor_cnt, current val is 132
I0910 21:20:47.765516  8769 actor.cpp:330] actor 241892558110774 switch to nullptr
I0910 21:20:47.765537  8769 thread.cpp:67] thread 55 deconstruct actor 241892558110774
I0910 21:20:47.765589  8708 actor.cpp:330] actor 19 switch to nullptr
I0910 21:20:47.765616  8708 thread.cpp:67] thread 0 deconstruct actor 19
I0910 21:20:47.765666  8769 runtime_context.cpp:27] DecreaseCounter running_actor_cnt, current val is 130
I0910 21:20:47.765677  8775 runtime_context.cpp:27] DecreaseCounter running_actor_cnt, current val is 131
I0910 21:20:47.765751  8769 actor.cpp:330] actor 241892558110775 switch to nullptr
I0910 21:20:47.765756  8708 runtime_context.cpp:27] DecreaseCounter running_actor_cnt, current val is 129
I0910 21:20:47.765776  8769 thread.cpp:67] thread 55 deconstruct actor 241892558110775
I0910 21:20:47.765831  8708 actor.cpp:330] actor 10 switch to nullptr
I0910 21:20:47.765851  8708 thread.cpp:67] thread 0 deconstruct actor 10
I0910 21:20:47.765919  8769 runtime_context.cpp:27] DecreaseCounter running_actor_cnt, current val is 128
I0910 21:20:47.765969  8769 actor.cpp:330] actor 241892558110776 switch to nullptr
I0910 21:20:47.765974  8708 runtime_context.cpp:27] DecreaseCounter running_actor_cnt, current val is 127
I0910 21:20:47.765990  8769 thread.cpp:67] thread 55 deconstruct actor 241892558110776
I0910 21:20:47.766038  8708 actor.cpp:330] actor 8 switch to nullptr
I0910 21:20:47.766058  8708 thread.cpp:67] thread 0 deconstruct actor 8
I0910 21:20:47.766131  8769 runtime_context.cpp:27] DecreaseCounter running_actor_cnt, current val is 126
I0910 21:20:47.766186  8769 actor.cpp:330] actor 241892558110783 switch to nullptr
I0910 21:20:47.766191  8708 runtime_context.cpp:27] DecreaseCounter running_actor_cnt, current val is 125
I0910 21:20:47.766208  8769 thread.cpp:67] thread 55 deconstruct actor 241892558110783
I0910 21:20:47.766265  8708 actor.cpp:330] actor 16 switch to nullptr
I0910 21:20:47.766284  8708 thread.cpp:67] thread 0 deconstruct actor 16
I0910 21:20:47.766356  8769 runtime_context.cpp:27] DecreaseCounter running_actor_cnt, current val is 124
I0910 21:20:47.766407  8769 actor.cpp:330] actor 241892558110780 switch to nullptr
I0910 21:20:47.766467  8708 runtime_context.cpp:27] DecreaseCounter running_actor_cnt, current val is 123
I0910 21:20:47.766494  8769 thread.cpp:67] thread 55 deconstruct actor 241892558110780
I0910 21:20:47.766562  8708 actor.cpp:330] actor 4 switch to nullptr
I0910 21:20:47.766671  8708 thread.cpp:67] thread 0 deconstruct actor 4
I0910 21:20:47.766674  8769 runtime_context.cpp:27] DecreaseCounter running_actor_cnt, current val is 122
I0910 21:20:47.766746  8769 actor.cpp:330] actor 241892558110777 switch to nullptr
I0910 21:20:47.766765  8769 thread.cpp:67] thread 55 deconstruct actor 241892558110777
I0910 21:20:47.766801  8708 runtime_context.cpp:27] DecreaseCounter running_actor_cnt, current val is 121
I0910 21:20:47.766871  8708 actor.cpp:330] actor 14 switch to nullptr
I0910 21:20:47.766891  8708 thread.cpp:67] thread 0 deconstruct actor 14
I0910 21:20:47.766886  8769 runtime_context.cpp:27] DecreaseCounter running_actor_cnt, current val is 120
I0910 21:20:47.766947  8769 actor.cpp:330] actor 241892558110782 switch to nullptr
I0910 21:20:47.766964  8769 thread.cpp:67] thread 55 deconstruct actor 241892558110782
I0910 21:20:47.767012  8708 runtime_context.cpp:27] DecreaseCounter running_actor_cnt, current val is 119
I0910 21:20:47.767066  8708 actor.cpp:330] actor 2 switch to nullptr
I0910 21:20:47.767083  8708 thread.cpp:67] thread 0 deconstruct actor 2
I0910 21:20:47.767083  8769 runtime_context.cpp:27] DecreaseCounter running_actor_cnt, current val is 118
I0910 21:20:47.767134  8769 actor.cpp:330] actor 241892558110781 switch to nullptr
I0910 21:20:47.767153  8769 thread.cpp:67] thread 55 deconstruct actor 241892558110781
I0910 21:20:47.767212  8708 runtime_context.cpp:27] DecreaseCounter running_actor_cnt, current val is 117
I0910 21:20:47.767267  8708 actor.cpp:333] actor 0 switch to &Actor::HandlerZombie
I0910 21:20:47.767280  8769 runtime_context.cpp:27] DecreaseCounter running_actor_cnt, current val is 116
I0910 21:20:47.767305  8708 actor.cpp:333] actor 11 switch to &Actor::HandlerZombie
I0910 21:20:47.767346  8769 actor.cpp:330] actor 241892558110779 switch to nullptr
I0910 21:20:47.767354  8708 actor.cpp:333] actor 9 switch to &Actor::HandlerZombie
I0910 21:20:47.767369  8769 thread.cpp:67] thread 55 deconstruct actor 241892558110779
I0910 21:20:47.767402  8708 actor.cpp:333] actor 17 switch to &Actor::HandlerZombie
I0910 21:20:47.767443  8708 actor.cpp:330] actor 44 switch to nullptr
I0910 21:20:47.767459  8708 thread.cpp:67] thread 0 deconstruct actor 44
I0910 21:20:47.767524  8769 runtime_context.cpp:27] DecreaseCounter running_actor_cnt, current val is 115
I0910 21:20:47.767571  8769 actor.cpp:330] actor 241892558110778 switch to nullptr
I0910 21:20:47.767577  8708 runtime_context.cpp:27] DecreaseCounter running_actor_cnt, current val is 114
I0910 21:20:47.767593  8769 thread.cpp:67] thread 55 deconstruct actor 241892558110778
I0910 21:20:47.767642  8708 actor.cpp:333] actor 5 switch to &Actor::HandlerZombie
I0910 21:20:47.767678  8708 actor.cpp:333] actor 15 switch to &Actor::HandlerZombie
I0910 21:20:47.767705  8708 actor.cpp:333] actor 3 switch to &Actor::HandlerZombie
I0910 21:20:47.767735  8769 runtime_context.cpp:27] DecreaseCounter running_actor_cnt, current val is 113
I0910 21:20:47.767743  8708 actor.cpp:333] actor 13 switch to &Actor::HandlerZombie
I0910 21:20:47.767794  8769 actor.cpp:330] actor 241892558110725 switch to nullptr
I0910 21:20:47.767803  8708 actor.cpp:333] actor 7 switch to &Actor::HandlerZombie
I0910 21:20:47.767817  8769 thread.cpp:67] thread 55 deconstruct actor 241892558110725
I0910 21:20:47.767858  8708 actor.cpp:333] actor 1 switch to &Actor::HandlerZombie
I0910 21:20:47.767889  8708 actor.cpp:333] actor 21 switch to &Actor::HandlerZombie
I0910 21:20:47.767940  8708 actor.cpp:330] actor 12 switch to nullptr
I0910 21:20:47.767956  8708 thread.cpp:67] thread 0 deconstruct actor 12
I0910 21:20:47.767959  8769 runtime_context.cpp:27] DecreaseCounter running_actor_cnt, current val is 112
I0910 21:20:47.767989  8712 actor.cpp:333] actor 8796093022208 switch to &Actor::HandlerZombie
I0910 21:20:47.768041  8769 actor.cpp:330] actor 241892558110730 switch to nullptr
I0910 21:20:47.768074  8769 thread.cpp:67] thread 55 deconstruct actor 241892558110730
I0910 21:20:47.768105  8712 actor.cpp:330] actor 8796093022210 switch to nullptr
I0910 21:20:47.768123  8722 actor.cpp:330] actor 35184372088832 switch to nullptr
I0910 21:20:47.768206  8720 actor.cpp:330] actor 26388279066624 switch to nullptr
I0910 21:20:47.768241  8708 runtime_context.cpp:27] DecreaseCounter running_actor_cnt, current val is 111
I0910 21:20:47.768165  8712 thread.cpp:67] thread 2 deconstruct actor 8796093022210
I0910 21:20:47.768126  8770 actor.cpp:330] actor 246290604621824 switch to nullptr
I0910 21:20:47.768225  8722 thread.cpp:67] thread 8 deconstruct actor 35184372088832
I0910 21:20:47.768160  8721 actor.cpp:330] actor 30786325577728 switch to nullptr
I0910 21:20:47.768247  8769 runtime_context.cpp:27] DecreaseCounter running_actor_cnt, current val is 110
I0910 21:20:47.768249  8720 thread.cpp:67] thread 6 deconstruct actor 26388279066624
I0910 21:20:47.768280  8708 thread.cpp:67] thread 0 deconstruct actor 11
I0910 21:20:47.768350  8770 thread.cpp:67] thread 56 deconstruct actor 246290604621824
I0910 21:20:47.768510  8712 runtime_context.cpp:27] DecreaseCounter running_actor_cnt, current val is 109
I0910 21:20:47.768450  8769 actor.cpp:330] actor 241892558110768 switch to nullptr
I0910 21:20:47.768410  8721 thread.cpp:67] thread 7 deconstruct actor 30786325577728
I0910 21:20:47.768568  8769 thread.cpp:67] thread 55 deconstruct actor 241892558110768
I0910 21:20:47.768570  8722 runtime_context.cpp:27] DecreaseCounter running_actor_cnt, current val is 108
I0910 21:20:47.768668  8720 runtime_context.cpp:27] DecreaseCounter running_actor_cnt, current val is 107
I0910 21:20:47.768719  8708 runtime_context.cpp:27] DecreaseCounter running_actor_cnt, current val is 106
I0910 21:20:47.768731  8769 runtime_context.cpp:27] DecreaseCounter running_actor_cnt, current val is 105
I0910 21:20:47.768746  8720 actor.cpp:330] actor 26388279066625 switch to nullptr
I0910 21:20:47.768775  8770 runtime_context.cpp:27] DecreaseCounter running_actor_cnt, current val is 104
I0910 21:20:47.768791  8708 actor.cpp:333] actor 18 switch to &Actor::HandlerZombie
I0910 21:20:47.768784  8721 runtime_context.cpp:27] DecreaseCounter running_actor_cnt, current val is 103
I0910 21:20:47.768908  8708 actor.cpp:333] actor 43 switch to &Actor::HandlerZombie
I0910 21:20:47.768826  8720 thread.cpp:67] thread 6 deconstruct actor 26388279066625
I0910 21:20:47.768890  8773 actor.cpp:330] actor 259484744155136 switch to nullptr
I0910 21:20:47.768987  8712 actor.cpp:330] actor 8796093022220 switch to nullptr
I0910 21:20:47.768954  8708 actor.cpp:333] actor 42 switch to &Actor::HandlerZombie
I0910 21:20:47.768955  8772 actor.cpp:333] actor 255086697644032 switch to &Actor::HandlerZombie
I0910 21:20:47.768797  8769 actor.cpp:330] actor 241892558110752 switch to nullptr
I0910 21:20:47.769006  8773 thread.cpp:67] thread 59 deconstruct actor 259484744155136
I0910 21:20:47.769033  8712 thread.cpp:67] thread 2 deconstruct actor 8796093022220
I0910 21:20:47.769079  8708 actor.cpp:333] actor 41 switch to &Actor::HandlerZombie
I0910 21:20:47.769122  8769 thread.cpp:67] thread 55 deconstruct actor 241892558110752
I0910 21:20:47.769217  8708 actor.cpp:333] actor 40 switch to &Actor::HandlerZombie
I0910 21:20:47.769201  8720 runtime_context.cpp:27] DecreaseCounter running_actor_cnt, current val is 102
I0910 21:20:47.769265  8708 actor.cpp:333] actor 39 switch to &Actor::HandlerZombie
I0910 21:20:47.769301  8708 actor.cpp:333] actor 38 switch to &Actor::HandlerZombie
I0910 21:20:47.769333  8708 actor.cpp:330] actor 6 switch to nullptr
I0910 21:20:47.769330  8712 runtime_context.cpp:27] DecreaseCounter running_actor_cnt, current val is 101
I0910 21:20:47.769351  8708 thread.cpp:67] thread 0 deconstruct actor 6
I0910 21:20:47.769367  8773 runtime_context.cpp:27] DecreaseCounter running_actor_cnt, current val is 100
I0910 21:20:47.769408  8769 runtime_context.cpp:27] DecreaseCounter running_actor_cnt, current val is 99
I0910 21:20:47.769424  8712 actor.cpp:330] actor 8796093022219 switch to nullptr
I0910 21:20:47.769585  8712 thread.cpp:67] thread 2 deconstruct actor 8796093022219
I0910 21:20:47.769621  8769 actor.cpp:330] actor 241892558110736 switch to nullptr
I0910 21:20:47.769657  8769 thread.cpp:67] thread 55 deconstruct actor 241892558110736
I0910 21:20:47.769677  8708 runtime_context.cpp:27] DecreaseCounter running_actor_cnt, current val is 98
I0910 21:20:47.769711  8708 thread.cpp:67] thread 0 deconstruct actor 17
I0910 21:20:47.769767  8712 runtime_context.cpp:27] DecreaseCounter running_actor_cnt, current val is 97
I0910 21:20:47.769871  8769 runtime_context.cpp:27] DecreaseCounter running_actor_cnt, current val is 96
I0910 21:20:47.769902  8712 actor.cpp:330] actor 8796093022218 switch to nullptr
I0910 21:20:47.769951  8708 runtime_context.cpp:27] DecreaseCounter running_actor_cnt, current val is 95
I0910 21:20:47.769953  8769 actor.cpp:330] actor 241892558110764 switch to nullptr
I0910 21:20:47.769961  8712 thread.cpp:67] thread 2 deconstruct actor 8796093022218
I0910 21:20:47.769987  8708 thread.cpp:67] thread 0 deconstruct actor 5
I0910 21:20:47.770036  8774 actor.cpp:330] actor 263882790666240 switch to nullptr
I0910 21:20:47.770010  8769 thread.cpp:67] thread 55 deconstruct actor 241892558110764
I0910 21:20:47.770098  8774 thread.cpp:67] thread 60 deconstruct actor 263882790666240
I0910 21:20:47.770203  8712 runtime_context.cpp:27] DecreaseCounter running_actor_cnt, current val is 94
I0910 21:20:47.770292  8708 runtime_context.cpp:27] DecreaseCounter running_actor_cnt, current val is 93
I0910 21:20:47.770301  8712 actor.cpp:330] actor 8796093022217 switch to nullptr
I0910 21:20:47.770318  8769 runtime_context.cpp:27] DecreaseCounter running_actor_cnt, current val is 92
I0910 21:20:47.770368  8774 runtime_context.cpp:27] DecreaseCounter running_actor_cnt, current val is 91
I0910 21:20:47.770355  8712 thread.cpp:67] thread 2 deconstruct actor 8796093022217
I0910 21:20:47.770328  8708 thread.cpp:67] thread 0 deconstruct actor 15
I0910 21:20:47.770437  8769 actor.cpp:330] actor 241892558110759 switch to nullptr
I0910 21:20:47.770478  8769 thread.cpp:67] thread 55 deconstruct actor 241892558110759
I0910 21:20:47.770594  8712 runtime_context.cpp:27] DecreaseCounter running_actor_cnt, current val is 90
I0910 21:20:47.770668  8712 actor.cpp:330] actor 8796093022216 switch to nullptr
I0910 21:20:47.770684  8769 runtime_context.cpp:27] DecreaseCounter running_actor_cnt, current val is 89
I0910 21:20:47.770691  8708 runtime_context.cpp:27] DecreaseCounter running_actor_cnt, current val is 88
I0910 21:20:47.770709  8712 thread.cpp:67] thread 2 deconstruct actor 8796093022216
I0910 21:20:47.770766  8708 thread.cpp:67] thread 0 deconstruct actor 1
I0910 21:20:47.770779  8769 actor.cpp:330] actor 241892558110757 switch to nullptr
I0910 21:20:47.770812  8769 thread.cpp:67] thread 55 deconstruct actor 241892558110757
I0910 21:20:47.770926  8712 runtime_context.cpp:27] DecreaseCounter running_actor_cnt, current val is 87
I0910 21:20:47.771000  8712 actor.cpp:330] actor 8796093022215 switch to nullptr
I0910 21:20:47.771001  8769 runtime_context.cpp:27] DecreaseCounter running_actor_cnt, current val is 86
I0910 21:20:47.771010  8708 runtime_context.cpp:27] DecreaseCounter running_actor_cnt, current val is 85
I0910 21:20:47.771042  8712 thread.cpp:67] thread 2 deconstruct actor 8796093022215
I0910 21:20:47.771060  8772 thread.cpp:67] thread 58 deconstruct actor 255086697644032
I0910 21:20:47.771098  8708 thread.cpp:67] thread 0 deconstruct actor 0
I0910 21:20:47.771119  8769 actor.cpp:330] actor 241892558110747 switch to nullptr
I0910 21:20:47.771189  8769 thread.cpp:67] thread 55 deconstruct actor 241892558110747
I0910 21:20:47.771272  8712 runtime_context.cpp:27] DecreaseCounter running_actor_cnt, current val is 84
I0910 21:20:47.771272  8708 runtime_context.cpp:27] DecreaseCounter running_actor_cnt, current val is 83
I0910 21:20:47.771358  8712 thread.cpp:67] thread 2 deconstruct actor 8796093022208
I0910 21:20:47.771361  8772 runtime_context.cpp:27] DecreaseCounter running_actor_cnt, current val is 82
I0910 21:20:47.771374  8708 thread.cpp:67] thread 0 deconstruct actor 9
I0910 21:20:47.771401  8769 runtime_context.cpp:27] DecreaseCounter running_actor_cnt, current val is 81
I0910 21:20:47.771549  8712 runtime_context.cpp:27] DecreaseCounter running_actor_cnt, current val is 80
I0910 21:20:47.771551  8769 actor.cpp:330] actor 241892558110741 switch to nullptr
I0910 21:20:47.771613  8769 thread.cpp:67] thread 55 deconstruct actor 241892558110741
I0910 21:20:47.771641  8771 actor.cpp:330] actor 250688651132928 switch to nullptr
I0910 21:20:47.771695  8771 thread.cpp:67] thread 57 deconstruct actor 250688651132928
I0910 21:20:47.771708  8708 runtime_context.cpp:27] DecreaseCounter running_actor_cnt, current val is 79
I0910 21:20:47.771704  8720 actor.cpp:330] actor 26388279066626 switch to nullptr
I0910 21:20:47.771754  8708 thread.cpp:67] thread 0 deconstruct actor 18
I0910 21:20:47.771792  8720 thread.cpp:67] thread 6 deconstruct actor 26388279066626
I0910 21:20:47.771813  8769 runtime_context.cpp:27] DecreaseCounter running_actor_cnt, current val is 78
I0910 21:20:47.771896  8769 actor.cpp:330] actor 241892558110729 switch to nullptr
I0910 21:20:47.771925  8769 thread.cpp:67] thread 55 deconstruct actor 241892558110729
I0910 21:20:47.771922  8771 runtime_context.cpp:27] DecreaseCounter running_actor_cnt, current val is 77
I0910 21:20:47.772024  8708 runtime_context.cpp:27] DecreaseCounter running_actor_cnt, current val is 76
I0910 21:20:47.772056  8708 thread.cpp:67] thread 0 deconstruct actor 3
I0910 21:20:47.772069  8720 runtime_context.cpp:27] DecreaseCounter running_actor_cnt, current val is 75
I0910 21:20:47.772122  8769 runtime_context.cpp:27] DecreaseCounter running_actor_cnt, current val is 74
I0910 21:20:47.772212  8769 actor.cpp:330] actor 241892558110728 switch to nullptr
I0910 21:20:47.772243  8769 thread.cpp:67] thread 55 deconstruct actor 241892558110728
I0910 21:20:47.772326  8708 runtime_context.cpp:27] DecreaseCounter running_actor_cnt, current val is 73
I0910 21:20:47.772377  8708 thread.cpp:67] thread 0 deconstruct actor 21
I0910 21:20:47.772439  8769 runtime_context.cpp:27] DecreaseCounter running_actor_cnt, current val is 72
I0910 21:20:47.772495  8708 runtime_context.cpp:27] DecreaseCounter running_actor_cnt, current val is 71
I0910 21:20:47.772527  8769 actor.cpp:333] actor 241892558110721 switch to &Actor::HandlerZombie
I0910 21:20:47.772563  8708 thread.cpp:67] thread 0 deconstruct actor 13
I0910 21:20:47.772574  8769 thread.cpp:67] thread 55 deconstruct actor 241892558110721
I0910 21:20:47.772765  8769 runtime_context.cpp:27] DecreaseCounter running_actor_cnt, current val is 70
I0910 21:20:47.772804  8708 runtime_context.cpp:27] DecreaseCounter running_actor_cnt, current val is 69
I0910 21:20:47.772837  8769 actor.cpp:330] actor 241892558110751 switch to nullptr
I0910 21:20:47.772864  8769 thread.cpp:67] thread 55 deconstruct actor 241892558110751
I0910 21:20:47.772872  8708 actor.cpp:333] actor 20 switch to &Actor::HandlerZombie
I0910 21:20:47.772939  8708 actor.cpp:333] actor 46 switch to &Actor::HandlerZombie
I0910 21:20:47.772981  8708 actor.cpp:333] actor 27 switch to &Actor::HandlerZombie
I0910 21:20:47.772998  8712 actor.cpp:330] actor 8796093022209 switch to nullptr
I0910 21:20:47.773015  8708 actor.cpp:333] actor 22 switch to &Actor::HandlerZombie
I0910 21:20:47.773046  8712 thread.cpp:67] thread 2 deconstruct actor 8796093022209
I0910 21:20:47.773058  8769 runtime_context.cpp:27] DecreaseCounter running_actor_cnt, current val is 68
I0910 21:20:47.773105  8708 actor.cpp:333] actor 25 switch to &Actor::HandlerZombie
I0910 21:20:47.773155  8769 actor.cpp:330] actor 241892558110758 switch to nullptr
I0910 21:20:47.773165  8708 actor.cpp:333] actor 26 switch to &Actor::HandlerZombie
I0910 21:20:47.773219  8769 thread.cpp:67] thread 55 deconstruct actor 241892558110758
I0910 21:20:47.773252  8712 runtime_context.cpp:27] DecreaseCounter running_actor_cnt, current val is 67
I0910 21:20:47.773339  8708 actor.cpp:333] actor 23 switch to &Actor::HandlerZombie
I0910 21:20:47.773471  8708 actor.cpp:333] actor 24 switch to &Actor::HandlerZombie
I0910 21:20:47.773504  8708 thread.cpp:67] thread 0 deconstruct actor 20
I0910 21:20:47.773525  8769 runtime_context.cpp:27] DecreaseCounter running_actor_cnt, current val is 66
I0910 21:20:47.773617  8769 actor.cpp:333] actor 241892558110754 switch to &Actor::HandlerZombie
I0910 21:20:47.773631  8708 runtime_context.cpp:27] DecreaseCounter running_actor_cnt, current val is 65
I0910 21:20:47.773684  8769 actor.cpp:330] actor 241892558110740 switch to nullptr
I0910 21:20:47.773723  8708 actor.cpp:333] actor 45 switch to &Actor::HandlerZombie
I0910 21:20:47.773730  8769 thread.cpp:67] thread 55 deconstruct actor 241892558110740
I0910 21:20:47.773766  8708 thread.cpp:67] thread 0 deconstruct actor 45
I0910 21:20:47.773802  8712 actor.cpp:330] actor 8796093022221 switch to nullptr
I0910 21:20:47.773845  8712 thread.cpp:67] thread 2 deconstruct actor 8796093022221
I0910 21:20:47.773914  8708 runtime_context.cpp:27] DecreaseCounter running_actor_cnt, current val is 64
I0910 21:20:47.773943  8708 thread.cpp:67] thread 0 deconstruct actor 7
I0910 21:20:47.773964  8769 runtime_context.cpp:27] DecreaseCounter running_actor_cnt, current val is 63
I0910 21:20:47.774022  8712 runtime_context.cpp:27] DecreaseCounter running_actor_cnt, current val is 62
I0910 21:20:47.774044  8769 actor.cpp:330] actor 241892558110732 switch to nullptr
I0910 21:20:47.774082  8769 thread.cpp:67] thread 55 deconstruct actor 241892558110732
I0910 21:20:47.774190  8708 runtime_context.cpp:27] DecreaseCounter running_actor_cnt, current val is 61
I0910 21:20:47.774224  8708 thread.cpp:67] thread 0 deconstruct actor 26
I0910 21:20:47.774271  8769 runtime_context.cpp:27] DecreaseCounter running_actor_cnt, current val is 60
I0910 21:20:47.774343  8769 actor.cpp:330] actor 241892558110727 switch to nullptr
I0910 21:20:47.774350  8708 runtime_context.cpp:27] DecreaseCounter running_actor_cnt, current val is 59
I0910 21:20:47.774376  8769 thread.cpp:67] thread 55 deconstruct actor 241892558110727
I0910 21:20:47.774402  8708 thread.cpp:67] thread 0 deconstruct actor 46
I0910 21:20:47.774542  8708 runtime_context.cpp:27] DecreaseCounter running_actor_cnt, current val is 58
I0910 21:20:47.774574  8708 thread.cpp:67] thread 0 deconstruct actor 40
I0910 21:20:47.774587  8769 runtime_context.cpp:27] DecreaseCounter running_actor_cnt, current val is 57
I0910 21:20:47.774660  8769 actor.cpp:330] actor 241892558110723 switch to nullptr
I0910 21:20:47.774688  8769 thread.cpp:67] thread 55 deconstruct actor 241892558110723
I0910 21:20:47.774691  8708 runtime_context.cpp:27] DecreaseCounter running_actor_cnt, current val is 56
I0910 21:20:47.774734  8708 thread.cpp:67] thread 0 deconstruct actor 43
I0910 21:20:47.774876  8708 runtime_context.cpp:27] DecreaseCounter running_actor_cnt, current val is 54
I0910 21:20:47.774876  8769 runtime_context.cpp:27] DecreaseCounter running_actor_cnt, current val is 55
I0910 21:20:47.774924  8708 thread.cpp:67] thread 0 deconstruct actor 38
I0910 21:20:47.774972  8769 thread.cpp:67] thread 55 deconstruct actor 241892558110754
I0910 21:20:47.775079  8708 runtime_context.cpp:27] DecreaseCounter running_actor_cnt, current val is 53
I0910 21:20:47.775110  8708 thread.cpp:67] thread 0 deconstruct actor 39
I0910 21:20:47.775163  8769 runtime_context.cpp:27] DecreaseCounter running_actor_cnt, current val is 52
I0910 21:20:47.775235  8708 runtime_context.cpp:27] DecreaseCounter running_actor_cnt, current val is 51
I0910 21:20:47.775252  8769 actor.cpp:330] actor 241892558110724 switch to nullptr
I0910 21:20:47.775285  8708 thread.cpp:67] thread 0 deconstruct actor 42
I0910 21:20:47.775306  8769 thread.cpp:67] thread 55 deconstruct actor 241892558110724
I0910 21:20:47.775425  8708 runtime_context.cpp:27] DecreaseCounter running_actor_cnt, current val is 50
I0910 21:20:47.775477  8708 thread.cpp:67] thread 0 deconstruct actor 41
I0910 21:20:47.775508  8769 runtime_context.cpp:27] DecreaseCounter running_actor_cnt, current val is 49
I0910 21:20:47.775604  8708 runtime_context.cpp:27] DecreaseCounter running_actor_cnt, current val is 48
I0910 21:20:47.775614  8769 actor.cpp:330] actor 241892558110763 switch to nullptr
I0910 21:20:47.775660  8769 thread.cpp:67] thread 55 deconstruct actor 241892558110763
I0910 21:20:47.775668  8708 actor.cpp:333] actor 32 switch to &Actor::HandlerZombie
I0910 21:20:47.775732  8708 actor.cpp:333] actor 30 switch to &Actor::HandlerZombie
I0910 21:20:47.775784  8708 actor.cpp:333] actor 33 switch to &Actor::HandlerZombie
I0910 21:20:47.775833  8708 actor.cpp:333] actor 34 switch to &Actor::HandlerZombie
I0910 21:20:47.775856  8769 runtime_context.cpp:27] DecreaseCounter running_actor_cnt, current val is 47
I0910 21:20:47.775874  8708 actor.cpp:333] actor 31 switch to &Actor::HandlerZombie
I0910 21:20:47.775949  8769 actor.cpp:330] actor 241892558110756 switch to nullptr
I0910 21:20:47.775959  8708 actor.cpp:333] actor 35 switch to &Actor::HandlerZombie
I0910 21:20:47.775983  8769 thread.cpp:67] thread 55 deconstruct actor 241892558110756
I0910 21:20:47.776000  8708 thread.cpp:67] thread 0 deconstruct actor 35
I0910 21:20:47.776144  8708 runtime_context.cpp:27] DecreaseCounter running_actor_cnt, current val is 46
I0910 21:20:47.776201  8769 runtime_context.cpp:27] DecreaseCounter running_actor_cnt, current val is 45
I0910 21:20:47.776217  8708 actor.cpp:330] actor 48 switch to nullptr
I0910 21:20:47.776264  8708 thread.cpp:67] thread 0 deconstruct actor 48
I0910 21:20:47.776284  8769 actor.cpp:330] actor 241892558110743 switch to nullptr
I0910 21:20:47.776314  8769 thread.cpp:67] thread 55 deconstruct actor 241892558110743
I0910 21:20:47.776319  8712 actor.cpp:330] actor 8796093022223 switch to nullptr
I0910 21:20:47.776373  8708 runtime_context.cpp:27] DecreaseCounter running_actor_cnt, current val is 44
I0910 21:20:47.776399  8712 thread.cpp:67] thread 2 deconstruct actor 8796093022223
I0910 21:20:47.776444  8708 actor.cpp:330] actor 47 switch to nullptr
I0910 21:20:47.776464  8708 thread.cpp:67] thread 0 deconstruct actor 47
I0910 21:20:47.776512  8769 runtime_context.cpp:27] DecreaseCounter running_actor_cnt, current val is 43
I0910 21:20:47.776569  8708 runtime_context.cpp:27] DecreaseCounter running_actor_cnt, current val is 42
I0910 21:20:47.776585  8769 actor.cpp:330] actor 241892558110762 switch to nullptr
I0910 21:20:47.776600  8708 thread.cpp:67] thread 0 deconstruct actor 22
I0910 21:20:47.776602  8712 runtime_context.cpp:27] DecreaseCounter running_actor_cnt, current val is 41
I0910 21:20:47.776634  8769 thread.cpp:67] thread 55 deconstruct actor 241892558110762
I0910 21:20:47.776726  8712 actor.cpp:330] actor 8796093022222 switch to nullptr
I0910 21:20:47.776755  8708 runtime_context.cpp:27] DecreaseCounter running_actor_cnt, current val is 40
I0910 21:20:47.776767  8712 thread.cpp:67] thread 2 deconstruct actor 8796093022222
I0910 21:20:47.776811  8708 actor.cpp:333] actor 28 switch to &Actor::HandlerZombie
I0910 21:20:47.776844  8708 actor.cpp:333] actor 29 switch to &Actor::HandlerZombie
I0910 21:20:47.776861  8708 thread.cpp:67] thread 0 deconstruct actor 24
I0910 21:20:47.776866  8769 runtime_context.cpp:27] DecreaseCounter running_actor_cnt, current val is 39
I0910 21:20:47.776944  8769 actor.cpp:330] actor 241892558110735 switch to nullptr
I0910 21:20:47.776954  8712 runtime_context.cpp:27] DecreaseCounter running_actor_cnt, current val is 38
I0910 21:20:47.776979  8769 thread.cpp:67] thread 55 deconstruct actor 241892558110735
I0910 21:20:47.776983  8708 runtime_context.cpp:27] DecreaseCounter running_actor_cnt, current val is 37
I0910 21:20:47.777052  8708 thread.cpp:67] thread 0 deconstruct actor 25
I0910 21:20:47.777052  8712 actor.cpp:330] actor 8796093022211 switch to nullptr
I0910 21:20:47.777106  8712 thread.cpp:67] thread 2 deconstruct actor 8796093022211
I0910 21:20:47.777195  8708 runtime_context.cpp:27] DecreaseCounter running_actor_cnt, current val is 36
I0910 21:20:47.777216  8769 runtime_context.cpp:27] DecreaseCounter running_actor_cnt, current val is 35
I0910 21:20:47.777259  8708 thread.cpp:67] thread 0 deconstruct actor 27
I0910 21:20:47.777336  8712 runtime_context.cpp:27] DecreaseCounter running_actor_cnt, current val is 34
I0910 21:20:47.777340  8769 actor.cpp:333] actor 241892558110722 switch to &Actor::HandlerZombie
I0910 21:20:47.777426  8708 runtime_context.cpp:27] DecreaseCounter running_actor_cnt, current val is 33
I0910 21:20:47.777442  8769 thread.cpp:67] thread 55 deconstruct actor 241892558110722
I0910 21:20:47.777443  8712 actor.cpp:330] actor 8796093022212 switch to nullptr
I0910 21:20:47.777484  8708 thread.cpp:67] thread 0 deconstruct actor 23
I0910 21:20:47.777549  8712 thread.cpp:67] thread 2 deconstruct actor 8796093022212
I0910 21:20:47.777667  8708 runtime_context.cpp:27] DecreaseCounter running_actor_cnt, current val is 32
I0910 21:20:47.777691  8769 runtime_context.cpp:27] DecreaseCounter running_actor_cnt, current val is 31
I0910 21:20:47.777720  8708 thread.cpp:67] thread 0 deconstruct actor 29
I0910 21:20:47.777734  8712 runtime_context.cpp:27] DecreaseCounter running_actor_cnt, current val is 30
I0910 21:20:47.777798  8769 actor.cpp:333] actor 241892558110761 switch to &Actor::HandlerZombie
I0910 21:20:47.777880  8769 actor.cpp:330] actor 241892558110755 switch to nullptr
I0910 21:20:47.777880  8708 runtime_context.cpp:27] DecreaseCounter running_actor_cnt, current val is 29
I0910 21:20:47.777930  8769 thread.cpp:67] thread 55 deconstruct actor 241892558110755
I0910 21:20:47.777954  8708 thread.cpp:67] thread 0 deconstruct actor 28
I0910 21:20:47.778082  8708 runtime_context.cpp:27] DecreaseCounter running_actor_cnt, current val is 28
I0910 21:20:47.778124  8708 thread.cpp:67] thread 0 deconstruct actor 31
I0910 21:20:47.778141  8769 runtime_context.cpp:27] DecreaseCounter running_actor_cnt, current val is 27
I0910 21:20:47.778235  8769 actor.cpp:330] actor 241892558110746 switch to nullptr
I0910 21:20:47.778264  8708 runtime_context.cpp:27] DecreaseCounter running_actor_cnt, current val is 26
I0910 21:20:47.778285  8769 thread.cpp:67] thread 55 deconstruct actor 241892558110746
I0910 21:20:47.778333  8708 actor.cpp:333] actor 37 switch to &Actor::HandlerZombie
I0910 21:20:47.778384  8708 actor.cpp:333] actor 36 switch to &Actor::HandlerZombie
I0910 21:20:47.778416  8708 thread.cpp:67] thread 0 deconstruct actor 32
I0910 21:20:47.778414  8712 actor.cpp:330] actor 8796093022214 switch to nullptr
I0910 21:20:47.778482  8712 thread.cpp:67] thread 2 deconstruct actor 8796093022214
I0910 21:20:47.778512  8769 runtime_context.cpp:27] DecreaseCounter running_actor_cnt, current val is 25
I0910 21:20:47.778553  8708 runtime_context.cpp:27] DecreaseCounter running_actor_cnt, current val is 24
I0910 21:20:47.778595  8708 thread.cpp:67] thread 0 deconstruct actor 33
I0910 21:20:47.778597  8769 actor.cpp:330] actor 241892558110771 switch to nullptr
I0910 21:20:47.778635  8769 thread.cpp:67] thread 55 deconstruct actor 241892558110771
I0910 21:20:47.778667  8712 runtime_context.cpp:27] DecreaseCounter running_actor_cnt, current val is 23
I0910 21:20:47.778720  8708 runtime_context.cpp:27] DecreaseCounter running_actor_cnt, current val is 22
I0910 21:20:47.778743  8712 actor.cpp:330] actor 8796093022213 switch to nullptr
I0910 21:20:47.778775  8708 thread.cpp:67] thread 0 deconstruct actor 30
I0910 21:20:47.778798  8712 thread.cpp:67] thread 2 deconstruct actor 8796093022213
I0910 21:20:47.778811  8769 runtime_context.cpp:27] DecreaseCounter running_actor_cnt, current val is 21
I0910 21:20:47.778859  8769 thread.cpp:67] thread 55 deconstruct actor 241892558110761
I0910 21:20:47.778919  8708 runtime_context.cpp:27] DecreaseCounter running_actor_cnt, current val is 20
I0910 21:20:47.778949  8708 thread.cpp:67] thread 0 deconstruct actor 34
I0910 21:20:47.778977  8712 runtime_context.cpp:27] DecreaseCounter running_actor_cnt, current val is 19
I0910 21:20:47.779039  8769 runtime_context.cpp:27] DecreaseCounter running_actor_cnt, current val is 18
I0910 21:20:47.779067  8708 runtime_context.cpp:27] DecreaseCounter running_actor_cnt, current val is 17
I0910 21:20:47.779129  8769 actor.cpp:330] actor 241892558110767 switch to nullptr
I0910 21:20:47.779130  8708 thread.cpp:67] thread 0 deconstruct actor 37
I0910 21:20:47.779167  8769 thread.cpp:67] thread 55 deconstruct actor 241892558110767
I0910 21:20:47.779284  8708 runtime_context.cpp:27] DecreaseCounter running_actor_cnt, current val is 16
I0910 21:20:47.779314  8708 thread.cpp:67] thread 0 deconstruct actor 36
I0910 21:20:47.779373  8769 runtime_context.cpp:27] DecreaseCounter running_actor_cnt, current val is 15
I0910 21:20:47.779415  8708 runtime_context.cpp:27] DecreaseCounter running_actor_cnt, current val is 14
I0910 21:20:47.779474  8769 actor.cpp:333] actor 241892558110733 switch to &Actor::HandlerZombie
I0910 21:20:47.779520  8769 actor.cpp:330] actor 241892558110734 switch to nullptr
I0910 21:20:47.779542  8769 thread.cpp:67] thread 55 deconstruct actor 241892558110734
I0910 21:20:47.779717  8769 runtime_context.cpp:27] DecreaseCounter running_actor_cnt, current val is 13
I0910 21:20:47.779791  8769 actor.cpp:330] actor 241892558110739 switch to nullptr
I0910 21:20:47.779819  8769 thread.cpp:67] thread 55 deconstruct actor 241892558110739
I0910 21:20:47.779989  8769 runtime_context.cpp:27] DecreaseCounter running_actor_cnt, current val is 12
I0910 21:20:47.780066  8769 actor.cpp:333] actor 241892558110744 switch to &Actor::HandlerZombie
I0910 21:20:47.780110  8769 actor.cpp:330] actor 241892558110750 switch to nullptr
I0910 21:20:47.780131  8769 thread.cpp:67] thread 55 deconstruct actor 241892558110750
I0910 21:20:47.780318  8769 runtime_context.cpp:27] DecreaseCounter running_actor_cnt, current val is 11
I0910 21:20:47.780385  8769 actor.cpp:330] actor 241892558110770 switch to nullptr
I0910 21:20:47.780411  8769 thread.cpp:67] thread 55 deconstruct actor 241892558110770
I0910 21:20:47.780581  8769 runtime_context.cpp:27] DecreaseCounter running_actor_cnt, current val is 10
I0910 21:20:47.780668  8769 actor.cpp:330] actor 241892558110745 switch to nullptr
I0910 21:20:47.780714  8769 thread.cpp:67] thread 55 deconstruct actor 241892558110745
I0910 21:20:47.780889  8769 runtime_context.cpp:27] DecreaseCounter running_actor_cnt, current val is 9
I0910 21:20:47.780958  8769 actor.cpp:330] actor 241892558110766 switch to nullptr
I0910 21:20:47.780984  8769 thread.cpp:67] thread 55 deconstruct actor 241892558110766
I0910 21:20:47.781155  8769 runtime_context.cpp:27] DecreaseCounter running_actor_cnt, current val is 8
I0910 21:20:47.781232  8769 thread.cpp:67] thread 55 deconstruct actor 241892558110733
I0910 21:20:47.781431  8769 runtime_context.cpp:27] DecreaseCounter running_actor_cnt, current val is 7
I0910 21:20:47.781498  8769 actor.cpp:330] actor 241892558110738 switch to nullptr
I0910 21:20:47.781524  8769 thread.cpp:67] thread 55 deconstruct actor 241892558110738
I0910 21:20:47.781698  8769 runtime_context.cpp:27] DecreaseCounter running_actor_cnt, current val is 6
I0910 21:20:47.781772  8769 actor.cpp:330] actor 241892558110749 switch to nullptr
I0910 21:20:47.781798  8769 thread.cpp:67] thread 55 deconstruct actor 241892558110749
I0910 21:20:47.781970  8769 runtime_context.cpp:27] DecreaseCounter running_actor_cnt, current val is 5
I0910 21:20:47.782027  8769 thread.cpp:67] thread 55 deconstruct actor 241892558110744
I0910 21:20:47.782217  8769 runtime_context.cpp:27] DecreaseCounter running_actor_cnt, current val is 4
I0910 21:20:47.782300  8769 actor.cpp:330] actor 241892558110785 switch to nullptr
I0910 21:20:47.782328  8769 thread.cpp:67] thread 55 deconstruct actor 241892558110785
I0910 21:20:47.782338  8776 actor.cpp:330] actor 272678883688448 switch to nullptr
I0910 21:20:47.782392  8776 thread.cpp:67] thread 62 deconstruct actor 272678883688448
I0910 21:20:47.782533  8769 runtime_context.cpp:27] DecreaseCounter running_actor_cnt, current val is 3
I0910 21:20:47.782570  8776 runtime_context.cpp:27] DecreaseCounter running_actor_cnt, current val is 2
I0910 21:20:47.782611  8769 actor.cpp:330] actor 241892558110784 switch to nullptr
I0910 21:20:47.782783  8769 thread.cpp:67] thread 55 deconstruct actor 241892558110784
I0910 21:20:47.783032  8769 runtime_context.cpp:27] DecreaseCounter running_actor_cnt, current val is 1
I0910 21:20:47.783079  8769 thread.cpp:67] thread 55 deconstruct actor 241892558110772
I0910 21:20:47.783313  8769 runtime_context.cpp:27] DecreaseCounter running_actor_cnt, current val is 0
I0910 21:20:47.783723  7947 global.h:37] DeleteGlobal N7oneflow15RuntimeJobDescsE
I0910 21:20:47.783820  7947 global.h:37] DeleteGlobal N7oneflow6boxing10collective31CollectiveBoxingDeviceCtxPollerE
I0910 21:20:47.784027  7947 global.h:37] DeleteGlobal N7oneflow9ThreadMgrE
I0910 21:20:47.784165  7947 thread_manager.cpp:33] actor thread 0 finish
I0910 21:20:47.784283  7947 thread_manager.cpp:33] actor thread 1 finish
I0910 21:20:47.784400  7947 thread_manager.cpp:33] actor thread 2 finish
I0910 21:20:47.784518  7947 thread_manager.cpp:33] actor thread 3 finish
I0910 21:20:47.784624  7947 thread_manager.cpp:33] actor thread 4 finish
I0910 21:20:47.784714  7947 thread_manager.cpp:33] actor thread 5 finish
I0910 21:20:47.784830  7947 thread_manager.cpp:33] actor thread 6 finish
I0910 21:20:47.784958  7947 thread_manager.cpp:33] actor thread 7 finish
I0910 21:20:47.785043  7947 thread_manager.cpp:33] actor thread 8 finish
I0910 21:20:47.785125  7947 thread_manager.cpp:33] actor thread 9 finish
I0910 21:20:47.785198  7947 thread_manager.cpp:33] actor thread 10 finish
I0910 21:20:47.785266  7947 thread_manager.cpp:33] actor thread 11 finish
I0910 21:20:47.785331  7947 thread_manager.cpp:33] actor thread 12 finish
I0910 21:20:47.785396  7947 thread_manager.cpp:33] actor thread 13 finish
I0910 21:20:47.785459  7947 thread_manager.cpp:33] actor thread 14 finish
I0910 21:20:47.785523  7947 thread_manager.cpp:33] actor thread 15 finish
I0910 21:20:47.785585  7947 thread_manager.cpp:33] actor thread 16 finish
I0910 21:20:47.785650  7947 thread_manager.cpp:33] actor thread 17 finish
I0910 21:20:47.785729  7947 thread_manager.cpp:33] actor thread 18 finish
I0910 21:20:47.785792  7947 thread_manager.cpp:33] actor thread 19 finish
I0910 21:20:47.785856  7947 thread_manager.cpp:33] actor thread 20 finish
I0910 21:20:47.785936  7947 thread_manager.cpp:33] actor thread 21 finish
I0910 21:20:47.786011  7947 thread_manager.cpp:33] actor thread 22 finish
I0910 21:20:47.786074  7947 thread_manager.cpp:33] actor thread 23 finish
I0910 21:20:47.786139  7947 thread_manager.cpp:33] actor thread 24 finish
I0910 21:20:47.786213  7947 thread_manager.cpp:33] actor thread 25 finish
I0910 21:20:47.786296  7947 thread_manager.cpp:33] actor thread 26 finish
I0910 21:20:47.786375  7947 thread_manager.cpp:33] actor thread 27 finish
I0910 21:20:47.786450  7947 thread_manager.cpp:33] actor thread 28 finish
I0910 21:20:47.786523  7947 thread_manager.cpp:33] actor thread 29 finish
I0910 21:20:47.786587  7947 thread_manager.cpp:33] actor thread 30 finish
I0910 21:20:47.786651  7947 thread_manager.cpp:33] actor thread 31 finish
I0910 21:20:47.786715  7947 thread_manager.cpp:33] actor thread 32 finish
I0910 21:20:47.786778  7947 thread_manager.cpp:33] actor thread 33 finish
I0910 21:20:47.786855  7947 thread_manager.cpp:33] actor thread 34 finish
I0910 21:20:47.786919  7947 thread_manager.cpp:33] actor thread 35 finish
I0910 21:20:47.787051  7947 thread_manager.cpp:33] actor thread 36 finish
I0910 21:20:47.787117  7947 thread_manager.cpp:33] actor thread 37 finish
I0910 21:20:47.787194  7947 thread_manager.cpp:33] actor thread 38 finish
I0910 21:20:47.787271  7947 thread_manager.cpp:33] actor thread 39 finish
I0910 21:20:47.787334  7947 thread_manager.cpp:33] actor thread 40 finish
I0910 21:20:47.787395  7947 thread_manager.cpp:33] actor thread 41 finish
I0910 21:20:47.787456  7947 thread_manager.cpp:33] actor thread 42 finish
I0910 21:20:47.787518  7947 thread_manager.cpp:33] actor thread 43 finish
I0910 21:20:47.787593  7947 thread_manager.cpp:33] actor thread 44 finish
I0910 21:20:47.787688  7947 thread_manager.cpp:33] actor thread 45 finish
I0910 21:20:47.787755  7947 thread_manager.cpp:33] actor thread 46 finish
I0910 21:20:47.787847  7947 thread_manager.cpp:33] actor thread 47 finish
I0910 21:20:47.787911  7947 thread_manager.cpp:33] actor thread 48 finish
I0910 21:20:47.787974  7947 thread_manager.cpp:33] actor thread 49 finish
I0910 21:20:47.788036  7947 thread_manager.cpp:33] actor thread 50 finish
I0910 21:20:47.788111  7947 thread_manager.cpp:33] actor thread 51 finish
I0910 21:20:47.788173  7947 thread_manager.cpp:33] actor thread 52 finish
I0910 21:20:47.788255  7947 thread_manager.cpp:33] actor thread 53 finish
I0910 21:20:47.788329  7947 thread_manager.cpp:33] actor thread 54 finish
I0910 21:20:47.788435  7947 thread_manager.cpp:33] actor thread 55 finish
I0910 21:20:47.788570  7947 thread_manager.cpp:33] actor thread 56 finish
I0910 21:20:47.788709  7947 thread_manager.cpp:33] actor thread 57 finish
I0910 21:20:47.788832  7947 thread_manager.cpp:33] actor thread 58 finish
I0910 21:20:47.788975  7947 thread_manager.cpp:33] actor thread 59 finish
I0910 21:20:47.789058  7947 thread_manager.cpp:33] actor thread 60 finish
I0910 21:20:47.789186  7947 thread_manager.cpp:33] actor thread 61 finish
I0910 21:20:47.789321  7947 thread_manager.cpp:33] actor thread 62 finish
I0910 21:20:47.789360  7947 global.h:37] DeleteGlobal N7oneflow11ActorMsgBusE
I0910 21:20:47.789389  7947 global.h:37] DeleteGlobal N7oneflow8RegstMgrE
I0910 21:20:47.792281  7947 global.h:37] DeleteGlobal N7oneflow15MemoryAllocatorE
I0910 21:20:47.795128  7947 global.h:37] DeleteGlobal N7oneflow6boxing10collective24CollectiveBoxingExecutorE
I0910 21:20:47.795527  7947 global.h:37] DeleteGlobal N7oneflow10RuntimeCtxE
I0910 21:20:47.795583  7947 global.h:37] DeleteGlobal N7oneflow7summary12EventsWriterE
I0910 21:20:47.802034  7947 global.h:37] DeleteGlobal N7oneflow24InterJobReuseMemStrategyE
I0910 21:20:47.802222  7947 global.h:37] DeleteGlobal N7oneflow25SessionGlobalObjectsScopeE
I0910 21:20:47.802253  7947 global.h:37] DeleteGlobal N7oneflow26RuntimeBufferManagersScopeE
I0910 21:20:47.802269  7947 global.h:37] DeleteGlobal N7oneflow9BufferMgrISt10shared_ptrINS_18ForeignJobInstanceEEEE
I0910 21:20:47.802315  7947 global.h:37] DeleteGlobal N7oneflow9BufferMgrIlEE
I0910 21:20:47.802342  7947 global.h:37] DeleteGlobal N7oneflow16JobSetCompileCtxE
I0910 21:20:47.802373  7947 global.h:37] DeleteGlobal N7oneflow18LbiDiffWatcherInfoE
I0910 21:20:47.802412  7947 global.h:37] DeleteGlobal N7oneflow26LazyJobBuildAndInferCtxMgrE
I0910 21:20:47.805068  7947 global.h:37] DeleteGlobal N7oneflow16InterUserJobInfoE
I0910 21:20:47.805184  7947 global.h:37] DeleteGlobal N7oneflow19CriticalSectionDescE
I0910 21:20:47.805253  7947 global.h:37] DeleteGlobal St13unordered_mapISslSt4hashISsESt8equal_toISsESaISt4pairIKSslEEE
I0910 21:20:47.805276  7947 global.h:37] DeleteGlobal N7oneflow16AvailableMemDescE
I0910 21:20:47.805296  7947 global.h:37] DeleteGlobal N7oneflow5IDMgrE
I0910 21:20:47.805317  7947 global.h:37] DeleteGlobal N7oneflow12ProfilerConfE
I0910 21:20:47.805333  7947 global.h:37] DeleteGlobal N7oneflow6IOConfE
I0910 21:20:47.805361  7947 global.h:37] DeleteGlobal N7oneflow12ResourceDescE
I0910 21:20:47.805377  7947 global.h:32] NewGlobal N7oneflow12ResourceDescE
