I0910 21:32:22.402302 27019 runtime_context.cpp:27] DecreaseCounter constructing_actor_cnt, current val is 0
I0910 21:32:22.403167 26465 runtime.cpp:82] Actors on this machine constructed
I0910 21:32:22.403863 26465 runtime.cpp:84] Actors on every machine constructed
I0910 21:32:22.404213 26465 runtime_context.cpp:21] NewCounter running_actor_cnt 132
I0910 21:32:22.404372 27025 wait_and_send_ids_compute_actor.cpp:49] actor 268280837177344 switch to &WaitAndSendIdsCompActor::HandlerNormal
I0910 21:32:22.424809 26465 global.h:37] DeleteGlobal N7oneflow7OneflowE
I0910 21:32:22.425097 27025 actor.cpp:333] actor 268280837177344 switch to &Actor::HandlerZombie
I0910 21:32:22.425143 27019 actor.cpp:333] actor 241892558110771 switch to &Actor::HandlerZombie
I0910 21:32:22.425231 27025 thread.cpp:67] thread 61 deconstruct actor 268280837177344
I0910 21:32:22.425318 27019 actor.cpp:330] actor 241892558110772 switch to nullptr
I0910 21:32:22.425361 27019 thread.cpp:67] thread 55 deconstruct actor 241892558110772
I0910 21:32:22.425606 27019 runtime_context.cpp:27] DecreaseCounter running_actor_cnt, current val is 131
I0910 21:32:22.425642 27025 runtime_context.cpp:27] DecreaseCounter running_actor_cnt, current val is 130
I0910 21:32:22.425671 27019 actor.cpp:330] actor 241892558110773 switch to nullptr
I0910 21:32:22.425732 27019 thread.cpp:67] thread 55 deconstruct actor 241892558110773
I0910 21:32:22.425751 26958 actor.cpp:330] actor 19 switch to nullptr
I0910 21:32:22.425814 26958 thread.cpp:67] thread 0 deconstruct actor 19
I0910 21:32:22.425890 27019 runtime_context.cpp:27] DecreaseCounter running_actor_cnt, current val is 129
I0910 21:32:22.425945 27019 actor.cpp:330] actor 241892558110774 switch to nullptr
I0910 21:32:22.425956 26958 runtime_context.cpp:27] DecreaseCounter running_actor_cnt, current val is 128
I0910 21:32:22.425963 27019 thread.cpp:67] thread 55 deconstruct actor 241892558110774
I0910 21:32:22.426021 26958 actor.cpp:330] actor 16 switch to nullptr
I0910 21:32:22.426043 26958 thread.cpp:67] thread 0 deconstruct actor 16
I0910 21:32:22.426117 27019 runtime_context.cpp:27] DecreaseCounter running_actor_cnt, current val is 127
I0910 21:32:22.426167 27019 actor.cpp:330] actor 241892558110775 switch to nullptr
I0910 21:32:22.426172 26958 runtime_context.cpp:27] DecreaseCounter running_actor_cnt, current val is 126
I0910 21:32:22.426203 27019 thread.cpp:67] thread 55 deconstruct actor 241892558110775
I0910 21:32:22.426261 26958 actor.cpp:330] actor 14 switch to nullptr
I0910 21:32:22.426283 26958 thread.cpp:67] thread 0 deconstruct actor 14
I0910 21:32:22.426358 27019 runtime_context.cpp:27] DecreaseCounter running_actor_cnt, current val is 125
I0910 21:32:22.426409 27019 actor.cpp:330] actor 241892558110782 switch to nullptr
I0910 21:32:22.426414 26958 runtime_context.cpp:27] DecreaseCounter running_actor_cnt, current val is 124
I0910 21:32:22.426431 27019 thread.cpp:67] thread 55 deconstruct actor 241892558110782
I0910 21:32:22.426483 26958 actor.cpp:330] actor 10 switch to nullptr
I0910 21:32:22.426503 26958 thread.cpp:67] thread 0 deconstruct actor 10
I0910 21:32:22.426582 27019 runtime_context.cpp:27] DecreaseCounter running_actor_cnt, current val is 123
I0910 21:32:22.426630 26958 runtime_context.cpp:27] DecreaseCounter running_actor_cnt, current val is 122
I0910 21:32:22.426633 27019 actor.cpp:330] actor 241892558110779 switch to nullptr
I0910 21:32:22.426743 26958 actor.cpp:330] actor 8 switch to nullptr
I0910 21:32:22.426790 27019 thread.cpp:67] thread 55 deconstruct actor 241892558110779
I0910 21:32:22.426812 26958 thread.cpp:67] thread 0 deconstruct actor 8
I0910 21:32:22.426964 26958 runtime_context.cpp:27] DecreaseCounter running_actor_cnt, current val is 121
I0910 21:32:22.426976 27019 runtime_context.cpp:27] DecreaseCounter running_actor_cnt, current val is 120
I0910 21:32:22.427038 26958 actor.cpp:330] actor 4 switch to nullptr
I0910 21:32:22.427054 27019 actor.cpp:330] actor 241892558110776 switch to nullptr
I0910 21:32:22.427059 26958 thread.cpp:67] thread 0 deconstruct actor 4
I0910 21:32:22.427078 27019 thread.cpp:67] thread 55 deconstruct actor 241892558110776
I0910 21:32:22.427222 26958 runtime_context.cpp:27] DecreaseCounter running_actor_cnt, current val is 119
I0910 21:32:22.427233 27019 runtime_context.cpp:27] DecreaseCounter running_actor_cnt, current val is 118
I0910 21:32:22.427305 26958 actor.cpp:330] actor 2 switch to nullptr
I0910 21:32:22.427318 27019 actor.cpp:330] actor 241892558110781 switch to nullptr
I0910 21:32:22.427326 26958 thread.cpp:67] thread 0 deconstruct actor 2
I0910 21:32:22.427342 27019 thread.cpp:67] thread 55 deconstruct actor 241892558110781
I0910 21:32:22.427474 26958 runtime_context.cpp:27] DecreaseCounter running_actor_cnt, current val is 117
I0910 21:32:22.427487 27019 runtime_context.cpp:27] DecreaseCounter running_actor_cnt, current val is 116
I0910 21:32:22.427536 26958 actor.cpp:333] actor 0 switch to &Actor::HandlerZombie
I0910 21:32:22.427549 27019 actor.cpp:330] actor 241892558110780 switch to nullptr
I0910 21:32:22.427569 27019 thread.cpp:67] thread 55 deconstruct actor 241892558110780
I0910 21:32:22.427584 26958 actor.cpp:333] actor 17 switch to &Actor::HandlerZombie
I0910 21:32:22.427620 26958 actor.cpp:333] actor 15 switch to &Actor::HandlerZombie
I0910 21:32:22.427649 26958 actor.cpp:333] actor 11 switch to &Actor::HandlerZombie
I0910 21:32:22.427677 26958 actor.cpp:330] actor 43 switch to nullptr
I0910 21:32:22.427693 26958 thread.cpp:67] thread 0 deconstruct actor 43
I0910 21:32:22.427696 27019 runtime_context.cpp:27] DecreaseCounter running_actor_cnt, current val is 115
I0910 21:32:22.427747 27019 actor.cpp:330] actor 241892558110778 switch to nullptr
I0910 21:32:22.427765 27019 thread.cpp:67] thread 55 deconstruct actor 241892558110778
I0910 21:32:22.427816 26958 runtime_context.cpp:27] DecreaseCounter running_actor_cnt, current val is 114
I0910 21:32:22.427870 26958 actor.cpp:333] actor 9 switch to &Actor::HandlerZombie
I0910 21:32:22.427889 27019 runtime_context.cpp:27] DecreaseCounter running_actor_cnt, current val is 113
I0910 21:32:22.427906 26958 actor.cpp:333] actor 5 switch to &Actor::HandlerZombie
I0910 21:32:22.427942 27019 actor.cpp:330] actor 241892558110777 switch to nullptr
I0910 21:32:22.427949 26958 actor.cpp:333] actor 3 switch to &Actor::HandlerZombie
I0910 21:32:22.427964 27019 thread.cpp:67] thread 55 deconstruct actor 241892558110777
I0910 21:32:22.428004 26958 actor.cpp:333] actor 13 switch to &Actor::HandlerZombie
I0910 21:32:22.428046 26958 actor.cpp:333] actor 7 switch to &Actor::HandlerZombie
I0910 21:32:22.428083 26958 actor.cpp:333] actor 1 switch to &Actor::HandlerZombie
I0910 21:32:22.428117 26958 actor.cpp:333] actor 20 switch to &Actor::HandlerZombie
I0910 21:32:22.428123 27019 runtime_context.cpp:27] DecreaseCounter running_actor_cnt, current val is 112
I0910 21:32:22.428149 26958 actor.cpp:330] actor 18 switch to nullptr
I0910 21:32:22.428146 26962 actor.cpp:333] actor 8796093022208 switch to &Actor::HandlerZombie
I0910 21:32:22.428186 26958 thread.cpp:67] thread 0 deconstruct actor 18
I0910 21:32:22.428194 27019 actor.cpp:330] actor 241892558110724 switch to nullptr
I0910 21:32:22.428254 27019 thread.cpp:67] thread 55 deconstruct actor 241892558110724
I0910 21:32:22.428264 26962 actor.cpp:330] actor 8796093022211 switch to nullptr
I0910 21:32:22.428294 26962 thread.cpp:67] thread 2 deconstruct actor 8796093022211
I0910 21:32:22.428303 26970 actor.cpp:330] actor 26388279066624 switch to nullptr
I0910 21:32:22.428393 27019 runtime_context.cpp:27] DecreaseCounter running_actor_cnt, current val is 111
I0910 21:32:22.428494 26958 runtime_context.cpp:27] DecreaseCounter running_actor_cnt, current val is 110
I0910 21:32:22.428431 26970 thread.cpp:67] thread 6 deconstruct actor 26388279066624
I0910 21:32:22.428532 26958 thread.cpp:67] thread 0 deconstruct actor 17
I0910 21:32:22.428539 27019 actor.cpp:330] actor 241892558110729 switch to nullptr
I0910 21:32:22.428588 27019 thread.cpp:67] thread 55 deconstruct actor 241892558110729
I0910 21:32:22.428606 26962 runtime_context.cpp:27] DecreaseCounter running_actor_cnt, current val is 109
I0910 21:32:22.428613 27020 actor.cpp:330] actor 246290604621824 switch to nullptr
I0910 21:32:22.428683 27020 thread.cpp:67] thread 56 deconstruct actor 246290604621824
I0910 21:32:22.428695 26962 actor.cpp:333] actor 8796093022210 switch to &Actor::HandlerZombie
I0910 21:32:22.428720 27019 runtime_context.cpp:27] DecreaseCounter running_actor_cnt, current val is 108
I0910 21:32:22.428730 26970 runtime_context.cpp:27] DecreaseCounter running_actor_cnt, current val is 107
I0910 21:32:22.428771 27019 actor.cpp:330] actor 241892558110767 switch to nullptr
I0910 21:32:22.428792 27019 thread.cpp:67] thread 55 deconstruct actor 241892558110767
I0910 21:32:22.428818 26958 runtime_context.cpp:27] DecreaseCounter running_actor_cnt, current val is 106
I0910 21:32:22.428825 26970 actor.cpp:330] actor 26388279066625 switch to nullptr
I0910 21:32:22.428881 26958 actor.cpp:330] actor 12 switch to nullptr
I0910 21:32:22.428900 26970 thread.cpp:67] thread 6 deconstruct actor 26388279066625
I0910 21:32:22.428920 27019 runtime_context.cpp:27] DecreaseCounter running_actor_cnt, current val is 104
I0910 21:32:22.428858 26972 actor.cpp:330] actor 35184372088832 switch to nullptr
I0910 21:32:22.428977 27019 actor.cpp:330] actor 241892558110751 switch to nullptr
I0910 21:32:22.428993 26972 thread.cpp:67] thread 8 deconstruct actor 35184372088832
I0910 21:32:22.428925 26962 actor.cpp:330] actor 8796093022209 switch to nullptr
I0910 21:32:22.428906 26958 thread.cpp:67] thread 0 deconstruct actor 12
I0910 21:32:22.428864 27020 runtime_context.cpp:27] DecreaseCounter running_actor_cnt, current val is 105
I0910 21:32:22.429002 27019 thread.cpp:67] thread 55 deconstruct actor 241892558110751
I0910 21:32:22.429046 26962 thread.cpp:67] thread 2 deconstruct actor 8796093022209
I0910 21:32:22.429040 27023 actor.cpp:330] actor 259484744155136 switch to nullptr
I0910 21:32:22.429049 26971 actor.cpp:330] actor 30786325577728 switch to nullptr
I0910 21:32:22.429133 27022 actor.cpp:333] actor 255086697644032 switch to &Actor::HandlerZombie
I0910 21:32:22.429196 27023 thread.cpp:67] thread 59 deconstruct actor 259484744155136
I0910 21:32:22.429198 26972 runtime_context.cpp:27] DecreaseCounter running_actor_cnt, current val is 102
I0910 21:32:22.429325 26958 runtime_context.cpp:27] DecreaseCounter running_actor_cnt, current val is 100
I0910 21:32:22.429244 26971 thread.cpp:67] thread 7 deconstruct actor 30786325577728
I0910 21:32:22.429248 27019 runtime_context.cpp:27] DecreaseCounter running_actor_cnt, current val is 101
I0910 21:32:22.429324 26962 runtime_context.cpp:27] DecreaseCounter running_actor_cnt, current val is 99
I0910 21:32:22.429208 26970 runtime_context.cpp:27] DecreaseCounter running_actor_cnt, current val is 103
I0910 21:32:22.429405 26958 actor.cpp:333] actor 41 switch to &Actor::HandlerZombie
I0910 21:32:22.429459 27019 actor.cpp:330] actor 241892558110735 switch to nullptr
I0910 21:32:22.429522 26962 thread.cpp:67] thread 2 deconstruct actor 8796093022210
I0910 21:32:22.429569 27019 thread.cpp:67] thread 55 deconstruct actor 241892558110735
I0910 21:32:22.429584 26958 actor.cpp:333] actor 40 switch to &Actor::HandlerZombie
I0910 21:32:22.429587 26971 runtime_context.cpp:27] DecreaseCounter running_actor_cnt, current val is 97
I0910 21:32:22.429585 27023 runtime_context.cpp:27] DecreaseCounter running_actor_cnt, current val is 98
I0910 21:32:22.429651 26958 actor.cpp:333] actor 39 switch to &Actor::HandlerZombie
I0910 21:32:22.429739 27019 runtime_context.cpp:27] DecreaseCounter running_actor_cnt, current val is 96
I0910 21:32:22.429792 26962 runtime_context.cpp:27] DecreaseCounter running_actor_cnt, current val is 95
I0910 21:32:22.429875 26958 actor.cpp:333] actor 42 switch to &Actor::HandlerZombie
I0910 21:32:22.429906 27019 actor.cpp:330] actor 241892558110763 switch to nullptr
I0910 21:32:22.429977 27019 thread.cpp:67] thread 55 deconstruct actor 241892558110763
I0910 21:32:22.429986 26958 actor.cpp:333] actor 38 switch to &Actor::HandlerZombie
I0910 21:32:22.429970 27024 actor.cpp:330] actor 263882790666240 switch to nullptr
I0910 21:32:22.430011 26962 actor.cpp:330] actor 8796093022220 switch to nullptr
I0910 21:32:22.430022 26958 actor.cpp:333] actor 37 switch to &Actor::HandlerZombie
I0910 21:32:22.430047 27024 thread.cpp:67] thread 60 deconstruct actor 263882790666240
I0910 21:32:22.430075 26962 thread.cpp:67] thread 2 deconstruct actor 8796093022220
I0910 21:32:22.430091 26958 thread.cpp:67] thread 0 deconstruct actor 11
I0910 21:32:22.430110 27019 runtime_context.cpp:27] DecreaseCounter running_actor_cnt, current val is 94
I0910 21:32:22.430200 27019 actor.cpp:330] actor 241892558110758 switch to nullptr
I0910 21:32:22.430220 27019 thread.cpp:67] thread 55 deconstruct actor 241892558110758
I0910 21:32:22.430248 27024 runtime_context.cpp:27] DecreaseCounter running_actor_cnt, current val is 93
I0910 21:32:22.430346 26962 runtime_context.cpp:27] DecreaseCounter running_actor_cnt, current val is 92
I0910 21:32:22.430358 27019 runtime_context.cpp:27] DecreaseCounter running_actor_cnt, current val is 91
I0910 21:32:22.430398 26958 runtime_context.cpp:27] DecreaseCounter running_actor_cnt, current val is 90
I0910 21:32:22.430439 27019 actor.cpp:330] actor 241892558110756 switch to nullptr
I0910 21:32:22.430444 26962 actor.cpp:330] actor 8796093022219 switch to nullptr
I0910 21:32:22.430462 27019 thread.cpp:67] thread 55 deconstruct actor 241892558110756
I0910 21:32:22.430461 26958 actor.cpp:330] actor 6 switch to nullptr
I0910 21:32:22.430491 26962 thread.cpp:67] thread 2 deconstruct actor 8796093022219
I0910 21:32:22.430524 26958 thread.cpp:67] thread 0 deconstruct actor 6
I0910 21:32:22.430622 27019 runtime_context.cpp:27] DecreaseCounter running_actor_cnt, current val is 89
I0910 21:32:22.430680 27019 actor.cpp:330] actor 241892558110746 switch to nullptr
I0910 21:32:22.430699 27019 thread.cpp:67] thread 55 deconstruct actor 241892558110746
I0910 21:32:22.430743 26962 runtime_context.cpp:27] DecreaseCounter running_actor_cnt, current val is 88
I0910 21:32:22.430805 26958 runtime_context.cpp:27] DecreaseCounter running_actor_cnt, current val is 87
I0910 21:32:22.430831 26962 actor.cpp:330] actor 8796093022218 switch to nullptr
I0910 21:32:22.430835 27019 runtime_context.cpp:27] DecreaseCounter running_actor_cnt, current val is 86
I0910 21:32:22.430840 26958 thread.cpp:67] thread 0 deconstruct actor 5
I0910 21:32:22.430866 26962 thread.cpp:67] thread 2 deconstruct actor 8796093022218
I0910 21:32:22.430917 27019 actor.cpp:330] actor 241892558110740 switch to nullptr
I0910 21:32:22.430939 27019 thread.cpp:67] thread 55 deconstruct actor 241892558110740
I0910 21:32:22.430994 27021 actor.cpp:330] actor 250688651132928 switch to nullptr
I0910 21:32:22.431035 27021 thread.cpp:67] thread 57 deconstruct actor 250688651132928
I0910 21:32:22.431067 27019 runtime_context.cpp:27] DecreaseCounter running_actor_cnt, current val is 85
I0910 21:32:22.431067 26970 actor.cpp:330] actor 26388279066626 switch to nullptr
I0910 21:32:22.431102 26962 runtime_context.cpp:27] DecreaseCounter running_actor_cnt, current val is 84
I0910 21:32:22.431147 26958 runtime_context.cpp:27] DecreaseCounter running_actor_cnt, current val is 83
I0910 21:32:22.431133 26970 thread.cpp:67] thread 6 deconstruct actor 26388279066626
I0910 21:32:22.431128 27019 actor.cpp:330] actor 241892558110727 switch to nullptr
I0910 21:32:22.431207 26958 thread.cpp:67] thread 0 deconstruct actor 15
I0910 21:32:22.431210 27021 runtime_context.cpp:27] DecreaseCounter running_actor_cnt, current val is 82
I0910 21:32:22.431221 26962 actor.cpp:330] actor 8796093022221 switch to nullptr
I0910 21:32:22.431232 27019 thread.cpp:67] thread 55 deconstruct actor 241892558110727
I0910 21:32:22.431368 26962 thread.cpp:67] thread 2 deconstruct actor 8796093022221
I0910 21:32:22.431464 26970 runtime_context.cpp:27] DecreaseCounter running_actor_cnt, current val is 81
I0910 21:32:22.431500 27019 runtime_context.cpp:27] DecreaseCounter running_actor_cnt, current val is 80
I0910 21:32:22.431551 27019 actor.cpp:333] actor 241892558110721 switch to &Actor::HandlerZombie
I0910 21:32:22.431577 26958 runtime_context.cpp:27] DecreaseCounter running_actor_cnt, current val is 79
I0910 21:32:22.431579 26962 runtime_context.cpp:27] DecreaseCounter running_actor_cnt, current val is 78
I0910 21:32:22.431583 27019 actor.cpp:330] actor 241892558110728 switch to nullptr
I0910 21:32:22.431617 26958 thread.cpp:67] thread 0 deconstruct actor 9
I0910 21:32:22.431658 27019 thread.cpp:67] thread 55 deconstruct actor 241892558110728
I0910 21:32:22.431689 26962 actor.cpp:330] actor 8796093022217 switch to nullptr
I0910 21:32:22.431720 26962 thread.cpp:67] thread 2 deconstruct actor 8796093022217
I0910 21:32:22.431807 27019 runtime_context.cpp:27] DecreaseCounter running_actor_cnt, current val is 77
I0910 21:32:22.431859 27019 actor.cpp:330] actor 241892558110750 switch to nullptr
I0910 21:32:22.431877 27019 thread.cpp:67] thread 55 deconstruct actor 241892558110750
I0910 21:32:22.431915 26962 runtime_context.cpp:27] DecreaseCounter running_actor_cnt, current val is 76
I0910 21:32:22.431922 26958 runtime_context.cpp:27] DecreaseCounter running_actor_cnt, current val is 75
I0910 21:32:22.431985 26958 thread.cpp:67] thread 0 deconstruct actor 3
I0910 21:32:22.432003 26962 actor.cpp:330] actor 8796093022216 switch to nullptr
I0910 21:32:22.432004 27019 runtime_context.cpp:27] DecreaseCounter running_actor_cnt, current val is 74
I0910 21:32:22.432037 26962 thread.cpp:67] thread 2 deconstruct actor 8796093022216
I0910 21:32:22.432065 27019 thread.cpp:67] thread 55 deconstruct actor 241892558110721
I0910 21:32:22.432070 27022 thread.cpp:67] thread 58 deconstruct actor 255086697644032
I0910 21:32:22.432211 27019 runtime_context.cpp:27] DecreaseCounter running_actor_cnt, current val is 73
I0910 21:32:22.432263 27019 actor.cpp:330] actor 241892558110757 switch to nullptr
I0910 21:32:22.432271 26962 runtime_context.cpp:27] DecreaseCounter running_actor_cnt, current val is 71
I0910 21:32:22.432287 27019 thread.cpp:67] thread 55 deconstruct actor 241892558110757
I0910 21:32:22.432263 26958 runtime_context.cpp:27] DecreaseCounter running_actor_cnt, current val is 72
I0910 21:32:22.432330 26962 thread.cpp:67] thread 2 deconstruct actor 8796093022208
I0910 21:32:22.432361 26958 thread.cpp:67] thread 0 deconstruct actor 20
I0910 21:32:22.432389 27022 runtime_context.cpp:27] DecreaseCounter running_actor_cnt, current val is 70
I0910 21:32:22.432440 27019 runtime_context.cpp:27] DecreaseCounter running_actor_cnt, current val is 69
I0910 21:32:22.432492 27019 actor.cpp:333] actor 241892558110753 switch to &Actor::HandlerZombie
I0910 21:32:22.432509 26958 runtime_context.cpp:27] DecreaseCounter running_actor_cnt, current val is 68
I0910 21:32:22.432538 27019 actor.cpp:330] actor 241892558110739 switch to nullptr
I0910 21:32:22.432555 27019 thread.cpp:67] thread 55 deconstruct actor 241892558110739
I0910 21:32:22.432551 26958 thread.cpp:67] thread 0 deconstruct actor 1
I0910 21:32:22.432549 26962 runtime_context.cpp:27] DecreaseCounter running_actor_cnt, current val is 67
I0910 21:32:22.432691 27019 runtime_context.cpp:27] DecreaseCounter running_actor_cnt, current val is 66
I0910 21:32:22.432745 27019 actor.cpp:330] actor 241892558110726 switch to nullptr
I0910 21:32:22.432765 27019 thread.cpp:67] thread 55 deconstruct actor 241892558110726
I0910 21:32:22.432824 26958 runtime_context.cpp:27] DecreaseCounter running_actor_cnt, current val is 65
I0910 21:32:22.432858 26958 thread.cpp:67] thread 0 deconstruct actor 0
I0910 21:32:22.432890 27019 runtime_context.cpp:27] DecreaseCounter running_actor_cnt, current val is 64
I0910 21:32:22.432994 27019 actor.cpp:330] actor 241892558110723 switch to nullptr
I0910 21:32:22.433014 27019 thread.cpp:67] thread 55 deconstruct actor 241892558110723
I0910 21:32:22.433101 26958 runtime_context.cpp:27] DecreaseCounter running_actor_cnt, current val is 63
I0910 21:32:22.433135 26958 thread.cpp:67] thread 0 deconstruct actor 7
I0910 21:32:22.433159 27019 runtime_context.cpp:27] DecreaseCounter running_actor_cnt, current val is 62
I0910 21:32:22.433220 27019 actor.cpp:330] actor 241892558110731 switch to nullptr
I0910 21:32:22.433240 27019 thread.cpp:67] thread 55 deconstruct actor 241892558110731
I0910 21:32:22.433359 27019 runtime_context.cpp:27] DecreaseCounter running_actor_cnt, current val is 61
I0910 21:32:22.433391 27019 thread.cpp:67] thread 55 deconstruct actor 241892558110753
I0910 21:32:22.433393 26958 runtime_context.cpp:27] DecreaseCounter running_actor_cnt, current val is 60
I0910 21:32:22.433465 26958 actor.cpp:333] actor 45 switch to &Actor::HandlerZombie
I0910 21:32:22.433502 27019 runtime_context.cpp:27] DecreaseCounter running_actor_cnt, current val is 59
I0910 21:32:22.433511 26958 actor.cpp:333] actor 26 switch to &Actor::HandlerZombie
I0910 21:32:22.433554 27019 actor.cpp:330] actor 241892558110762 switch to nullptr
I0910 21:32:22.433569 26958 actor.cpp:333] actor 21 switch to &Actor::HandlerZombie
I0910 21:32:22.433573 27019 thread.cpp:67] thread 55 deconstruct actor 241892558110762
I0910 21:32:22.433612 26958 actor.cpp:333] actor 24 switch to &Actor::HandlerZombie
I0910 21:32:22.433653 26958 actor.cpp:333] actor 25 switch to &Actor::HandlerZombie
I0910 21:32:22.433688 26958 actor.cpp:333] actor 22 switch to &Actor::HandlerZombie
I0910 21:32:22.433717 27019 runtime_context.cpp:27] DecreaseCounter running_actor_cnt, current val is 58
I0910 21:32:22.433724 26958 actor.cpp:333] actor 23 switch to &Actor::HandlerZombie
I0910 21:32:22.433773 27019 actor.cpp:330] actor 241892558110755 switch to nullptr
I0910 21:32:22.433779 26958 actor.cpp:333] actor 44 switch to &Actor::HandlerZombie
I0910 21:32:22.433795 27019 thread.cpp:67] thread 55 deconstruct actor 241892558110755
I0910 21:32:22.433815 26958 thread.cpp:67] thread 0 deconstruct actor 25
I0910 21:32:22.433843 26962 actor.cpp:330] actor 8796093022222 switch to nullptr
I0910 21:32:22.433876 26962 thread.cpp:67] thread 2 deconstruct actor 8796093022222
I0910 21:32:22.433943 27019 runtime_context.cpp:27] DecreaseCounter running_actor_cnt, current val is 57
I0910 21:32:22.433961 26958 runtime_context.cpp:27] DecreaseCounter running_actor_cnt, current val is 56
I0910 21:32:22.433992 27019 actor.cpp:330] actor 241892558110742 switch to nullptr
I0910 21:32:22.433997 26958 thread.cpp:67] thread 0 deconstruct actor 45
I0910 21:32:22.434015 27019 thread.cpp:67] thread 55 deconstruct actor 241892558110742
I0910 21:32:22.434072 26962 runtime_context.cpp:27] DecreaseCounter running_actor_cnt, current val is 55
I0910 21:32:22.434144 26958 runtime_context.cpp:27] DecreaseCounter running_actor_cnt, current val is 54
I0910 21:32:22.434150 27019 runtime_context.cpp:27] DecreaseCounter running_actor_cnt, current val is 53
I0910 21:32:22.434188 26958 thread.cpp:67] thread 0 deconstruct actor 44
I0910 21:32:22.434234 27019 actor.cpp:330] actor 241892558110722 switch to nullptr
I0910 21:32:22.434255 27019 thread.cpp:67] thread 55 deconstruct actor 241892558110722
I0910 21:32:22.434321 26958 runtime_context.cpp:27] DecreaseCounter running_actor_cnt, current val is 52
I0910 21:32:22.434360 26958 thread.cpp:67] thread 0 deconstruct actor 39
I0910 21:32:22.434396 27019 runtime_context.cpp:27] DecreaseCounter running_actor_cnt, current val is 51
I0910 21:32:22.434443 27019 actor.cpp:330] actor 241892558110734 switch to nullptr
I0910 21:32:22.434461 27019 thread.cpp:67] thread 55 deconstruct actor 241892558110734
I0910 21:32:22.434480 26958 runtime_context.cpp:27] DecreaseCounter running_actor_cnt, current val is 50
I0910 21:32:22.434535 26958 thread.cpp:67] thread 0 deconstruct actor 42
I0910 21:32:22.434583 27019 runtime_context.cpp:27] DecreaseCounter running_actor_cnt, current val is 49
I0910 21:32:22.434648 27019 actor.cpp:333] actor 241892558110760 switch to &Actor::HandlerZombie
I0910 21:32:22.434680 27019 actor.cpp:330] actor 241892558110754 switch to nullptr
I0910 21:32:22.434695 27019 thread.cpp:67] thread 55 deconstruct actor 241892558110754
I0910 21:32:22.434697 26958 runtime_context.cpp:27] DecreaseCounter running_actor_cnt, current val is 48
I0910 21:32:22.434731 26958 thread.cpp:67] thread 0 deconstruct actor 37
I0910 21:32:22.434820 27019 runtime_context.cpp:27] DecreaseCounter running_actor_cnt, current val is 47
I0910 21:32:22.434851 26958 runtime_context.cpp:27] DecreaseCounter running_actor_cnt, current val is 46
I0910 21:32:22.434868 27019 actor.cpp:330] actor 241892558110761 switch to nullptr
I0910 21:32:22.434883 26958 thread.cpp:67] thread 0 deconstruct actor 38
I0910 21:32:22.434890 27019 thread.cpp:67] thread 55 deconstruct actor 241892558110761
I0910 21:32:22.435010 26958 runtime_context.cpp:27] DecreaseCounter running_actor_cnt, current val is 45
I0910 21:32:22.435027 27019 runtime_context.cpp:27] DecreaseCounter running_actor_cnt, current val is 44
I0910 21:32:22.435041 26958 thread.cpp:67] thread 0 deconstruct actor 41
I0910 21:32:22.435079 27019 actor.cpp:330] actor 241892558110745 switch to nullptr
I0910 21:32:22.435098 27019 thread.cpp:67] thread 55 deconstruct actor 241892558110745
I0910 21:32:22.435186 26958 runtime_context.cpp:27] DecreaseCounter running_actor_cnt, current val is 43
I0910 21:32:22.435216 26958 thread.cpp:67] thread 0 deconstruct actor 40
I0910 21:32:22.435231 27019 runtime_context.cpp:27] DecreaseCounter running_actor_cnt, current val is 42
I0910 21:32:22.435290 27019 actor.cpp:333] actor 241892558110732 switch to &Actor::HandlerZombie
I0910 21:32:22.435319 27019 thread.cpp:67] thread 55 deconstruct actor 241892558110760
I0910 21:32:22.435339 26958 runtime_context.cpp:27] DecreaseCounter running_actor_cnt, current val is 41
I0910 21:32:22.435370 26958 thread.cpp:67] thread 0 deconstruct actor 13
I0910 21:32:22.435452 27019 runtime_context.cpp:27] DecreaseCounter running_actor_cnt, current val is 40
I0910 21:32:22.435500 27019 actor.cpp:333] actor 241892558110743 switch to &Actor::HandlerZombie
I0910 21:32:22.435617 26958 runtime_context.cpp:27] DecreaseCounter running_actor_cnt, current val is 39
I0910 21:32:22.435693 26958 actor.cpp:333] actor 31 switch to &Actor::HandlerZombie
I0910 21:32:22.435760 26958 actor.cpp:333] actor 29 switch to &Actor::HandlerZombie
I0910 21:32:22.435806 26958 actor.cpp:333] actor 32 switch to &Actor::HandlerZombie
I0910 21:32:22.435849 26958 actor.cpp:333] actor 33 switch to &Actor::HandlerZombie
I0910 21:32:22.435899 26958 actor.cpp:333] actor 30 switch to &Actor::HandlerZombie
I0910 21:32:22.435950 26958 actor.cpp:333] actor 34 switch to &Actor::HandlerZombie
I0910 21:32:22.435972 26958 thread.cpp:67] thread 0 deconstruct actor 34
I0910 21:32:22.436106 26958 runtime_context.cpp:27] DecreaseCounter running_actor_cnt, current val is 38
I0910 21:32:22.436185 26958 actor.cpp:330] actor 47 switch to nullptr
I0910 21:32:22.436208 26958 thread.cpp:67] thread 0 deconstruct actor 47
I0910 21:32:22.436247 26962 actor.cpp:330] actor 8796093022224 switch to nullptr
I0910 21:32:22.436280 26962 thread.cpp:67] thread 2 deconstruct actor 8796093022224
I0910 21:32:22.436323 26958 runtime_context.cpp:27] DecreaseCounter running_actor_cnt, current val is 37
I0910 21:32:22.436324 27019 actor.cpp:330] actor 241892558110770 switch to nullptr
I0910 21:32:22.436370 27019 thread.cpp:67] thread 55 deconstruct actor 241892558110770
I0910 21:32:22.436384 26958 actor.cpp:330] actor 46 switch to nullptr
I0910 21:32:22.436404 26958 thread.cpp:67] thread 0 deconstruct actor 46
I0910 21:32:22.436486 26962 runtime_context.cpp:27] DecreaseCounter running_actor_cnt, current val is 36
I0910 21:32:22.436506 27019 runtime_context.cpp:27] DecreaseCounter running_actor_cnt, current val is 35
I0910 21:32:22.436525 26958 runtime_context.cpp:27] DecreaseCounter running_actor_cnt, current val is 34
I0910 21:32:22.436575 26962 actor.cpp:330] actor 8796093022223 switch to nullptr
I0910 21:32:22.436600 26958 thread.cpp:67] thread 0 deconstruct actor 21
I0910 21:32:22.436599 27019 actor.cpp:330] actor 241892558110769 switch to nullptr
I0910 21:32:22.436625 26962 thread.cpp:67] thread 2 deconstruct actor 8796093022223
I0910 21:32:22.436691 27019 thread.cpp:67] thread 55 deconstruct actor 241892558110769
I0910 21:32:22.436753 26958 runtime_context.cpp:27] DecreaseCounter running_actor_cnt, current val is 33
I0910 21:32:22.436808 26958 actor.cpp:333] actor 27 switch to &Actor::HandlerZombie
I0910 21:32:22.436843 26958 actor.cpp:333] actor 28 switch to &Actor::HandlerZombie
I0910 21:32:22.436864 26958 thread.cpp:67] thread 0 deconstruct actor 23
I0910 21:32:22.436890 27019 runtime_context.cpp:27] DecreaseCounter running_actor_cnt, current val is 32
I0910 21:32:22.436910 26962 runtime_context.cpp:27] DecreaseCounter running_actor_cnt, current val is 31
I0910 21:32:22.436990 27019 actor.cpp:330] actor 241892558110766 switch to nullptr
I0910 21:32:22.436992 26958 runtime_context.cpp:27] DecreaseCounter running_actor_cnt, current val is 30
I0910 21:32:22.437029 26962 actor.cpp:330] actor 8796093022212 switch to nullptr
I0910 21:32:22.437021 27019 thread.cpp:67] thread 55 deconstruct actor 241892558110766
I0910 21:32:22.437049 26958 thread.cpp:67] thread 0 deconstruct actor 24
I0910 21:32:22.437065 26962 thread.cpp:67] thread 2 deconstruct actor 8796093022212
I0910 21:32:22.437220 26958 runtime_context.cpp:27] DecreaseCounter running_actor_cnt, current val is 29
I0910 21:32:22.437245 27019 runtime_context.cpp:27] DecreaseCounter running_actor_cnt, current val is 28
I0910 21:32:22.437252 26958 thread.cpp:67] thread 0 deconstruct actor 26
I0910 21:32:22.437310 26962 runtime_context.cpp:27] DecreaseCounter running_actor_cnt, current val is 27
I0910 21:32:22.437314 27019 actor.cpp:330] actor 241892558110765 switch to nullptr
I0910 21:32:22.437373 27019 thread.cpp:67] thread 55 deconstruct actor 241892558110765
I0910 21:32:22.437400 26962 actor.cpp:330] actor 8796093022213 switch to nullptr
I0910 21:32:22.437408 26958 runtime_context.cpp:27] DecreaseCounter running_actor_cnt, current val is 26
I0910 21:32:22.437434 26962 thread.cpp:67] thread 2 deconstruct actor 8796093022213
I0910 21:32:22.437461 26958 thread.cpp:67] thread 0 deconstruct actor 22
I0910 21:32:22.437536 27019 runtime_context.cpp:27] DecreaseCounter running_actor_cnt, current val is 25
I0910 21:32:22.437598 27019 actor.cpp:330] actor 241892558110733 switch to nullptr
I0910 21:32:22.437608 26958 runtime_context.cpp:27] DecreaseCounter running_actor_cnt, current val is 24
I0910 21:32:22.437625 27019 thread.cpp:67] thread 55 deconstruct actor 241892558110733
I0910 21:32:22.437654 26958 thread.cpp:67] thread 0 deconstruct actor 28
I0910 21:32:22.437665 26962 runtime_context.cpp:27] DecreaseCounter running_actor_cnt, current val is 23
I0910 21:32:22.437777 26958 runtime_context.cpp:27] DecreaseCounter running_actor_cnt, current val is 22
I0910 21:32:22.437808 27019 runtime_context.cpp:27] DecreaseCounter running_actor_cnt, current val is 21
I0910 21:32:22.437809 26958 thread.cpp:67] thread 0 deconstruct actor 27
I0910 21:32:22.437887 27019 actor.cpp:330] actor 241892558110784 switch to nullptr
I0910 21:32:22.437912 27019 thread.cpp:67] thread 55 deconstruct actor 241892558110784
I0910 21:32:22.437958 26958 runtime_context.cpp:27] DecreaseCounter running_actor_cnt, current val is 20
I0910 21:32:22.437958 27026 actor.cpp:330] actor 272678883688448 switch to nullptr
I0910 21:32:22.438019 26958 actor.cpp:333] actor 36 switch to &Actor::HandlerZombie
I0910 21:32:22.438025 27026 thread.cpp:67] thread 62 deconstruct actor 272678883688448
I0910 21:32:22.438045 26958 thread.cpp:67] thread 0 deconstruct actor 30
I0910 21:32:22.438107 27019 runtime_context.cpp:27] DecreaseCounter running_actor_cnt, current val is 19
I0910 21:32:22.438151 26962 actor.cpp:330] actor 8796093022215 switch to nullptr
I0910 21:32:22.438172 27019 actor.cpp:330] actor 241892558110738 switch to nullptr
I0910 21:32:22.438217 26958 runtime_context.cpp:27] DecreaseCounter running_actor_cnt, current val is 18
I0910 21:32:22.438248 26962 thread.cpp:67] thread 2 deconstruct actor 8796093022215
I0910 21:32:22.438259 27026 runtime_context.cpp:27] DecreaseCounter running_actor_cnt, current val is 17
I0910 21:32:22.438271 27019 thread.cpp:67] thread 55 deconstruct actor 241892558110738
I0910 21:32:22.438323 26958 actor.cpp:333] actor 35 switch to &Actor::HandlerZombie
I0910 21:32:22.438428 26958 thread.cpp:67] thread 0 deconstruct actor 33
I0910 21:32:22.438544 26962 runtime_context.cpp:27] DecreaseCounter running_actor_cnt, current val is 16
I0910 21:32:22.438553 27019 runtime_context.cpp:27] DecreaseCounter running_actor_cnt, current val is 15
I0910 21:32:22.438560 26958 runtime_context.cpp:27] DecreaseCounter running_actor_cnt, current val is 14
I0910 21:32:22.438624 27019 thread.cpp:67] thread 55 deconstruct actor 241892558110732
I0910 21:32:22.438642 26958 thread.cpp:67] thread 0 deconstruct actor 31
I0910 21:32:22.438644 26962 actor.cpp:330] actor 8796093022214 switch to nullptr
I0910 21:32:22.438679 26962 thread.cpp:67] thread 2 deconstruct actor 8796093022214
I0910 21:32:22.438771 26958 runtime_context.cpp:27] DecreaseCounter running_actor_cnt, current val is 13
I0910 21:32:22.438791 27019 runtime_context.cpp:27] DecreaseCounter running_actor_cnt, current val is 12
I0910 21:32:22.438800 26958 thread.cpp:67] thread 0 deconstruct actor 32
I0910 21:32:22.438858 27019 actor.cpp:330] actor 241892558110737 switch to nullptr
I0910 21:32:22.438872 26962 runtime_context.cpp:27] DecreaseCounter running_actor_cnt, current val is 11
I0910 21:32:22.438881 27019 thread.cpp:67] thread 55 deconstruct actor 241892558110737
I0910 21:32:22.438949 26958 runtime_context.cpp:27] DecreaseCounter running_actor_cnt, current val is 10
I0910 21:32:22.438982 26958 thread.cpp:67] thread 0 deconstruct actor 29
I0910 21:32:22.439074 27019 runtime_context.cpp:27] DecreaseCounter running_actor_cnt, current val is 9
I0910 21:32:22.439103 26958 runtime_context.cpp:27] DecreaseCounter running_actor_cnt, current val is 8
I0910 21:32:22.439133 26958 thread.cpp:67] thread 0 deconstruct actor 36
I0910 21:32:22.439134 27019 actor.cpp:330] actor 241892558110749 switch to nullptr
I0910 21:32:22.439172 27019 thread.cpp:67] thread 55 deconstruct actor 241892558110749
I0910 21:32:22.439256 26958 runtime_context.cpp:27] DecreaseCounter running_actor_cnt, current val is 7
I0910 21:32:22.439286 26958 thread.cpp:67] thread 0 deconstruct actor 35
I0910 21:32:22.439340 27019 runtime_context.cpp:27] DecreaseCounter running_actor_cnt, current val is 6
I0910 21:32:22.439393 26958 runtime_context.cpp:27] DecreaseCounter running_actor_cnt, current val is 5
I0910 21:32:22.439402 27019 actor.cpp:330] actor 241892558110744 switch to nullptr
I0910 21:32:22.439441 27019 thread.cpp:67] thread 55 deconstruct actor 241892558110744
I0910 21:32:22.439597 27019 runtime_context.cpp:27] DecreaseCounter running_actor_cnt, current val is 4
I0910 21:32:22.439666 27019 actor.cpp:330] actor 241892558110748 switch to nullptr
I0910 21:32:22.439690 27019 thread.cpp:67] thread 55 deconstruct actor 241892558110748
I0910 21:32:22.439846 27019 runtime_context.cpp:27] DecreaseCounter running_actor_cnt, current val is 3
I0910 21:32:22.439885 27019 thread.cpp:67] thread 55 deconstruct actor 241892558110743
I0910 21:32:22.440043 27019 runtime_context.cpp:27] DecreaseCounter running_actor_cnt, current val is 2
I0910 21:32:22.440104 27019 actor.cpp:330] actor 241892558110783 switch to nullptr
I0910 21:32:22.440129 27019 thread.cpp:67] thread 55 deconstruct actor 241892558110783
I0910 21:32:22.440352 27019 runtime_context.cpp:27] DecreaseCounter running_actor_cnt, current val is 1
I0910 21:32:22.440393 27019 thread.cpp:67] thread 55 deconstruct actor 241892558110771
I0910 21:32:22.440583 27019 runtime_context.cpp:27] DecreaseCounter running_actor_cnt, current val is 0
I0910 21:32:22.440969 26465 global.h:37] DeleteGlobal N7oneflow15RuntimeJobDescsE
I0910 21:32:22.441139 26465 global.h:37] DeleteGlobal N7oneflow6boxing10collective31CollectiveBoxingDeviceCtxPollerE
I0910 21:32:22.441457 26465 global.h:37] DeleteGlobal N7oneflow9ThreadMgrE
I0910 21:32:22.442137 26465 thread_manager.cpp:33] actor thread 0 finish
I0910 21:32:22.442287 26465 thread_manager.cpp:33] actor thread 1 finish
I0910 21:32:22.442461 26465 thread_manager.cpp:33] actor thread 2 finish
I0910 21:32:22.442595 26465 thread_manager.cpp:33] actor thread 3 finish
I0910 21:32:22.442744 26465 thread_manager.cpp:33] actor thread 4 finish
I0910 21:32:22.442837 26465 thread_manager.cpp:33] actor thread 5 finish
I0910 21:32:22.442983 26465 thread_manager.cpp:33] actor thread 6 finish
I0910 21:32:22.443123 26465 thread_manager.cpp:33] actor thread 7 finish
I0910 21:32:22.443266 26465 thread_manager.cpp:33] actor thread 8 finish
I0910 21:32:22.443353 26465 thread_manager.cpp:33] actor thread 9 finish
I0910 21:32:22.443441 26465 thread_manager.cpp:33] actor thread 10 finish
I0910 21:32:22.443521 26465 thread_manager.cpp:33] actor thread 11 finish
I0910 21:32:22.443599 26465 thread_manager.cpp:33] actor thread 12 finish
I0910 21:32:22.443677 26465 thread_manager.cpp:33] actor thread 13 finish
I0910 21:32:22.443750 26465 thread_manager.cpp:33] actor thread 14 finish
I0910 21:32:22.443827 26465 thread_manager.cpp:33] actor thread 15 finish
I0910 21:32:22.443904 26465 thread_manager.cpp:33] actor thread 16 finish
I0910 21:32:22.443984 26465 thread_manager.cpp:33] actor thread 17 finish
I0910 21:32:22.444061 26465 thread_manager.cpp:33] actor thread 18 finish
I0910 21:32:22.444140 26465 thread_manager.cpp:33] actor thread 19 finish
I0910 21:32:22.444262 26465 thread_manager.cpp:33] actor thread 20 finish
I0910 21:32:22.444339 26465 thread_manager.cpp:33] actor thread 21 finish
I0910 21:32:22.444408 26465 thread_manager.cpp:33] actor thread 22 finish
I0910 21:32:22.444480 26465 thread_manager.cpp:33] actor thread 23 finish
I0910 21:32:22.444555 26465 thread_manager.cpp:33] actor thread 24 finish
I0910 21:32:22.444628 26465 thread_manager.cpp:33] actor thread 25 finish
I0910 21:32:22.444711 26465 thread_manager.cpp:33] actor thread 26 finish
I0910 21:32:22.444793 26465 thread_manager.cpp:33] actor thread 27 finish
I0910 21:32:22.444873 26465 thread_manager.cpp:33] actor thread 28 finish
I0910 21:32:22.444953 26465 thread_manager.cpp:33] actor thread 29 finish
I0910 21:32:22.445030 26465 thread_manager.cpp:33] actor thread 30 finish
I0910 21:32:22.445109 26465 thread_manager.cpp:33] actor thread 31 finish
I0910 21:32:22.445194 26465 thread_manager.cpp:33] actor thread 32 finish
I0910 21:32:22.445276 26465 thread_manager.cpp:33] actor thread 33 finish
I0910 21:32:22.445356 26465 thread_manager.cpp:33] actor thread 34 finish
I0910 21:32:22.445434 26465 thread_manager.cpp:33] actor thread 35 finish
I0910 21:32:22.445511 26465 thread_manager.cpp:33] actor thread 36 finish
I0910 21:32:22.445588 26465 thread_manager.cpp:33] actor thread 37 finish
I0910 21:32:22.445665 26465 thread_manager.cpp:33] actor thread 38 finish
I0910 21:32:22.445742 26465 thread_manager.cpp:33] actor thread 39 finish
I0910 21:32:22.445832 26465 thread_manager.cpp:33] actor thread 40 finish
I0910 21:32:22.445910 26465 thread_manager.cpp:33] actor thread 41 finish
I0910 21:32:22.445987 26465 thread_manager.cpp:33] actor thread 42 finish
I0910 21:32:22.446064 26465 thread_manager.cpp:33] actor thread 43 finish
I0910 21:32:22.446142 26465 thread_manager.cpp:33] actor thread 44 finish
I0910 21:32:22.446229 26465 thread_manager.cpp:33] actor thread 45 finish
I0910 21:32:22.446311 26465 thread_manager.cpp:33] actor thread 46 finish
I0910 21:32:22.446410 26465 thread_manager.cpp:33] actor thread 47 finish
I0910 21:32:22.446489 26465 thread_manager.cpp:33] actor thread 48 finish
I0910 21:32:22.446559 26465 thread_manager.cpp:33] actor thread 49 finish
I0910 21:32:22.446636 26465 thread_manager.cpp:33] actor thread 50 finish
I0910 21:32:22.446713 26465 thread_manager.cpp:33] actor thread 51 finish
I0910 21:32:22.446844 26465 thread_manager.cpp:33] actor thread 52 finish
I0910 21:32:22.446945 26465 thread_manager.cpp:33] actor thread 53 finish
I0910 21:32:22.447024 26465 thread_manager.cpp:33] actor thread 54 finish
I0910 21:32:22.447158 26465 thread_manager.cpp:33] actor thread 55 finish
I0910 21:32:22.447295 26465 thread_manager.cpp:33] actor thread 56 finish
I0910 21:32:22.447384 26465 thread_manager.cpp:33] actor thread 57 finish
I0910 21:32:22.447484 26465 thread_manager.cpp:33] actor thread 58 finish
I0910 21:32:22.447615 26465 thread_manager.cpp:33] actor thread 59 finish
I0910 21:32:22.447722 26465 thread_manager.cpp:33] actor thread 60 finish
I0910 21:32:22.447795 26465 thread_manager.cpp:33] actor thread 61 finish
I0910 21:32:22.447921 26465 thread_manager.cpp:33] actor thread 62 finish
I0910 21:32:22.447952 26465 global.h:37] DeleteGlobal N7oneflow11ActorMsgBusE
I0910 21:32:22.447971 26465 global.h:37] DeleteGlobal N7oneflow8RegstMgrE
I0910 21:32:22.452934 26465 global.h:37] DeleteGlobal N7oneflow15MemoryAllocatorE
I0910 21:32:22.456552 26465 global.h:37] DeleteGlobal N7oneflow6boxing10collective24CollectiveBoxingExecutorE
I0910 21:32:22.457130 26465 global.h:37] DeleteGlobal N7oneflow10RuntimeCtxE
I0910 21:32:22.457191 26465 global.h:37] DeleteGlobal N7oneflow7summary12EventsWriterE
I0910 21:32:22.465278 26465 global.h:37] DeleteGlobal N7oneflow24InterJobReuseMemStrategyE
I0910 21:32:22.465436 26465 global.h:37] DeleteGlobal N7oneflow25SessionGlobalObjectsScopeE
I0910 21:32:22.465468 26465 global.h:37] DeleteGlobal N7oneflow26RuntimeBufferManagersScopeE
I0910 21:32:22.465484 26465 global.h:37] DeleteGlobal N7oneflow9BufferMgrISt10shared_ptrINS_18ForeignJobInstanceEEEE
I0910 21:32:22.465540 26465 global.h:37] DeleteGlobal N7oneflow9BufferMgrIlEE
I0910 21:32:22.465580 26465 global.h:37] DeleteGlobal N7oneflow16JobSetCompileCtxE
I0910 21:32:22.465616 26465 global.h:37] DeleteGlobal N7oneflow18LbiDiffWatcherInfoE
I0910 21:32:22.465665 26465 global.h:37] DeleteGlobal N7oneflow26LazyJobBuildAndInferCtxMgrE
I0910 21:32:22.468801 26465 global.h:37] DeleteGlobal N7oneflow16InterUserJobInfoE
I0910 21:32:22.468986 26465 global.h:37] DeleteGlobal N7oneflow19CriticalSectionDescE
I0910 21:32:22.469069 26465 global.h:37] DeleteGlobal St13unordered_mapISslSt4hashISsESt8equal_toISsESaISt4pairIKSslEEE
I0910 21:32:22.469097 26465 global.h:37] DeleteGlobal N7oneflow16AvailableMemDescE
I0910 21:32:22.469120 26465 global.h:37] DeleteGlobal N7oneflow5IDMgrE
I0910 21:32:22.469153 26465 global.h:37] DeleteGlobal N7oneflow12ProfilerConfE
I0910 21:32:22.469172 26465 global.h:37] DeleteGlobal N7oneflow6IOConfE
I0910 21:32:22.469202 26465 global.h:37] DeleteGlobal N7oneflow12ResourceDescE
I0910 21:32:22.469220 26465 global.h:32] NewGlobal N7oneflow12ResourceDescE
