Log file created at: 2020/09/10 21:33:15
Running on machine: oneflow-14
Log line format: [IWEF]mmdd hh:mm:ss.uuuuuu threadid file:line] msg
I0910 21:33:15.362316 28256 global.h:32] NewGlobal 14cudaDeviceProp
I0910 21:33:15.392580 28256 global.h:32] NewGlobal N7oneflow7EnvDescE
I0910 21:33:15.392676 28256 global.h:32] NewGlobal N7oneflow10CtrlServerE
I0910 21:33:15.403998 28256 ctrl_server.cpp:54] CtrlServer listening on 0.0.0.0:42761
I0910 21:33:15.404143 28256 global.h:32] NewGlobal N7oneflow10CtrlClientE
I0910 21:33:15.405652 28256 ctrl_client.cpp:202] LoadServer 127.0.0.1 Successful at 0 times
I0910 21:33:15.405766 28256 global.h:32] NewGlobal N7oneflow10MachineCtxE
I0910 21:33:15.405787 28256 machine_context.cpp:33] this machine id: 0
I0910 21:33:15.405810 28256 global.h:32] NewGlobal N7oneflow12ResourceDescE
I0910 21:33:15.405833 28256 global.h:32] NewGlobal N7oneflow12ResourceDescE
I0910 21:33:15.405853 28256 global.h:32] NewGlobal N7oneflow10ThreadPoolE
I0910 21:33:15.407207 28256 global.h:32] NewGlobal N7oneflow2vm19VirtualMachineScopeE
I0910 21:33:15.407238 28256 global.h:32] NewGlobal N7oneflow9OneflowVME
I0910 21:33:15.426430 28256 global.h:32] NewGlobal N7oneflow27EagerJobBuildAndInferCtxMgrE
I0910 21:33:15.426477 28256 global.h:32] NewGlobal N7oneflow16EagerNcclCommMgrE
I0910 21:33:15.445230 28256 job_desc.cpp:79] Set piece_num_of_experiment_phase 19
I0910 21:33:15.451059 28256 global.h:37] DeleteGlobal N7oneflow12ResourceDescE
I0910 21:33:15.451092 28256 version.cpp:62] OneFlow git version: v0.2b0-snapshot
I0910 21:33:15.451117 28256 version.cpp:70] CUDA runtime version: 10.0
I0910 21:33:15.451130 28256 version.cpp:79] cuDNN version: 7.6.5
I0910 21:33:15.451139 28256 version.cpp:90] NCCL version: 2.7.3
I0910 21:33:15.451148 28256 global.h:32] NewGlobal N7oneflow12ResourceDescE
I0910 21:33:15.451166 28256 global.h:32] NewGlobal N7oneflow6IOConfE
I0910 21:33:15.451197 28256 global.h:32] NewGlobal N7oneflow12ProfilerConfE
I0910 21:33:15.451212 28256 global.h:32] NewGlobal N7oneflow5IDMgrE
I0910 21:33:15.453974 28256 global.h:32] NewGlobal N7oneflow16AvailableMemDescE
I0910 21:33:15.454357 28256 global.h:32] NewGlobal St13unordered_mapISslSt4hashISsESt8equal_toISsESaISt4pairIKSslEEE
I0910 21:33:15.454393 28256 global.h:32] NewGlobal N7oneflow19CriticalSectionDescE
I0910 21:33:15.454414 28256 global.h:32] NewGlobal N7oneflow16InterUserJobInfoE
I0910 21:33:15.454437 28256 global.h:32] NewGlobal N7oneflow26LazyJobBuildAndInferCtxMgrE
I0910 21:33:15.454455 28256 global.h:32] NewGlobal N7oneflow18LbiDiffWatcherInfoE
I0910 21:33:15.454478 28256 global.h:32] NewGlobal N7oneflow16JobSetCompileCtxE
I0910 21:33:15.454501 28256 global.h:32] NewGlobal N7oneflow26RuntimeBufferManagersScopeE
I0910 21:33:15.454514 28256 global.h:32] NewGlobal N7oneflow9BufferMgrIlEE
I0910 21:33:15.454530 28256 global.h:32] NewGlobal N7oneflow9BufferMgrISt10shared_ptrINS_18ForeignJobInstanceEEEE
I0910 21:33:15.454546 28256 oneflow_internal_helper.h:132] NewGlobal N7oneflow25SessionGlobalObjectsScopeE
I0910 21:33:15.458438 28256 job_desc.cpp:79] Set piece_num_of_experiment_phase 19
I0910 21:33:15.460513 28256 global.h:32] NewGlobal N7oneflow7JobDescE
I0910 21:33:15.460558 28256 job_desc.cpp:79] Set piece_num_of_experiment_phase 19
I0910 21:33:15.734947 28256 global.h:37] DeleteGlobal N7oneflow7JobDescE
I0910 21:33:15.735018 28256 global.h:32] NewGlobal N7oneflow7JobDescE
I0910 21:33:15.735049 28256 job_desc.cpp:79] Set piece_num_of_experiment_phase 19
I0910 21:33:15.963855 28256 global.h:37] DeleteGlobal N7oneflow7JobDescE
I0910 21:33:15.965353 28256 global.h:32] NewGlobal N7oneflow24InterJobReuseMemStrategyE
I0910 21:33:15.965386 28256 global.h:32] NewGlobal N7oneflow7OneflowE
I0910 21:33:15.967164 28256 job_desc.cpp:79] Set piece_num_of_experiment_phase 19
I0910 21:33:15.967864 28256 job_desc.cpp:79] Set piece_num_of_experiment_phase 19
I0910 21:33:15.968430 28256 job_desc.cpp:79] Set piece_num_of_experiment_phase 19
I0910 21:33:15.968696 28256 job_desc.cpp:79] Set piece_num_of_experiment_phase 19
I0910 21:33:15.968751 28256 job_desc.cpp:79] Set piece_num_of_experiment_phase 19
I0910 21:33:15.969067 28256 job_desc.cpp:79] Set piece_num_of_experiment_phase 19
I0910 21:33:15.969120 28256 job_desc.cpp:79] Set piece_num_of_experiment_phase 19
I0910 21:33:15.969825 28256 global.h:32] NewGlobal N7oneflow7JobDescE
I0910 21:33:15.969885 28256 job_desc.cpp:79] Set piece_num_of_experiment_phase 19
I0910 21:33:16.349264 28256 global.h:32] NewGlobal N7oneflow7OpGraphE
I0910 21:33:16.443842 28256 global.h:37] DeleteGlobal N7oneflow7OpGraphE
I0910 21:33:16.447960 28256 oneflow.cpp:294] compile time: 4.77756e+08
I0910 21:33:16.482796 28256 oneflow.cpp:301] push_pull_plan:5.12742e+08
I0910 21:33:16.489490 28256 oneflow.cpp:326] compile and improve time: 5.19561e+08
I0910 21:33:16.492631 28256 global.h:37] DeleteGlobal N7oneflow7JobDescE
I0910 21:33:16.492714 28256 global.h:32] NewGlobal N7oneflow7JobDescE
I0910 21:33:16.492748 28256 job_desc.cpp:79] Set piece_num_of_experiment_phase 19
I0910 21:33:16.638123 28256 global.h:32] NewGlobal N7oneflow7OpGraphE
I0910 21:33:16.679111 28256 global.h:37] DeleteGlobal N7oneflow7OpGraphE
I0910 21:33:16.681448 28256 oneflow.cpp:294] compile time: 1.88474e+08
I0910 21:33:16.721225 28256 oneflow.cpp:301] push_pull_plan:2.28294e+08
I0910 21:33:16.727319 28256 oneflow.cpp:326] compile and improve time: 2.34531e+08
I0910 21:33:16.730517 28256 global.h:37] DeleteGlobal N7oneflow7JobDescE
I0910 21:33:16.730718 28256 global.h:32] NewGlobal N7oneflow7JobDescE
I0910 21:33:16.730815 28256 job_desc.cpp:79] Set piece_num_of_experiment_phase 19
I0910 21:33:16.954274 28256 global.h:32] NewGlobal N7oneflow7OpGraphE
I0910 21:33:17.013671 28256 global.h:37] DeleteGlobal N7oneflow7OpGraphE
I0910 21:33:17.016793 28256 oneflow.cpp:294] compile time: 2.85576e+08
I0910 21:33:17.043690 28256 oneflow.cpp:301] push_pull_plan:3.12638e+08
I0910 21:33:17.048403 28256 oneflow.cpp:326] compile and improve time: 3.17438e+08
I0910 21:33:17.050212 28256 global.h:37] DeleteGlobal N7oneflow7JobDescE
I0910 21:33:17.050285 28256 global.h:32] NewGlobal N7oneflow7JobDescE
I0910 21:33:17.050343 28256 job_desc.cpp:79] Set piece_num_of_experiment_phase 19
I0910 21:33:17.236028 28256 global.h:32] NewGlobal N7oneflow7OpGraphE
I0910 21:33:17.296396 28256 global.h:37] DeleteGlobal N7oneflow7OpGraphE
I0910 21:33:17.299752 28256 oneflow.cpp:294] compile time: 2.4906e+08
I0910 21:33:17.329088 28256 oneflow.cpp:301] push_pull_plan:2.78587e+08
I0910 21:33:17.334826 28256 oneflow.cpp:326] compile and improve time: 2.84417e+08
I0910 21:33:17.336915 28256 global.h:37] DeleteGlobal N7oneflow7JobDescE
I0910 21:33:17.337023 28256 global.h:32] NewGlobal N7oneflow7JobDescE
I0910 21:33:17.337067 28256 job_desc.cpp:79] Set piece_num_of_experiment_phase 19
I0910 21:33:17.403937 28256 global.h:32] NewGlobal N7oneflow7OpGraphE
I0910 21:33:17.432802 28256 global.h:37] DeleteGlobal N7oneflow7OpGraphE
I0910 21:33:17.434568 28256 oneflow.cpp:294] compile time: 9.72925e+07
I0910 21:33:17.446954 28256 oneflow.cpp:301] push_pull_plan:1.09765e+08
I0910 21:33:17.449546 28256 oneflow.cpp:326] compile and improve time: 1.12419e+08
I0910 21:33:17.450606 28256 global.h:37] DeleteGlobal N7oneflow7JobDescE
I0910 21:33:17.483203 28256 global.h:32] NewGlobal N7oneflow7JobDescE
I0910 21:33:17.483304 28256 job_desc.cpp:79] Set piece_num_of_experiment_phase 19
I0910 21:33:17.483331 28256 global.h:32] NewGlobal N7oneflow7OpGraphE
I0910 21:33:17.526069 28256 global.h:37] DeleteGlobal N7oneflow7OpGraphE
I0910 21:33:17.528144 28256 oneflow.cpp:294] compile time: 4.46753e+07
I0910 21:33:17.541468 28256 oneflow.cpp:301] push_pull_plan:5.80841e+07
I0910 21:33:17.544312 28256 oneflow.cpp:326] compile and improve time: 6.09766e+07
I0910 21:33:17.545548 28256 global.h:37] DeleteGlobal N7oneflow7JobDescE
I0910 21:33:17.697743 28256 global.h:32] NewGlobal N7oneflow10RuntimeCtxE
I0910 21:33:17.697855 28256 global.h:32] NewGlobal N7oneflow6boxing10collective24CollectiveBoxingExecutorE
I0910 21:33:18.841327 28256 global.h:32] NewGlobal N7oneflow15MemoryAllocatorE
I0910 21:33:18.841524 28256 global.h:32] NewGlobal N7oneflow8RegstMgrE
I0910 21:33:18.866686 28256 global.h:32] NewGlobal N7oneflow11ActorMsgBusE
I0910 21:33:18.866827 28256 global.h:32] NewGlobal N7oneflow9ThreadMgrE
I0910 21:33:18.869168 28256 global.h:32] NewGlobal N7oneflow6boxing10collective31CollectiveBoxingDeviceCtxPollerE
I0910 21:33:18.869395 28256 global.h:32] NewGlobal N7oneflow15RuntimeJobDescsE
I0910 21:33:18.869493 28256 job_desc.cpp:79] Set piece_num_of_experiment_phase 19
I0910 21:33:18.869590 28256 job_desc.cpp:79] Set piece_num_of_experiment_phase 19
I0910 21:33:18.869652 28256 job_desc.cpp:79] Set piece_num_of_experiment_phase 19
I0910 21:33:18.869696 28256 job_desc.cpp:79] Set piece_num_of_experiment_phase 19
I0910 21:33:18.869743 28256 job_desc.cpp:79] Set piece_num_of_experiment_phase 19
I0910 21:33:18.869776 28256 job_desc.cpp:79] Set piece_num_of_experiment_phase 19
I0910 21:33:18.869797 28256 global.h:32] NewGlobal N7oneflow7summary12EventsWriterE
I0910 21:33:18.869951 28256 runtime_context.cpp:21] NewCounter constructing_actor_cnt 132
I0910 21:33:18.871939 28761 thread.cpp:77] thread 55 construct actor 241892558110721
I0910 21:33:18.871960 28698 thread.cpp:77] thread 0 construct actor 20
I0910 21:33:18.872005 28767 thread.cpp:77] thread 61 construct actor 268280837177344
I0910 21:33:18.875579 28761 tick_compute_actor.cpp:22] actor 241892558110721 switch to &TickComputeActor::HandlerNormal
I0910 21:33:18.875875 28761 runtime_context.cpp:27] DecreaseCounter constructing_actor_cnt, current val is 131
I0910 21:33:18.875941 28761 thread.cpp:77] thread 55 construct actor 241892558110731
I0910 21:33:18.877861 28761 tick_compute_actor.cpp:22] actor 241892558110731 switch to &TickComputeActor::HandlerNormal
I0910 21:33:18.878227 28761 runtime_context.cpp:27] DecreaseCounter constructing_actor_cnt, current val is 130
I0910 21:33:18.878274 28761 thread.cpp:77] thread 55 construct actor 241892558110742
I0910 21:33:18.878674 28698 tick_compute_actor.cpp:22] actor 20 switch to &TickComputeActor::HandlerNormal
I0910 21:33:18.878897 28698 runtime_context.cpp:27] DecreaseCounter constructing_actor_cnt, current val is 129
I0910 21:33:18.878949 28698 thread.cpp:77] thread 0 construct actor 27
I0910 21:33:18.880008 28761 tick_compute_actor.cpp:22] actor 241892558110742 switch to &TickComputeActor::HandlerNormal
I0910 21:33:18.880252 28761 runtime_context.cpp:27] DecreaseCounter constructing_actor_cnt, current val is 128
I0910 21:33:18.880298 28761 thread.cpp:77] thread 55 construct actor 241892558110753
I0910 21:33:18.880959 28698 tick_compute_actor.cpp:22] actor 27 switch to &TickComputeActor::HandlerNormal
I0910 21:33:18.881187 28698 runtime_context.cpp:27] DecreaseCounter constructing_actor_cnt, current val is 127
I0910 21:33:18.881239 28698 thread.cpp:77] thread 0 construct actor 28
I0910 21:33:18.882889 28761 tick_compute_actor.cpp:22] actor 241892558110753 switch to &TickComputeActor::HandlerNormal
I0910 21:33:18.882995 28698 tick_compute_actor.cpp:22] actor 28 switch to &TickComputeActor::HandlerNormal
I0910 21:33:18.883074 28761 runtime_context.cpp:27] DecreaseCounter constructing_actor_cnt, current val is 126
I0910 21:33:18.883124 28761 thread.cpp:77] thread 55 construct actor 241892558110758
I0910 21:33:18.883163 28698 runtime_context.cpp:27] DecreaseCounter constructing_actor_cnt, current val is 125
I0910 21:33:18.883215 28698 thread.cpp:77] thread 0 construct actor 35
I0910 21:33:18.884729 28761 tick_compute_actor.cpp:22] actor 241892558110758 switch to &TickComputeActor::HandlerNormal
I0910 21:33:18.884865 28698 tick_compute_actor.cpp:22] actor 35 switch to &TickComputeActor::HandlerNormal
I0910 21:33:18.884908 28761 runtime_context.cpp:27] DecreaseCounter constructing_actor_cnt, current val is 124
I0910 21:33:18.885037 28698 runtime_context.cpp:27] DecreaseCounter constructing_actor_cnt, current val is 123
I0910 21:33:18.885078 28698 thread.cpp:77] thread 0 construct actor 36
I0910 21:33:18.886751 28698 tick_compute_actor.cpp:22] actor 36 switch to &TickComputeActor::HandlerNormal
I0910 21:33:18.886932 28698 runtime_context.cpp:27] DecreaseCounter constructing_actor_cnt, current val is 122
I0910 21:33:18.887130 28698 thread.cpp:77] thread 0 construct actor 44
I0910 21:33:18.888839 28698 tick_compute_actor.cpp:22] actor 44 switch to &TickComputeActor::HandlerNormal
I0910 21:33:18.889010 28698 runtime_context.cpp:27] DecreaseCounter constructing_actor_cnt, current val is 121
I0910 21:33:18.889071 28698 thread.cpp:77] thread 0 construct actor 46
I0910 21:33:18.890703 28698 tick_compute_actor.cpp:22] actor 46 switch to &TickComputeActor::HandlerNormal
I0910 21:33:18.890869 28698 runtime_context.cpp:27] DecreaseCounter constructing_actor_cnt, current val is 120
I0910 21:33:18.890913 28698 thread.cpp:77] thread 0 construct actor 47
I0910 21:33:18.892627 28698 tick_compute_actor.cpp:22] actor 47 switch to &TickComputeActor::HandlerNormal
I0910 21:33:18.892838 28698 runtime_context.cpp:27] DecreaseCounter constructing_actor_cnt, current val is 119
I0910 21:33:18.905467 28698 thread.cpp:77] thread 0 construct actor 0
I0910 21:33:18.905488 28703 thread.cpp:77] thread 2 construct actor 8796093022208
I0910 21:33:18.905488 28761 thread.cpp:77] thread 55 construct actor 241892558110722
I0910 21:33:18.905611 28713 thread.cpp:77] thread 7 construct actor 30786325577728
I0910 21:33:18.905634 28712 thread.cpp:77] thread 6 construct actor 26388279066624
I0910 21:33:18.905766 28768 thread.cpp:77] thread 62 construct actor 272678883688448
I0910 21:33:18.905793 28714 thread.cpp:77] thread 8 construct actor 35184372088832
I0910 21:33:18.905766 28763 thread.cpp:77] thread 57 construct actor 250688651132928
I0910 21:33:18.905767 28765 thread.cpp:77] thread 59 construct actor 259484744155136
I0910 21:33:18.905804 28762 thread.cpp:77] thread 56 construct actor 246290604621824
I0910 21:33:18.908982 28713 normal_forward_compute_actor.cpp:28] actor 30786325577728 switch to &NormalForwardCompActor::HandlerNormal
I0910 21:33:18.905810 28766 thread.cpp:77] thread 60 construct actor 263882790666240
I0910 21:33:18.905807 28764 thread.cpp:77] thread 58 construct actor 255086697644032
I0910 21:33:18.909255 28768 sink_compute_actor.cpp:21] actor 272678883688448 switch to &SinkCompActor::HandlerNormal
I0910 21:33:18.909327 28713 runtime_context.cpp:27] DecreaseCounter constructing_actor_cnt, current val is 118
I0910 21:33:18.909350 28712 normal_forward_compute_actor.cpp:28] actor 26388279066624 switch to &NormalForwardCompActor::HandlerNormal
I0910 21:33:18.909528 28714 normal_forward_compute_actor.cpp:28] actor 35184372088832 switch to &NormalForwardCompActor::HandlerNormal
I0910 21:33:18.909654 28768 runtime_context.cpp:27] DecreaseCounter constructing_actor_cnt, current val is 117
I0910 21:33:18.909828 28712 runtime_context.cpp:27] DecreaseCounter constructing_actor_cnt, current val is 116
I0910 21:33:18.909893 28714 runtime_context.cpp:27] DecreaseCounter constructing_actor_cnt, current val is 115
I0910 21:33:18.909885 28698 normal_forward_compute_actor.cpp:28] actor 0 switch to &NormalForwardCompActor::HandlerNormal
I0910 21:33:18.909814 28761 tick_compute_actor.cpp:22] actor 241892558110722 switch to &TickComputeActor::HandlerNormal
I0910 21:33:18.909919 28712 thread.cpp:77] thread 6 construct actor 26388279066625
I0910 21:33:18.910148 28698 runtime_context.cpp:27] DecreaseCounter constructing_actor_cnt, current val is 114
I0910 21:33:18.910199 28761 runtime_context.cpp:27] DecreaseCounter constructing_actor_cnt, current val is 113
I0910 21:33:18.910272 28698 thread.cpp:77] thread 0 construct actor 1
I0910 21:33:18.910334 28761 thread.cpp:77] thread 55 construct actor 241892558110723
I0910 21:33:18.910785 28764 normal_forward_compute_actor.cpp:28] actor 255086697644032 switch to &NormalForwardCompActor::HandlerNormal
I0910 21:33:18.910908 28763 normal_forward_compute_actor.cpp:28] actor 250688651132928 switch to &NormalForwardCompActor::HandlerNormal
I0910 21:33:18.910944 28765 normal_forward_compute_actor.cpp:28] actor 259484744155136 switch to &NormalForwardCompActor::HandlerNormal
I0910 21:33:18.911000 28764 runtime_context.cpp:27] DecreaseCounter constructing_actor_cnt, current val is 112
I0910 21:33:18.911207 28763 runtime_context.cpp:27] DecreaseCounter constructing_actor_cnt, current val is 111
I0910 21:33:18.911211 28703 copy_hd_actor.cpp:23] actor 8796093022208 switch to &CopyHdActor::HandlerNormal
I0910 21:33:18.911242 28762 normal_forward_compute_actor.cpp:28] actor 246290604621824 switch to &NormalForwardCompActor::HandlerNormal
I0910 21:33:18.911306 28765 runtime_context.cpp:27] DecreaseCounter constructing_actor_cnt, current val is 110
I0910 21:33:18.911494 28766 normal_forward_compute_actor.cpp:28] actor 263882790666240 switch to &NormalForwardCompActor::HandlerNormal
I0910 21:33:18.911543 28703 runtime_context.cpp:27] DecreaseCounter constructing_actor_cnt, current val is 109
I0910 21:33:18.911628 28703 thread.cpp:77] thread 2 construct actor 8796093022209
I0910 21:33:18.911656 28762 runtime_context.cpp:27] DecreaseCounter constructing_actor_cnt, current val is 108
I0910 21:33:18.911749 28766 runtime_context.cpp:27] DecreaseCounter constructing_actor_cnt, current val is 107
I0910 21:33:18.912067 28761 tick_compute_actor.cpp:22] actor 241892558110723 switch to &TickComputeActor::HandlerNormal
I0910 21:33:18.912261 28761 runtime_context.cpp:27] DecreaseCounter constructing_actor_cnt, current val is 106
I0910 21:33:18.912317 28761 thread.cpp:77] thread 55 construct actor 241892558110724
I0910 21:33:18.914134 28761 tick_compute_actor.cpp:22] actor 241892558110724 switch to &TickComputeActor::HandlerNormal
I0910 21:33:18.914371 28761 runtime_context.cpp:27] DecreaseCounter constructing_actor_cnt, current val is 105
I0910 21:33:18.914384 28703 copy_hd_actor.cpp:23] actor 8796093022209 switch to &CopyHdActor::HandlerNormal
I0910 21:33:18.914429 28761 thread.cpp:77] thread 55 construct actor 241892558110784
I0910 21:33:18.914597 28703 runtime_context.cpp:27] DecreaseCounter constructing_actor_cnt, current val is 104
I0910 21:33:18.914656 28703 thread.cpp:77] thread 2 construct actor 8796093022210
I0910 21:33:18.915060 28698 normal_forward_compute_actor.cpp:28] actor 1 switch to &NormalForwardCompActor::HandlerNormal
I0910 21:33:18.915414 28698 runtime_context.cpp:27] DecreaseCounter constructing_actor_cnt, current val is 103
I0910 21:33:18.915457 28698 thread.cpp:77] thread 0 construct actor 2
I0910 21:33:18.916406 28761 esac_compute_actor.cpp:36] actor 241892558110784 switch to &EsacCompActor::HandlerNormal
I0910 21:33:18.916610 28761 runtime_context.cpp:27] DecreaseCounter constructing_actor_cnt, current val is 102
I0910 21:33:18.916647 28761 thread.cpp:77] thread 55 construct actor 241892558110726
I0910 21:33:18.917279 28703 copy_hd_actor.cpp:23] actor 8796093022210 switch to &CopyHdActor::HandlerNormal
I0910 21:33:18.917312 28698 normal_forward_compute_actor.cpp:28] actor 2 switch to &NormalForwardCompActor::HandlerNormal
I0910 21:33:18.917495 28703 runtime_context.cpp:27] DecreaseCounter constructing_actor_cnt, current val is 101
I0910 21:33:18.917534 28703 thread.cpp:77] thread 2 construct actor 8796093022211
I0910 21:33:18.917551 28698 runtime_context.cpp:27] DecreaseCounter constructing_actor_cnt, current val is 100
I0910 21:33:18.917593 28698 thread.cpp:77] thread 0 construct actor 3
I0910 21:33:18.918401 28761 tick_compute_actor.cpp:22] actor 241892558110726 switch to &TickComputeActor::HandlerNormal
I0910 21:33:18.918529 28712 normal_forward_compute_actor.cpp:28] actor 26388279066625 switch to &NormalForwardCompActor::HandlerNormal
I0910 21:33:18.918589 28761 runtime_context.cpp:27] DecreaseCounter constructing_actor_cnt, current val is 99
I0910 21:33:18.918628 28761 thread.cpp:77] thread 55 construct actor 241892558110727
I0910 21:33:18.918830 28712 runtime_context.cpp:27] DecreaseCounter constructing_actor_cnt, current val is 98
I0910 21:33:18.918957 28712 thread.cpp:77] thread 6 construct actor 26388279066626
I0910 21:33:18.919914 28703 copy_hd_actor.cpp:23] actor 8796093022211 switch to &CopyHdActor::HandlerNormal
I0910 21:33:18.920099 28703 runtime_context.cpp:27] DecreaseCounter constructing_actor_cnt, current val is 97
I0910 21:33:18.920140 28703 thread.cpp:77] thread 2 construct actor 8796093022212
I0910 21:33:18.920316 28761 tick_compute_actor.cpp:22] actor 241892558110727 switch to &TickComputeActor::HandlerNormal
I0910 21:33:18.920598 28761 runtime_context.cpp:27] DecreaseCounter constructing_actor_cnt, current val is 96
I0910 21:33:18.920665 28761 thread.cpp:77] thread 55 construct actor 241892558110728
I0910 21:33:18.922248 28698 normal_forward_compute_actor.cpp:28] actor 3 switch to &NormalForwardCompActor::HandlerNormal
I0910 21:33:18.922363 28761 tick_compute_actor.cpp:22] actor 241892558110728 switch to &TickComputeActor::HandlerNormal
I0910 21:33:18.922439 28703 copy_hd_actor.cpp:23] actor 8796093022212 switch to &CopyHdActor::HandlerNormal
I0910 21:33:18.922518 28698 runtime_context.cpp:27] DecreaseCounter constructing_actor_cnt, current val is 95
I0910 21:33:18.922528 28761 runtime_context.cpp:27] DecreaseCounter constructing_actor_cnt, current val is 94
I0910 21:33:18.922562 28698 thread.cpp:77] thread 0 construct actor 4
I0910 21:33:18.922595 28703 runtime_context.cpp:27] DecreaseCounter constructing_actor_cnt, current val is 93
I0910 21:33:18.922616 28761 thread.cpp:77] thread 55 construct actor 241892558110729
I0910 21:33:18.922652 28703 thread.cpp:77] thread 2 construct actor 8796093022213
I0910 21:33:18.924221 28698 normal_forward_compute_actor.cpp:28] actor 4 switch to &NormalForwardCompActor::HandlerNormal
I0910 21:33:18.924237 28761 tick_compute_actor.cpp:22] actor 241892558110729 switch to &TickComputeActor::HandlerNormal
I0910 21:33:18.924429 28698 runtime_context.cpp:27] DecreaseCounter constructing_actor_cnt, current val is 92
I0910 21:33:18.924444 28761 runtime_context.cpp:27] DecreaseCounter constructing_actor_cnt, current val is 91
I0910 21:33:18.924472 28698 thread.cpp:77] thread 0 construct actor 5
I0910 21:33:18.924501 28761 thread.cpp:77] thread 55 construct actor 241892558110783
I0910 21:33:18.924955 28703 copy_hd_actor.cpp:23] actor 8796093022213 switch to &CopyHdActor::HandlerNormal
I0910 21:33:18.925134 28703 runtime_context.cpp:27] DecreaseCounter constructing_actor_cnt, current val is 90
I0910 21:33:18.925194 28703 thread.cpp:77] thread 2 construct actor 8796093022214
I0910 21:33:18.926018 28712 normal_forward_compute_actor.cpp:28] actor 26388279066626 switch to &NormalForwardCompActor::HandlerNormal
I0910 21:33:18.926306 28712 runtime_context.cpp:27] DecreaseCounter constructing_actor_cnt, current val is 89
I0910 21:33:18.926524 28761 esac_compute_actor.cpp:36] actor 241892558110783 switch to &EsacCompActor::HandlerNormal
I0910 21:33:18.926725 28761 runtime_context.cpp:27] DecreaseCounter constructing_actor_cnt, current val is 88
I0910 21:33:18.926777 28761 thread.cpp:77] thread 55 construct actor 241892558110732
I0910 21:33:18.927489 28703 copy_hd_actor.cpp:23] actor 8796093022214 switch to &CopyHdActor::HandlerNormal
I0910 21:33:18.927662 28703 runtime_context.cpp:27] DecreaseCounter constructing_actor_cnt, current val is 87
I0910 21:33:18.927697 28703 thread.cpp:77] thread 2 construct actor 8796093022215
I0910 21:33:18.928395 28761 tick_compute_actor.cpp:22] actor 241892558110732 switch to &TickComputeActor::HandlerNormal
I0910 21:33:18.928576 28761 runtime_context.cpp:27] DecreaseCounter constructing_actor_cnt, current val is 86
I0910 21:33:18.928634 28761 thread.cpp:77] thread 55 construct actor 241892558110733
I0910 21:33:18.928846 28698 normal_forward_compute_actor.cpp:28] actor 5 switch to &NormalForwardCompActor::HandlerNormal
I0910 21:33:18.929111 28698 runtime_context.cpp:27] DecreaseCounter constructing_actor_cnt, current val is 85
I0910 21:33:18.929167 28698 thread.cpp:77] thread 0 construct actor 6
I0910 21:33:18.929936 28703 copy_hd_actor.cpp:23] actor 8796093022215 switch to &CopyHdActor::HandlerNormal
I0910 21:33:18.930099 28703 runtime_context.cpp:27] DecreaseCounter constructing_actor_cnt, current val is 84
I0910 21:33:18.930132 28703 thread.cpp:77] thread 2 construct actor 8796093022216
I0910 21:33:18.930133 28761 tick_compute_actor.cpp:22] actor 241892558110733 switch to &TickComputeActor::HandlerNormal
I0910 21:33:18.930317 28761 runtime_context.cpp:27] DecreaseCounter constructing_actor_cnt, current val is 83
I0910 21:33:18.930408 28761 thread.cpp:77] thread 55 construct actor 241892558110734
I0910 21:33:18.931877 28761 tick_compute_actor.cpp:22] actor 241892558110734 switch to &TickComputeActor::HandlerNormal
I0910 21:33:18.932075 28761 runtime_context.cpp:27] DecreaseCounter constructing_actor_cnt, current val is 82
I0910 21:33:18.932111 28761 thread.cpp:77] thread 55 construct actor 241892558110735
I0910 21:33:18.932337 28703 copy_hd_actor.cpp:23] actor 8796093022216 switch to &CopyHdActor::HandlerNormal
I0910 21:33:18.932500 28703 runtime_context.cpp:27] DecreaseCounter constructing_actor_cnt, current val is 81
I0910 21:33:18.932549 28703 thread.cpp:77] thread 2 construct actor 8796093022217
I0910 21:33:18.933176 28698 normal_forward_compute_actor.cpp:28] actor 6 switch to &NormalForwardCompActor::HandlerNormal
I0910 21:33:18.933419 28698 runtime_context.cpp:27] DecreaseCounter constructing_actor_cnt, current val is 80
I0910 21:33:18.933456 28698 thread.cpp:77] thread 0 construct actor 7
I0910 21:33:18.933799 28761 tick_compute_actor.cpp:22] actor 241892558110735 switch to &TickComputeActor::HandlerNormal
I0910 21:33:18.933977 28761 runtime_context.cpp:27] DecreaseCounter constructing_actor_cnt, current val is 79
I0910 21:33:18.934028 28761 thread.cpp:77] thread 55 construct actor 241892558110782
I0910 21:33:18.934733 28703 copy_hd_actor.cpp:23] actor 8796093022217 switch to &CopyHdActor::HandlerNormal
I0910 21:33:18.934901 28703 runtime_context.cpp:27] DecreaseCounter constructing_actor_cnt, current val is 78
I0910 21:33:18.934949 28703 thread.cpp:77] thread 2 construct actor 8796093022218
I0910 21:33:18.935523 28761 tick_compute_actor.cpp:22] actor 241892558110782 switch to &TickComputeActor::HandlerNormal
I0910 21:33:18.935693 28761 runtime_context.cpp:27] DecreaseCounter constructing_actor_cnt, current val is 77
I0910 21:33:18.935729 28761 thread.cpp:77] thread 55 construct actor 241892558110737
I0910 21:33:18.937134 28703 copy_hd_actor.cpp:23] actor 8796093022218 switch to &CopyHdActor::HandlerNormal
I0910 21:33:18.937232 28761 tick_compute_actor.cpp:22] actor 241892558110737 switch to &TickComputeActor::HandlerNormal
I0910 21:33:18.937314 28703 runtime_context.cpp:27] DecreaseCounter constructing_actor_cnt, current val is 76
I0910 21:33:18.937350 28703 thread.cpp:77] thread 2 construct actor 8796093022219
I0910 21:33:18.937361 28698 normal_forward_compute_actor.cpp:28] actor 7 switch to &NormalForwardCompActor::HandlerNormal
I0910 21:33:18.937383 28761 runtime_context.cpp:27] DecreaseCounter constructing_actor_cnt, current val is 75
I0910 21:33:18.937441 28761 thread.cpp:77] thread 55 construct actor 241892558110738
I0910 21:33:18.937598 28698 runtime_context.cpp:27] DecreaseCounter constructing_actor_cnt, current val is 74
I0910 21:33:18.937652 28698 thread.cpp:77] thread 0 construct actor 8
I0910 21:33:18.938932 28761 tick_compute_actor.cpp:22] actor 241892558110738 switch to &TickComputeActor::HandlerNormal
I0910 21:33:18.939096 28761 runtime_context.cpp:27] DecreaseCounter constructing_actor_cnt, current val is 73
I0910 21:33:18.939131 28761 thread.cpp:77] thread 55 construct actor 241892558110739
I0910 21:33:18.939215 28698 normal_forward_compute_actor.cpp:28] actor 8 switch to &NormalForwardCompActor::HandlerNormal
I0910 21:33:18.939376 28698 runtime_context.cpp:27] DecreaseCounter constructing_actor_cnt, current val is 72
I0910 21:33:18.939435 28698 thread.cpp:77] thread 0 construct actor 9
I0910 21:33:18.939513 28703 copy_hd_actor.cpp:23] actor 8796093022219 switch to &CopyHdActor::HandlerNormal
I0910 21:33:18.939654 28703 runtime_context.cpp:27] DecreaseCounter constructing_actor_cnt, current val is 71
I0910 21:33:18.939702 28703 thread.cpp:77] thread 2 construct actor 8796093022220
I0910 21:33:18.940621 28761 tick_compute_actor.cpp:22] actor 241892558110739 switch to &TickComputeActor::HandlerNormal
I0910 21:33:18.940788 28761 runtime_context.cpp:27] DecreaseCounter constructing_actor_cnt, current val is 70
I0910 21:33:18.940836 28761 thread.cpp:77] thread 55 construct actor 241892558110740
I0910 21:33:18.941747 28703 copy_hd_actor.cpp:23] actor 8796093022220 switch to &CopyHdActor::HandlerNormal
I0910 21:33:18.941951 28703 runtime_context.cpp:27] DecreaseCounter constructing_actor_cnt, current val is 69
I0910 21:33:18.942010 28703 thread.cpp:77] thread 2 construct actor 8796093022221
I0910 21:33:18.942360 28761 tick_compute_actor.cpp:22] actor 241892558110740 switch to &TickComputeActor::HandlerNormal
I0910 21:33:18.942528 28761 runtime_context.cpp:27] DecreaseCounter constructing_actor_cnt, current val is 68
I0910 21:33:18.942576 28761 thread.cpp:77] thread 55 construct actor 241892558110781
I0910 21:33:18.943431 28698 normal_forward_compute_actor.cpp:28] actor 9 switch to &NormalForwardCompActor::HandlerNormal
I0910 21:33:18.943670 28698 runtime_context.cpp:27] DecreaseCounter constructing_actor_cnt, current val is 67
I0910 21:33:18.943722 28698 thread.cpp:77] thread 0 construct actor 10
I0910 21:33:18.944032 28761 tick_compute_actor.cpp:22] actor 241892558110781 switch to &TickComputeActor::HandlerNormal
I0910 21:33:18.944077 28703 copy_hd_actor.cpp:23] actor 8796093022221 switch to &CopyHdActor::HandlerNormal
I0910 21:33:18.944206 28761 runtime_context.cpp:27] DecreaseCounter constructing_actor_cnt, current val is 66
I0910 21:33:18.944229 28703 runtime_context.cpp:27] DecreaseCounter constructing_actor_cnt, current val is 65
I0910 21:33:18.944242 28761 thread.cpp:77] thread 55 construct actor 241892558110743
I0910 21:33:18.944267 28703 thread.cpp:77] thread 2 construct actor 8796093022222
I0910 21:33:18.945215 28698 normal_forward_compute_actor.cpp:28] actor 10 switch to &NormalForwardCompActor::HandlerNormal
I0910 21:33:18.945385 28698 runtime_context.cpp:27] DecreaseCounter constructing_actor_cnt, current val is 64
I0910 21:33:18.945420 28698 thread.cpp:77] thread 0 construct actor 11
I0910 21:33:18.945770 28761 tick_compute_actor.cpp:22] actor 241892558110743 switch to &TickComputeActor::HandlerNormal
I0910 21:33:18.945933 28761 runtime_context.cpp:27] DecreaseCounter constructing_actor_cnt, current val is 63
I0910 21:33:18.945966 28761 thread.cpp:77] thread 55 construct actor 241892558110744
I0910 21:33:18.946367 28703 copy_hd_actor.cpp:23] actor 8796093022222 switch to &CopyHdActor::HandlerNormal
I0910 21:33:18.946540 28703 runtime_context.cpp:27] DecreaseCounter constructing_actor_cnt, current val is 62
I0910 21:33:18.946573 28703 thread.cpp:77] thread 2 construct actor 8796093022223
I0910 21:33:18.947401 28761 tick_compute_actor.cpp:22] actor 241892558110744 switch to &TickComputeActor::HandlerNormal
I0910 21:33:18.947566 28761 runtime_context.cpp:27] DecreaseCounter constructing_actor_cnt, current val is 61
I0910 21:33:18.947620 28761 thread.cpp:77] thread 55 construct actor 241892558110745
I0910 21:33:18.948308 28767 wait_and_send_ids_compute_actor.cpp:27] actor 268280837177344 switch to &WaitAndSendIdsCompActor::HandlerWaitToStart
I0910 21:33:18.948438 28767 runtime_context.cpp:27] DecreaseCounter constructing_actor_cnt, current val is 60
I0910 21:33:18.948645 28703 copy_hd_actor.cpp:23] actor 8796093022223 switch to &CopyHdActor::HandlerNormal
I0910 21:33:18.948783 28703 runtime_context.cpp:27] DecreaseCounter constructing_actor_cnt, current val is 59
I0910 21:33:18.948814 28703 thread.cpp:77] thread 2 construct actor 8796093022224
I0910 21:33:18.949039 28761 tick_compute_actor.cpp:22] actor 241892558110745 switch to &TickComputeActor::HandlerNormal
I0910 21:33:18.949154 28698 normal_forward_compute_actor.cpp:28] actor 11 switch to &NormalForwardCompActor::HandlerNormal
I0910 21:33:18.949203 28761 runtime_context.cpp:27] DecreaseCounter constructing_actor_cnt, current val is 58
I0910 21:33:18.949236 28761 thread.cpp:77] thread 55 construct actor 241892558110746
I0910 21:33:18.949383 28698 runtime_context.cpp:27] DecreaseCounter constructing_actor_cnt, current val is 57
I0910 21:33:18.949437 28698 thread.cpp:77] thread 0 construct actor 12
I0910 21:33:18.950749 28761 tick_compute_actor.cpp:22] actor 241892558110746 switch to &TickComputeActor::HandlerNormal
I0910 21:33:18.950767 28703 copy_hd_actor.cpp:23] actor 8796093022224 switch to &CopyHdActor::HandlerNormal
I0910 21:33:18.950963 28761 runtime_context.cpp:27] DecreaseCounter constructing_actor_cnt, current val is 56
I0910 21:33:18.951018 28761 thread.cpp:77] thread 55 construct actor 241892558110780
I0910 21:33:18.951087 28703 runtime_context.cpp:27] DecreaseCounter constructing_actor_cnt, current val is 55
I0910 21:33:18.952492 28761 tick_compute_actor.cpp:22] actor 241892558110780 switch to &TickComputeActor::HandlerNormal
I0910 21:33:18.952651 28761 runtime_context.cpp:27] DecreaseCounter constructing_actor_cnt, current val is 54
I0910 21:33:18.952684 28761 thread.cpp:77] thread 55 construct actor 241892558110748
I0910 21:33:18.953044 28698 normal_forward_compute_actor.cpp:28] actor 12 switch to &NormalForwardCompActor::HandlerNormal
I0910 21:33:18.953274 28698 runtime_context.cpp:27] DecreaseCounter constructing_actor_cnt, current val is 53
I0910 21:33:18.953327 28698 thread.cpp:77] thread 0 construct actor 13
I0910 21:33:18.954077 28761 tick_compute_actor.cpp:22] actor 241892558110748 switch to &TickComputeActor::HandlerNormal
I0910 21:33:18.954270 28761 runtime_context.cpp:27] DecreaseCounter constructing_actor_cnt, current val is 52
I0910 21:33:18.954318 28761 thread.cpp:77] thread 55 construct actor 241892558110749
I0910 21:33:18.955664 28761 tick_compute_actor.cpp:22] actor 241892558110749 switch to &TickComputeActor::HandlerNormal
I0910 21:33:18.955823 28761 runtime_context.cpp:27] DecreaseCounter constructing_actor_cnt, current val is 51
I0910 21:33:18.955871 28761 thread.cpp:77] thread 55 construct actor 241892558110750
I0910 21:33:18.956895 28698 normal_forward_compute_actor.cpp:28] actor 13 switch to &NormalForwardCompActor::HandlerNormal
I0910 21:33:18.957123 28698 runtime_context.cpp:27] DecreaseCounter constructing_actor_cnt, current val is 50
I0910 21:33:18.957173 28698 thread.cpp:77] thread 0 construct actor 14
I0910 21:33:18.957304 28761 tick_compute_actor.cpp:22] actor 241892558110750 switch to &TickComputeActor::HandlerNormal
I0910 21:33:18.957476 28761 runtime_context.cpp:27] DecreaseCounter constructing_actor_cnt, current val is 49
I0910 21:33:18.957522 28761 thread.cpp:77] thread 55 construct actor 241892558110751
I0910 21:33:18.958619 28698 normal_forward_compute_actor.cpp:28] actor 14 switch to &NormalForwardCompActor::HandlerNormal
I0910 21:33:18.958789 28698 runtime_context.cpp:27] DecreaseCounter constructing_actor_cnt, current val is 48
I0910 21:33:18.958823 28698 thread.cpp:77] thread 0 construct actor 15
I0910 21:33:18.958931 28761 tick_compute_actor.cpp:22] actor 241892558110751 switch to &TickComputeActor::HandlerNormal
I0910 21:33:18.959089 28761 runtime_context.cpp:27] DecreaseCounter constructing_actor_cnt, current val is 47
I0910 21:33:18.959136 28761 thread.cpp:77] thread 55 construct actor 241892558110779
I0910 21:33:18.960512 28761 tick_compute_actor.cpp:22] actor 241892558110779 switch to &TickComputeActor::HandlerNormal
I0910 21:33:18.960669 28761 runtime_context.cpp:27] DecreaseCounter constructing_actor_cnt, current val is 46
I0910 21:33:18.960716 28761 thread.cpp:77] thread 55 construct actor 241892558110754
I0910 21:33:18.962070 28761 tick_compute_actor.cpp:22] actor 241892558110754 switch to &TickComputeActor::HandlerNormal
I0910 21:33:18.962237 28761 runtime_context.cpp:27] DecreaseCounter constructing_actor_cnt, current val is 45
I0910 21:33:18.962286 28761 thread.cpp:77] thread 55 construct actor 241892558110755
I0910 21:33:18.962535 28698 normal_forward_compute_actor.cpp:28] actor 15 switch to &NormalForwardCompActor::HandlerNormal
I0910 21:33:18.962771 28698 runtime_context.cpp:27] DecreaseCounter constructing_actor_cnt, current val is 44
I0910 21:33:18.962818 28698 thread.cpp:77] thread 0 construct actor 16
I0910 21:33:18.963650 28761 tick_compute_actor.cpp:22] actor 241892558110755 switch to &TickComputeActor::HandlerNormal
I0910 21:33:18.963809 28761 runtime_context.cpp:27] DecreaseCounter constructing_actor_cnt, current val is 43
I0910 21:33:18.963855 28761 thread.cpp:77] thread 55 construct actor 241892558110756
I0910 21:33:18.964167 28698 normal_forward_compute_actor.cpp:28] actor 16 switch to &NormalForwardCompActor::HandlerNormal
I0910 21:33:18.964361 28698 runtime_context.cpp:27] DecreaseCounter constructing_actor_cnt, current val is 42
I0910 21:33:18.964416 28698 thread.cpp:77] thread 0 construct actor 17
I0910 21:33:18.965508 28761 tick_compute_actor.cpp:22] actor 241892558110756 switch to &TickComputeActor::HandlerNormal
I0910 21:33:18.965672 28761 runtime_context.cpp:27] DecreaseCounter constructing_actor_cnt, current val is 41
I0910 21:33:18.965718 28761 thread.cpp:77] thread 55 construct actor 241892558110757
I0910 21:33:18.967134 28761 tick_compute_actor.cpp:22] actor 241892558110757 switch to &TickComputeActor::HandlerNormal
I0910 21:33:18.967298 28761 runtime_context.cpp:27] DecreaseCounter constructing_actor_cnt, current val is 40
I0910 21:33:18.967330 28761 thread.cpp:77] thread 55 construct actor 241892558110778
I0910 21:33:18.967875 28698 normal_forward_compute_actor.cpp:28] actor 17 switch to &NormalForwardCompActor::HandlerNormal
I0910 21:33:18.968101 28698 runtime_context.cpp:27] DecreaseCounter constructing_actor_cnt, current val is 39
I0910 21:33:18.968150 28698 thread.cpp:77] thread 0 construct actor 18
I0910 21:33:18.968772 28761 tick_compute_actor.cpp:22] actor 241892558110778 switch to &TickComputeActor::HandlerNormal
I0910 21:33:18.968930 28761 runtime_context.cpp:27] DecreaseCounter constructing_actor_cnt, current val is 38
I0910 21:33:18.968976 28761 thread.cpp:77] thread 55 construct actor 241892558110760
I0910 21:33:18.970340 28761 tick_compute_actor.cpp:22] actor 241892558110760 switch to &TickComputeActor::HandlerNormal
I0910 21:33:18.970491 28761 runtime_context.cpp:27] DecreaseCounter constructing_actor_cnt, current val is 37
I0910 21:33:18.970522 28761 thread.cpp:77] thread 55 construct actor 241892558110761
I0910 21:33:18.971575 28698 normal_forward_compute_actor.cpp:28] actor 18 switch to &NormalForwardCompActor::HandlerNormal
I0910 21:33:18.971787 28698 runtime_context.cpp:27] DecreaseCounter constructing_actor_cnt, current val is 36
I0910 21:33:18.971810 28761 tick_compute_actor.cpp:22] actor 241892558110761 switch to &TickComputeActor::HandlerNormal
I0910 21:33:18.971837 28698 thread.cpp:77] thread 0 construct actor 19
I0910 21:33:18.971959 28761 runtime_context.cpp:27] DecreaseCounter constructing_actor_cnt, current val is 35
I0910 21:33:18.972007 28761 thread.cpp:77] thread 55 construct actor 241892558110762
I0910 21:33:18.973201 28698 tick_compute_actor.cpp:22] actor 19 switch to &TickComputeActor::HandlerNormal
I0910 21:33:18.973307 28761 tick_compute_actor.cpp:22] actor 241892558110762 switch to &TickComputeActor::HandlerNormal
I0910 21:33:18.973352 28698 runtime_context.cpp:27] DecreaseCounter constructing_actor_cnt, current val is 34
I0910 21:33:18.973405 28698 thread.cpp:77] thread 0 construct actor 21
I0910 21:33:18.973445 28761 runtime_context.cpp:27] DecreaseCounter constructing_actor_cnt, current val is 33
I0910 21:33:18.973495 28761 thread.cpp:77] thread 55 construct actor 241892558110763
I0910 21:33:18.974790 28698 normal_forward_compute_actor.cpp:28] actor 21 switch to &NormalForwardCompActor::HandlerNormal
I0910 21:33:18.974802 28761 tick_compute_actor.cpp:22] actor 241892558110763 switch to &TickComputeActor::HandlerNormal
I0910 21:33:18.974951 28698 runtime_context.cpp:27] DecreaseCounter constructing_actor_cnt, current val is 32
I0910 21:33:18.974969 28761 runtime_context.cpp:27] DecreaseCounter constructing_actor_cnt, current val is 31
I0910 21:33:18.974985 28698 thread.cpp:77] thread 0 construct actor 22
I0910 21:33:18.975006 28761 thread.cpp:77] thread 55 construct actor 241892558110777
I0910 21:33:18.976330 28761 tick_compute_actor.cpp:22] actor 241892558110777 switch to &TickComputeActor::HandlerNormal
I0910 21:33:18.976395 28698 normal_forward_compute_actor.cpp:28] actor 22 switch to &NormalForwardCompActor::HandlerNormal
I0910 21:33:18.976480 28761 runtime_context.cpp:27] DecreaseCounter constructing_actor_cnt, current val is 30
I0910 21:33:18.976538 28698 runtime_context.cpp:27] DecreaseCounter constructing_actor_cnt, current val is 29
I0910 21:33:18.976544 28761 thread.cpp:77] thread 55 construct actor 241892558110765
I0910 21:33:18.976577 28698 thread.cpp:77] thread 0 construct actor 23
I0910 21:33:18.977897 28761 tick_compute_actor.cpp:22] actor 241892558110765 switch to &TickComputeActor::HandlerNormal
I0910 21:33:18.977982 28698 normal_forward_compute_actor.cpp:28] actor 23 switch to &NormalForwardCompActor::HandlerNormal
I0910 21:33:18.978081 28761 runtime_context.cpp:27] DecreaseCounter constructing_actor_cnt, current val is 28
I0910 21:33:18.978116 28761 thread.cpp:77] thread 55 construct actor 241892558110766
I0910 21:33:18.978127 28698 runtime_context.cpp:27] DecreaseCounter constructing_actor_cnt, current val is 27
I0910 21:33:18.978159 28698 thread.cpp:77] thread 0 construct actor 24
I0910 21:33:18.979385 28761 tick_compute_actor.cpp:22] actor 241892558110766 switch to &TickComputeActor::HandlerNormal
I0910 21:33:18.979535 28761 runtime_context.cpp:27] DecreaseCounter constructing_actor_cnt, current val is 26
I0910 21:33:18.979573 28698 normal_forward_compute_actor.cpp:28] actor 24 switch to &NormalForwardCompActor::HandlerNormal
I0910 21:33:18.979580 28761 thread.cpp:77] thread 55 construct actor 241892558110767
I0910 21:33:18.979722 28698 runtime_context.cpp:27] DecreaseCounter constructing_actor_cnt, current val is 25
I0910 21:33:18.979754 28698 thread.cpp:77] thread 0 construct actor 25
I0910 21:33:18.980906 28761 tick_compute_actor.cpp:22] actor 241892558110767 switch to &TickComputeActor::HandlerNormal
I0910 21:33:18.981062 28761 runtime_context.cpp:27] DecreaseCounter constructing_actor_cnt, current val is 24
I0910 21:33:18.981108 28761 thread.cpp:77] thread 55 construct actor 241892558110776
I0910 21:33:18.981140 28698 normal_forward_compute_actor.cpp:28] actor 25 switch to &NormalForwardCompActor::HandlerNormal
I0910 21:33:18.981302 28698 runtime_context.cpp:27] DecreaseCounter constructing_actor_cnt, current val is 23
I0910 21:33:18.981346 28698 thread.cpp:77] thread 0 construct actor 26
I0910 21:33:18.982424 28761 tick_compute_actor.cpp:22] actor 241892558110776 switch to &TickComputeActor::HandlerNormal
I0910 21:33:18.982571 28761 runtime_context.cpp:27] DecreaseCounter constructing_actor_cnt, current val is 22
I0910 21:33:18.982601 28761 thread.cpp:77] thread 55 construct actor 241892558110769
I0910 21:33:18.982733 28698 normal_forward_compute_actor.cpp:28] actor 26 switch to &NormalForwardCompActor::HandlerNormal
I0910 21:33:18.982878 28698 runtime_context.cpp:27] DecreaseCounter constructing_actor_cnt, current val is 21
I0910 21:33:18.982925 28698 thread.cpp:77] thread 0 construct actor 29
I0910 21:33:18.983873 28761 tick_compute_actor.cpp:22] actor 241892558110769 switch to &TickComputeActor::HandlerNormal
I0910 21:33:18.984022 28761 runtime_context.cpp:27] DecreaseCounter constructing_actor_cnt, current val is 20
I0910 21:33:18.984053 28761 thread.cpp:77] thread 55 construct actor 241892558110770
I0910 21:33:18.984280 28698 normal_forward_compute_actor.cpp:28] actor 29 switch to &NormalForwardCompActor::HandlerNormal
I0910 21:33:18.984432 28698 runtime_context.cpp:27] DecreaseCounter constructing_actor_cnt, current val is 19
I0910 21:33:18.984464 28698 thread.cpp:77] thread 0 construct actor 30
I0910 21:33:18.985309 28761 tick_compute_actor.cpp:22] actor 241892558110770 switch to &TickComputeActor::HandlerNormal
I0910 21:33:18.985463 28761 runtime_context.cpp:27] DecreaseCounter constructing_actor_cnt, current val is 18
I0910 21:33:18.985509 28761 thread.cpp:77] thread 55 construct actor 241892558110771
I0910 21:33:18.985756 28698 normal_forward_compute_actor.cpp:28] actor 30 switch to &NormalForwardCompActor::HandlerNormal
I0910 21:33:18.985913 28698 runtime_context.cpp:27] DecreaseCounter constructing_actor_cnt, current val is 17
I0910 21:33:18.985957 28698 thread.cpp:77] thread 0 construct actor 31
I0910 21:33:18.986886 28761 reentrant_lock_compute_actor.cpp:37] actor 241892558110771 switch to &ReentrantLockCompActor::HandlerNormal
I0910 21:33:18.987138 28761 runtime_context.cpp:27] DecreaseCounter constructing_actor_cnt, current val is 16
I0910 21:33:18.987195 28761 thread.cpp:77] thread 55 construct actor 241892558110772
I0910 21:33:18.987293 28698 normal_forward_compute_actor.cpp:28] actor 31 switch to &NormalForwardCompActor::HandlerNormal
I0910 21:33:18.987432 28698 runtime_context.cpp:27] DecreaseCounter constructing_actor_cnt, current val is 15
I0910 21:33:18.987478 28698 thread.cpp:77] thread 0 construct actor 32
I0910 21:33:18.988816 28698 normal_forward_compute_actor.cpp:28] actor 32 switch to &NormalForwardCompActor::HandlerNormal
I0910 21:33:18.988970 28698 runtime_context.cpp:27] DecreaseCounter constructing_actor_cnt, current val is 14
I0910 21:33:18.988998 28698 thread.cpp:77] thread 0 construct actor 33
I0910 21:33:18.990326 28698 normal_forward_compute_actor.cpp:28] actor 33 switch to &NormalForwardCompActor::HandlerNormal
I0910 21:33:18.990460 28698 runtime_context.cpp:27] DecreaseCounter constructing_actor_cnt, current val is 13
I0910 21:33:18.990489 28698 thread.cpp:77] thread 0 construct actor 34
I0910 21:33:18.991761 28698 normal_forward_compute_actor.cpp:28] actor 34 switch to &NormalForwardCompActor::HandlerNormal
I0910 21:33:18.991945 28698 runtime_context.cpp:27] DecreaseCounter constructing_actor_cnt, current val is 12
I0910 21:33:18.991973 28698 thread.cpp:77] thread 0 construct actor 37
I0910 21:33:18.993265 28698 normal_forward_compute_actor.cpp:28] actor 37 switch to &NormalForwardCompActor::HandlerNormal
I0910 21:33:18.993412 28698 runtime_context.cpp:27] DecreaseCounter constructing_actor_cnt, current val is 11
I0910 21:33:18.993443 28698 thread.cpp:77] thread 0 construct actor 38
I0910 21:33:18.994686 28698 normal_forward_compute_actor.cpp:28] actor 38 switch to &NormalForwardCompActor::HandlerNormal
I0910 21:33:18.994807 28761 case_compute_actor.cpp:31] actor 241892558110772 switch to &CaseCompActor::HandlerNormal
I0910 21:33:18.994817 28698 runtime_context.cpp:27] DecreaseCounter constructing_actor_cnt, current val is 10
I0910 21:33:18.994869 28698 thread.cpp:77] thread 0 construct actor 39
I0910 21:33:18.995012 28761 runtime_context.cpp:27] DecreaseCounter constructing_actor_cnt, current val is 9
I0910 21:33:18.995057 28761 thread.cpp:77] thread 55 construct actor 241892558110773
I0910 21:33:18.996114 28698 normal_forward_compute_actor.cpp:28] actor 39 switch to &NormalForwardCompActor::HandlerNormal
I0910 21:33:18.996271 28698 runtime_context.cpp:27] DecreaseCounter constructing_actor_cnt, current val is 8
I0910 21:33:18.996300 28698 thread.cpp:77] thread 0 construct actor 40
I0910 21:33:18.996305 28761 tick_compute_actor.cpp:22] actor 241892558110773 switch to &TickComputeActor::HandlerNormal
I0910 21:33:18.996445 28761 runtime_context.cpp:27] DecreaseCounter constructing_actor_cnt, current val is 7
I0910 21:33:18.996490 28761 thread.cpp:77] thread 55 construct actor 241892558110774
I0910 21:33:18.997560 28698 normal_forward_compute_actor.cpp:28] actor 40 switch to &NormalForwardCompActor::HandlerNormal
I0910 21:33:18.997735 28698 runtime_context.cpp:27] DecreaseCounter constructing_actor_cnt, current val is 6
I0910 21:33:18.997737 28761 tick_compute_actor.cpp:22] actor 241892558110774 switch to &TickComputeActor::HandlerNormal
I0910 21:33:18.997781 28698 thread.cpp:77] thread 0 construct actor 41
I0910 21:33:18.997900 28761 runtime_context.cpp:27] DecreaseCounter constructing_actor_cnt, current val is 5
I0910 21:33:18.997931 28761 thread.cpp:77] thread 55 construct actor 241892558110775
I0910 21:33:18.999024 28698 normal_forward_compute_actor.cpp:28] actor 41 switch to &NormalForwardCompActor::HandlerNormal
I0910 21:33:18.999135 28761 tick_compute_actor.cpp:22] actor 241892558110775 switch to &TickComputeActor::HandlerNormal
I0910 21:33:18.999171 28698 runtime_context.cpp:27] DecreaseCounter constructing_actor_cnt, current val is 4
I0910 21:33:18.999209 28698 thread.cpp:77] thread 0 construct actor 42
I0910 21:33:18.999264 28761 runtime_context.cpp:27] DecreaseCounter constructing_actor_cnt, current val is 3
I0910 21:33:19.000404 28698 normal_forward_compute_actor.cpp:28] actor 42 switch to &NormalForwardCompActor::HandlerNormal
I0910 21:33:19.000558 28698 runtime_context.cpp:27] DecreaseCounter constructing_actor_cnt, current val is 2
I0910 21:33:19.000588 28698 thread.cpp:77] thread 0 construct actor 43
I0910 21:33:19.001760 28698 tick_compute_actor.cpp:22] actor 43 switch to &TickComputeActor::HandlerNormal
I0910 21:33:19.001938 28698 runtime_context.cpp:27] DecreaseCounter constructing_actor_cnt, current val is 1
I0910 21:33:19.001968 28698 thread.cpp:77] thread 0 construct actor 45
I0910 21:33:19.003201 28698 normal_forward_compute_actor.cpp:28] actor 45 switch to &NormalForwardCompActor::HandlerNormal
